Copyright 1986-2022 Xilinx, Inc. All Rights Reserved. Copyright 2022-2025 Advanced Micro Devices, Inc. All Rights Reserved.
------------------------------------------------------------------------------------------------------------------------------------------------------------------------------------------------------------------------------------
| Tool Version : Vivado v.2025.2 (win64) Build 6299465 Fri Nov 14 19:35:11 GMT 2025
| Date         : Tue Apr 14 18:40:42 2026
| Host         : johnnylov01 running 64-bit major release  (build 9200)
| Command      : report_timing_summary -max_paths 10 -routable_nets -report_unconstrained -file Extensor_timing_summary_routed.rpt -pb Extensor_timing_summary_routed.pb -rpx Extensor_timing_summary_routed.rpx -warn_on_violation
| Design       : Extensor
| Device       : 7a100t-csg324
| Speed File   : -1  PRODUCTION 1.23 2018-06-13
| Design State : Routed
------------------------------------------------------------------------------------------------------------------------------------------------------------------------------------------------------------------------------------

Timing Summary Report

------------------------------------------------------------------------------------------------
| Timer Settings
| --------------
------------------------------------------------------------------------------------------------

  Enable Multi Corner Analysis               :  Yes
  Enable Pessimism Removal                   :  Yes
  Pessimism Removal Resolution               :  Nearest Common Node
  Enable Input Delay Default Clock           :  No
  Enable Preset / Clear Arcs                 :  No
  Disable Flight Delays                      :  No
  Ignore I/O Paths                           :  No
  Timing Early Launch at Borrowing Latches   :  No
  Borrow Time for Max Delay Exceptions       :  Yes
  Merge Timing Exceptions                    :  Yes
  Inter-SLR Compensation                     :  Conservative

  Corner  Analyze    Analyze    
  Name    Max Paths  Min Paths  
  ------  ---------  ---------  
  Slow    Yes        Yes        
  Fast    Yes        Yes        


------------------------------------------------------------------------------------------------
| Report Methodology
| ------------------
------------------------------------------------------------------------------------------------

No report available as report_methodology has not been run prior. Run report_methodology on the current design for the summary of methodology violations.



check_timing report

Table of Contents
-----------------
1. checking no_clock (0)
2. checking constant_clock (0)
3. checking pulse_width_clock (0)
4. checking unconstrained_internal_endpoints (0)
5. checking no_input_delay (0)
6. checking no_output_delay (0)
7. checking multiple_clock (0)
8. checking generated_clocks (0)
9. checking loops (0)
10. checking partial_input_delay (0)
11. checking partial_output_delay (0)
12. checking latch_loops (0)

1. checking no_clock (0)
------------------------
 There are 0 register/latch pins with no clock.


2. checking constant_clock (0)
------------------------------
 There are 0 register/latch pins with constant_clock.


3. checking pulse_width_clock (0)
---------------------------------
 There are 0 register/latch pins which need pulse_width check


4. checking unconstrained_internal_endpoints (0)
------------------------------------------------
 There are 0 pins that are not constrained for maximum delay.

 There are 0 pins that are not constrained for maximum delay due to constant clock.


5. checking no_input_delay (0)
------------------------------
 There are 0 input ports with no input delay specified.

 There are 0 input ports with no input delay but user has a false path constraint.


6. checking no_output_delay (0)
-------------------------------
 There are 0 ports with no output delay specified.

 There are 0 ports with no output delay but user has a false path constraint

 There are 0 ports with no output delay but with a timing clock defined on it or propagating through it


7. checking multiple_clock (0)
------------------------------
 There are 0 register/latch pins with multiple clocks.


8. checking generated_clocks (0)
--------------------------------
 There are 0 generated clocks that are not connected to a clock source.


9. checking loops (0)
---------------------
 There are 0 combinational loops in the design.


10. checking partial_input_delay (0)
------------------------------------
 There are 0 input ports with partial input delay specified.


11. checking partial_output_delay (0)
-------------------------------------
 There are 0 ports with partial output delay specified.


12. checking latch_loops (0)
----------------------------
 There are 0 combinational latch loops in the design through latch input



------------------------------------------------------------------------------------------------
| Design Timing Summary
| ---------------------
------------------------------------------------------------------------------------------------

    WNS(ns)      TNS(ns)  TNS Failing Endpoints  TNS Total Endpoints      WHS(ns)      THS(ns)  THS Failing Endpoints  THS Total Endpoints     WPWS(ns)     TPWS(ns)  TPWS Failing Endpoints  TPWS Total Endpoints  
    -------      -------  ---------------------  -------------------      -------      -------  ---------------------  -------------------     --------     --------  ----------------------  --------------------  
        inf        0.000                      0                    8          inf        0.000                      0                    8           NA           NA                      NA                    NA  


There are no user specified timing constraints.


------------------------------------------------------------------------------------------------
| Clock Summary
| -------------
------------------------------------------------------------------------------------------------


------------------------------------------------------------------------------------------------
| Intra Clock Table
| -----------------
------------------------------------------------------------------------------------------------

Clock             WNS(ns)      TNS(ns)  TNS Failing Endpoints  TNS Total Endpoints      WHS(ns)      THS(ns)  THS Failing Endpoints  THS Total Endpoints     WPWS(ns)     TPWS(ns)  TPWS Failing Endpoints  TPWS Total Endpoints  
-----             -------      -------  ---------------------  -------------------      -------      -------  ---------------------  -------------------     --------     --------  ----------------------  --------------------  


------------------------------------------------------------------------------------------------
| Inter Clock Table
| -----------------
------------------------------------------------------------------------------------------------

From Clock    To Clock          WNS(ns)      TNS(ns)  TNS Failing Endpoints  TNS Total Endpoints      WHS(ns)      THS(ns)  THS Failing Endpoints  THS Total Endpoints  
----------    --------          -------      -------  ---------------------  -------------------      -------      -------  ---------------------  -------------------  


------------------------------------------------------------------------------------------------
| Other Path Groups Table
| -----------------------
------------------------------------------------------------------------------------------------

Path Group    From Clock    To Clock          WNS(ns)      TNS(ns)  TNS Failing Endpoints  TNS Total Endpoints      WHS(ns)      THS(ns)  THS Failing Endpoints  THS Total Endpoints  
----------    ----------    --------          -------      -------  ---------------------  -------------------      -------      -------  ---------------------  -------------------  


------------------------------------------------------------------------------------------------
| User Ignored Path Table
| -----------------------
------------------------------------------------------------------------------------------------

Path Group    From Clock    To Clock    
----------    ----------    --------    


------------------------------------------------------------------------------------------------
| Unconstrained Path Table
| ------------------------
------------------------------------------------------------------------------------------------

Path Group    From Clock    To Clock    
----------    ----------    --------    
(none)                                    


------------------------------------------------------------------------------------------------
| Timing Details
| --------------
------------------------------------------------------------------------------------------------


--------------------------------------------------------------------------------------
Path Group:  (none)
From Clock:  
  To Clock:  

Max Delay             8 Endpoints
Min Delay             8 Endpoints
--------------------------------------------------------------------------------------


Max Delay Paths
--------------------------------------------------------------------------------------
Slack:                    inf
  Source:                 immSrc[1]
                            (input port)
  Destination:            immExt[6]
                            (output port)
  Path Group:             (none)
  Path Type:              Max at Slow Process Corner
  Data Path Delay:        10.580ns  (logic 5.392ns (50.964%)  route 5.188ns (49.036%))
  Logic Levels:           3  (IBUF=1 LUT5=1 OBUF=1)

    Location             Delay type                Incr(ns)  Path(ns)    Netlist Resource(s)
  -------------------------------------------------------------------    -------------------
    E17                                               0.000     0.000 r  immSrc[1] (IN)
                         net (fo=0)                   0.000     0.000    immSrc[1]
    E17                  IBUF (Prop_ibuf_I_O)         1.483     1.483 r  immSrc_IBUF[1]_inst/O
                         net (fo=8, routed)           2.209     3.692    immSrc_IBUF[1]
    SLICE_X0Y106         LUT5 (Prop_lut5_I3_O)        0.152     3.844 r  immExt_OBUF[6]_inst_i_1/O
                         net (fo=1, routed)           2.978     6.823    immExt_OBUF[6]
    U17                  OBUF (Prop_obuf_I_O)         3.757    10.580 r  immExt_OBUF[6]_inst/O
                         net (fo=0)                   0.000    10.580    immExt[6]
    U17                                                               r  immExt[6] (OUT)
  -------------------------------------------------------------------    -------------------

Slack:                    inf
  Source:                 immSrc[1]
                            (input port)
  Destination:            immExt[7]
                            (output port)
  Path Group:             (none)
  Path Type:              Max at Slow Process Corner
  Data Path Delay:        10.365ns  (logic 5.162ns (49.805%)  route 5.203ns (50.195%))
  Logic Levels:           3  (IBUF=1 LUT4=1 OBUF=1)

    Location             Delay type                Incr(ns)  Path(ns)    Netlist Resource(s)
  -------------------------------------------------------------------    -------------------
    E17                                               0.000     0.000 r  immSrc[1] (IN)
                         net (fo=0)                   0.000     0.000    immSrc[1]
    E17                  IBUF (Prop_ibuf_I_O)         1.483     1.483 r  immSrc_IBUF[1]_inst/O
                         net (fo=8, routed)           2.209     3.692    immSrc_IBUF[1]
    SLICE_X0Y106         LUT4 (Prop_lut4_I2_O)        0.124     3.816 r  immExt_OBUF[7]_inst_i_1/O
                         net (fo=1, routed)           2.993     6.809    immExt_OBUF[7]
    U16                  OBUF (Prop_obuf_I_O)         3.555    10.365 r  immExt_OBUF[7]_inst/O
                         net (fo=0)                   0.000    10.365    immExt[7]
    U16                                                               r  immExt[7] (OUT)
  -------------------------------------------------------------------    -------------------

Slack:                    inf
  Source:                 imm[4]
                            (input port)
  Destination:            immExt[5]
                            (output port)
  Path Group:             (none)
  Path Type:              Max at Slow Process Corner
  Data Path Delay:        10.329ns  (logic 5.143ns (49.790%)  route 5.186ns (50.210%))
  Logic Levels:           3  (IBUF=1 LUT5=1 OBUF=1)

    Location             Delay type                Incr(ns)  Path(ns)    Netlist Resource(s)
  -------------------------------------------------------------------    -------------------
    F16                                               0.000     0.000 r  imm[4] (IN)
                         net (fo=0)                   0.000     0.000    imm[4]
    F16                  IBUF (Prop_ibuf_I_O)         1.467     1.467 r  imm_IBUF[4]_inst/O
                         net (fo=5, routed)           1.917     3.385    imm_IBUF[4]
    SLICE_X0Y106         LUT5 (Prop_lut5_I1_O)        0.124     3.509 r  immExt_OBUF[5]_inst_i_1/O
                         net (fo=1, routed)           3.269     6.778    immExt_OBUF[5]
    V17                  OBUF (Prop_obuf_I_O)         3.552    10.329 r  immExt_OBUF[5]_inst/O
                         net (fo=0)                   0.000    10.329    immExt[5]
    V17                                                               r  immExt[5] (OUT)
  -------------------------------------------------------------------    -------------------

Slack:                    inf
  Source:                 imm[3]
                            (input port)
  Destination:            immExt[3]
                            (output port)
  Path Group:             (none)
  Path Type:              Max at Slow Process Corner
  Data Path Delay:        9.672ns  (logic 5.149ns (53.237%)  route 4.523ns (46.763%))
  Logic Levels:           3  (IBUF=1 LUT5=1 OBUF=1)

    Location             Delay type                Incr(ns)  Path(ns)    Netlist Resource(s)
  -------------------------------------------------------------------    -------------------
    G13                                               0.000     0.000 r  imm[3] (IN)
                         net (fo=0)                   0.000     0.000    imm[3]
    G13                  IBUF (Prop_ibuf_I_O)         1.475     1.475 r  imm_IBUF[3]_inst/O
                         net (fo=1, routed)           1.968     3.443    imm_IBUF[3]
    SLICE_X0Y114         LUT5 (Prop_lut5_I1_O)        0.124     3.567 r  immExt_OBUF[3]_inst_i_1/O
                         net (fo=1, routed)           2.555     6.122    immExt_OBUF[3]
    N14                  OBUF (Prop_obuf_I_O)         3.551     9.672 r  immExt_OBUF[3]_inst/O
                         net (fo=0)                   0.000     9.672    immExt[3]
    N14                                                               r  immExt[3] (OUT)
  -------------------------------------------------------------------    -------------------

Slack:                    inf
  Source:                 immSrc[1]
                            (input port)
  Destination:            immExt[4]
                            (output port)
  Path Group:             (none)
  Path Type:              Max at Slow Process Corner
  Data Path Delay:        9.633ns  (logic 5.159ns (53.553%)  route 4.474ns (46.447%))
  Logic Levels:           3  (IBUF=1 LUT5=1 OBUF=1)

    Location             Delay type                Incr(ns)  Path(ns)    Netlist Resource(s)
  -------------------------------------------------------------------    -------------------
    E17                                               0.000     0.000 r  immSrc[1] (IN)
                         net (fo=0)                   0.000     0.000    immSrc[1]
    E17                  IBUF (Prop_ibuf_I_O)         1.483     1.483 r  immSrc_IBUF[1]_inst/O
                         net (fo=8, routed)           2.202     3.685    immSrc_IBUF[1]
    SLICE_X0Y106         LUT5 (Prop_lut5_I3_O)        0.124     3.809 r  immExt_OBUF[4]_inst_i_1/O
                         net (fo=1, routed)           2.272     6.081    immExt_OBUF[4]
    R18                  OBUF (Prop_obuf_I_O)         3.552     9.633 r  immExt_OBUF[4]_inst/O
                         net (fo=0)                   0.000     9.633    immExt[4]
    R18                                                               r  immExt[4] (OUT)
  -------------------------------------------------------------------    -------------------

Slack:                    inf
  Source:                 imm[5]
                            (input port)
  Destination:            immExt[1]
                            (output port)
  Path Group:             (none)
  Path Type:              Max at Slow Process Corner
  Data Path Delay:        9.284ns  (logic 5.155ns (55.527%)  route 4.129ns (44.473%))
  Logic Levels:           3  (IBUF=1 LUT4=1 OBUF=1)

    Location             Delay type                Incr(ns)  Path(ns)    Netlist Resource(s)
  -------------------------------------------------------------------    -------------------
    F13                                               0.000     0.000 r  imm[5] (IN)
                         net (fo=0)                   0.000     0.000    imm[5]
    F13                  IBUF (Prop_ibuf_I_O)         1.496     1.496 r  imm_IBUF[5]_inst/O
                         net (fo=1, routed)           1.854     3.350    imm_IBUF[5]
    SLICE_X0Y118         LUT4 (Prop_lut4_I0_O)        0.124     3.474 r  immExt_OBUF[1]_inst_i_1/O
                         net (fo=1, routed)           2.275     5.749    immExt_OBUF[1]
    K15                  OBUF (Prop_obuf_I_O)         3.535     9.284 r  immExt_OBUF[1]_inst/O
                         net (fo=0)                   0.000     9.284    immExt[1]
    K15                                                               r  immExt[1] (OUT)
  -------------------------------------------------------------------    -------------------

Slack:                    inf
  Source:                 imm[6]
                            (input port)
  Destination:            immExt[2]
                            (output port)
  Path Group:             (none)
  Path Type:              Max at Slow Process Corner
  Data Path Delay:        8.773ns  (logic 5.159ns (58.810%)  route 3.614ns (41.190%))
  Logic Levels:           3  (IBUF=1 LUT4=1 OBUF=1)

    Location             Delay type                Incr(ns)  Path(ns)    Netlist Resource(s)
  -------------------------------------------------------------------    -------------------
    D14                                               0.000     0.000 r  imm[6] (IN)
                         net (fo=0)                   0.000     0.000    imm[6]
    D14                  IBUF (Prop_ibuf_I_O)         1.483     1.483 r  imm_IBUF[6]_inst/O
                         net (fo=1, routed)           1.901     3.384    imm_IBUF[6]
    SLICE_X0Y118         LUT4 (Prop_lut4_I0_O)        0.124     3.508 r  immExt_OBUF[2]_inst_i_1/O
                         net (fo=1, routed)           1.712     5.221    immExt_OBUF[2]
    J13                  OBUF (Prop_obuf_I_O)         3.553     8.773 r  immExt_OBUF[2]_inst/O
                         net (fo=0)                   0.000     8.773    immExt[2]
    J13                                                               r  immExt[2] (OUT)
  -------------------------------------------------------------------    -------------------

Slack:                    inf
  Source:                 immSrc[1]
                            (input port)
  Destination:            immExt[0]
                            (output port)
  Path Group:             (none)
  Path Type:              Max at Slow Process Corner
  Data Path Delay:        8.504ns  (logic 5.127ns (60.292%)  route 3.377ns (39.708%))
  Logic Levels:           3  (IBUF=1 LUT4=1 OBUF=1)

    Location             Delay type                Incr(ns)  Path(ns)    Netlist Resource(s)
  -------------------------------------------------------------------    -------------------
    E17                                               0.000     0.000 r  immSrc[1] (IN)
                         net (fo=0)                   0.000     0.000    immSrc[1]
    E17                  IBUF (Prop_ibuf_I_O)         1.483     1.483 r  immSrc_IBUF[1]_inst/O
                         net (fo=8, routed)           1.690     3.173    immSrc_IBUF[1]
    SLICE_X0Y114         LUT4 (Prop_lut4_I1_O)        0.124     3.297 r  immExt_OBUF[0]_inst_i_1/O
                         net (fo=1, routed)           1.686     4.983    immExt_OBUF[0]
    H17                  OBUF (Prop_obuf_I_O)         3.520     8.504 r  immExt_OBUF[0]_inst/O
                         net (fo=0)                   0.000     8.504    immExt[0]
    H17                                                               r  immExt[0] (OUT)
  -------------------------------------------------------------------    -------------------





Min Delay Paths
--------------------------------------------------------------------------------------
Slack:                    inf
  Source:                 imm[0]
                            (input port)
  Destination:            immExt[0]
                            (output port)
  Path Group:             (none)
  Path Type:              Min at Fast Process Corner
  Data Path Delay:        2.339ns  (logic 1.506ns (64.395%)  route 0.833ns (35.605%))
  Logic Levels:           3  (IBUF=1 LUT4=1 OBUF=1)

    Location             Delay type                Incr(ns)  Path(ns)    Netlist Resource(s)
  -------------------------------------------------------------------    -------------------
    H14                                               0.000     0.000 r  imm[0] (IN)
                         net (fo=0)                   0.000     0.000    imm[0]
    H14                  IBUF (Prop_ibuf_I_O)         0.240     0.240 r  imm_IBUF[0]_inst/O
                         net (fo=1, routed)           0.482     0.722    imm_IBUF[0]
    SLICE_X0Y114         LUT4 (Prop_lut4_I3_O)        0.045     0.767 r  immExt_OBUF[0]_inst_i_1/O
                         net (fo=1, routed)           0.351     1.118    immExt_OBUF[0]
    H17                  OBUF (Prop_obuf_I_O)         1.221     2.339 r  immExt_OBUF[0]_inst/O
                         net (fo=0)                   0.000     2.339    immExt[0]
    H17                                                               r  immExt[0] (OUT)
  -------------------------------------------------------------------    -------------------

Slack:                    inf
  Source:                 immSrc[1]
                            (input port)
  Destination:            immExt[2]
                            (output port)
  Path Group:             (none)
  Path Type:              Min at Fast Process Corner
  Data Path Delay:        2.375ns  (logic 1.549ns (65.212%)  route 0.826ns (34.788%))
  Logic Levels:           3  (IBUF=1 LUT4=1 OBUF=1)

    Location             Delay type                Incr(ns)  Path(ns)    Netlist Resource(s)
  -------------------------------------------------------------------    -------------------
    E17                                               0.000     0.000 r  immSrc[1] (IN)
                         net (fo=0)                   0.000     0.000    immSrc[1]
    E17                  IBUF (Prop_ibuf_I_O)         0.251     0.251 r  immSrc_IBUF[1]_inst/O
                         net (fo=8, routed)           0.469     0.720    immSrc_IBUF[1]
    SLICE_X0Y118         LUT4 (Prop_lut4_I1_O)        0.045     0.765 r  immExt_OBUF[2]_inst_i_1/O
                         net (fo=1, routed)           0.357     1.122    immExt_OBUF[2]
    J13                  OBUF (Prop_obuf_I_O)         1.253     2.375 r  immExt_OBUF[2]_inst/O
                         net (fo=0)                   0.000     2.375    immExt[2]
    J13                                                               r  immExt[2] (OUT)
  -------------------------------------------------------------------    -------------------

Slack:                    inf
  Source:                 immSrc[0]
                            (input port)
  Destination:            immExt[4]
                            (output port)
  Path Group:             (none)
  Path Type:              Min at Fast Process Corner
  Data Path Delay:        2.542ns  (logic 1.565ns (61.595%)  route 0.976ns (38.405%))
  Logic Levels:           3  (IBUF=1 LUT5=1 OBUF=1)

    Location             Delay type                Incr(ns)  Path(ns)    Netlist Resource(s)
  -------------------------------------------------------------------    -------------------
    D18                                               0.000     0.000 r  immSrc[0] (IN)
                         net (fo=0)                   0.000     0.000    immSrc[0]
    D18                  IBUF (Prop_ibuf_I_O)         0.268     0.268 r  immSrc_IBUF[0]_inst/O
                         net (fo=8, routed)           0.379     0.647    immSrc_IBUF[0]
    SLICE_X0Y106         LUT5 (Prop_lut5_I4_O)        0.045     0.692 r  immExt_OBUF[4]_inst_i_1/O
                         net (fo=1, routed)           0.597     1.289    immExt_OBUF[4]
    R18                  OBUF (Prop_obuf_I_O)         1.252     2.542 r  immExt_OBUF[4]_inst/O
                         net (fo=0)                   0.000     2.542    immExt[4]
    R18                                                               r  immExt[4] (OUT)
  -------------------------------------------------------------------    -------------------

Slack:                    inf
  Source:                 immSrc[1]
                            (input port)
  Destination:            immExt[1]
                            (output port)
  Path Group:             (none)
  Path Type:              Min at Fast Process Corner
  Data Path Delay:        2.589ns  (logic 1.532ns (59.167%)  route 1.057ns (40.833%))
  Logic Levels:           3  (IBUF=1 LUT4=1 OBUF=1)

    Location             Delay type                Incr(ns)  Path(ns)    Netlist Resource(s)
  -------------------------------------------------------------------    -------------------
    E17                                               0.000     0.000 r  immSrc[1] (IN)
                         net (fo=0)                   0.000     0.000    immSrc[1]
    E17                  IBUF (Prop_ibuf_I_O)         0.251     0.251 r  immSrc_IBUF[1]_inst/O
                         net (fo=8, routed)           0.480     0.730    immSrc_IBUF[1]
    SLICE_X0Y118         LUT4 (Prop_lut4_I1_O)        0.045     0.775 r  immExt_OBUF[1]_inst_i_1/O
                         net (fo=1, routed)           0.577     1.353    immExt_OBUF[1]
    K15                  OBUF (Prop_obuf_I_O)         1.236     2.589 r  immExt_OBUF[1]_inst/O
                         net (fo=0)                   0.000     2.589    immExt[1]
    K15                                                               r  immExt[1] (OUT)
  -------------------------------------------------------------------    -------------------

Slack:                    inf
  Source:                 immSrc[0]
                            (input port)
  Destination:            immExt[3]
                            (output port)
  Path Group:             (none)
  Path Type:              Min at Fast Process Corner
  Data Path Delay:        2.853ns  (logic 1.564ns (54.834%)  route 1.288ns (45.166%))
  Logic Levels:           3  (IBUF=1 LUT5=1 OBUF=1)

    Location             Delay type                Incr(ns)  Path(ns)    Netlist Resource(s)
  -------------------------------------------------------------------    -------------------
    D18                                               0.000     0.000 r  immSrc[0] (IN)
                         net (fo=0)                   0.000     0.000    immSrc[0]
    D18                  IBUF (Prop_ibuf_I_O)         0.268     0.268 r  immSrc_IBUF[0]_inst/O
                         net (fo=8, routed)           0.576     0.844    immSrc_IBUF[0]
    SLICE_X0Y114         LUT5 (Prop_lut5_I4_O)        0.045     0.889 r  immExt_OBUF[3]_inst_i_1/O
                         net (fo=1, routed)           0.713     1.602    immExt_OBUF[3]
    N14                  OBUF (Prop_obuf_I_O)         1.251     2.853 r  immExt_OBUF[3]_inst/O
                         net (fo=0)                   0.000     2.853    immExt[3]
    N14                                                               r  immExt[3] (OUT)
  -------------------------------------------------------------------    -------------------

Slack:                    inf
  Source:                 imm[11]
                            (input port)
  Destination:            immExt[7]
                            (output port)
  Path Group:             (none)
  Path Type:              Min at Fast Process Corner
  Data Path Delay:        2.947ns  (logic 1.552ns (52.652%)  route 1.395ns (47.348%))
  Logic Levels:           3  (IBUF=1 LUT4=1 OBUF=1)

    Location             Delay type                Incr(ns)  Path(ns)    Netlist Resource(s)
  -------------------------------------------------------------------    -------------------
    F18                                               0.000     0.000 r  imm[11] (IN)
                         net (fo=0)                   0.000     0.000    imm[11]
    F18                  IBUF (Prop_ibuf_I_O)         0.251     0.251 r  imm_IBUF[11]_inst/O
                         net (fo=4, routed)           0.482     0.733    imm_IBUF[11]
    SLICE_X0Y106         LUT4 (Prop_lut4_I1_O)        0.045     0.778 r  immExt_OBUF[7]_inst_i_1/O
                         net (fo=1, routed)           0.913     1.691    immExt_OBUF[7]
    U16                  OBUF (Prop_obuf_I_O)         1.256     2.947 r  immExt_OBUF[7]_inst/O
                         net (fo=0)                   0.000     2.947    immExt[7]
    U16                                                               r  immExt[7] (OUT)
  -------------------------------------------------------------------    -------------------

Slack:                    inf
  Source:                 immSrc[0]
                            (input port)
  Destination:            immExt[5]
                            (output port)
  Path Group:             (none)
  Path Type:              Min at Fast Process Corner
  Data Path Delay:        2.975ns  (logic 1.566ns (52.632%)  route 1.409ns (47.368%))
  Logic Levels:           3  (IBUF=1 LUT5=1 OBUF=1)

    Location             Delay type                Incr(ns)  Path(ns)    Netlist Resource(s)
  -------------------------------------------------------------------    -------------------
    D18                                               0.000     0.000 r  immSrc[0] (IN)
                         net (fo=0)                   0.000     0.000    immSrc[0]
    D18                  IBUF (Prop_ibuf_I_O)         0.268     0.268 r  immSrc_IBUF[0]_inst/O
                         net (fo=8, routed)           0.380     0.648    immSrc_IBUF[0]
    SLICE_X0Y106         LUT5 (Prop_lut5_I4_O)        0.045     0.693 r  immExt_OBUF[5]_inst_i_1/O
                         net (fo=1, routed)           1.029     1.722    immExt_OBUF[5]
    V17                  OBUF (Prop_obuf_I_O)         1.252     2.975 r  immExt_OBUF[5]_inst/O
                         net (fo=0)                   0.000     2.975    immExt[5]
    V17                                                               r  immExt[5] (OUT)
  -------------------------------------------------------------------    -------------------

Slack:                    inf
  Source:                 imm[11]
                            (input port)
  Destination:            immExt[6]
                            (output port)
  Path Group:             (none)
  Path Type:              Min at Fast Process Corner
  Data Path Delay:        3.003ns  (logic 1.610ns (53.627%)  route 1.393ns (46.373%))
  Logic Levels:           3  (IBUF=1 LUT5=1 OBUF=1)

    Location             Delay type                Incr(ns)  Path(ns)    Netlist Resource(s)
  -------------------------------------------------------------------    -------------------
    F18                                               0.000     0.000 r  imm[11] (IN)
                         net (fo=0)                   0.000     0.000    imm[11]
    F18                  IBUF (Prop_ibuf_I_O)         0.251     0.251 r  imm_IBUF[11]_inst/O
                         net (fo=4, routed)           0.482     0.733    imm_IBUF[11]
    SLICE_X0Y106         LUT5 (Prop_lut5_I0_O)        0.042     0.775 r  immExt_OBUF[6]_inst_i_1/O
                         net (fo=1, routed)           0.910     1.685    immExt_OBUF[6]
    U17                  OBUF (Prop_obuf_I_O)         1.318     3.003 r  immExt_OBUF[6]_inst/O
                         net (fo=0)                   0.000     3.003    immExt[6]
    U17                                                               r  immExt[6] (OUT)
  -------------------------------------------------------------------    -------------------





