
*** Running vivado
    with args -log Extensor.vdi -applog -m64 -product Vivado -messageDb vivado.pb -mode batch -source Extensor.tcl -notrace



****** Vivado v2025.2 (64-bit)
  **** SW Build 6299465 on Fri Nov 14 19:35:11 GMT 2025
  **** IP Build 6300035 on Fri Nov 14 10:48:45 MST 2025
  **** SharedData Build 6298862 on Thu Nov 13 04:50:51 MST 2025
  **** Start of session at: Tue Apr 14 00:18:35 2026
    ** Copyright 1986-2022 Xilinx, Inc. All Rights Reserved.
    ** Copyright 2022-2025 Advanced Micro Devices, Inc. All Rights Reserved.

source Extensor.tcl -notrace
create_project: Time (s): cpu = 00:00:24 ; elapsed = 00:00:21 . Memory (MB): peak = 534.688 ; gain = 221.090
Command: link_design -top Extensor -part xc7vx485tffg1157-1
Design is defaulting to srcset: sources_1
Design is defaulting to constrset: constrs_1
INFO: [Device 21-403] Loading part xc7vx485tffg1157-1
Netlist sorting complete. Time (s): cpu = 00:00:00 ; elapsed = 00:00:00.001 . Memory (MB): peak = 1028.102 ; gain = 0.000
INFO: [Project 1-479] Netlist was created with Vivado 2025.2
INFO: [Project 1-570] Preparing netlist for logic optimization
Parsing XDC File [C:/Users/pande/Downloads/Constr_extender.xdc]
CRITICAL WARNING: [Vivado 12-4470] I/O Standard 'LVCMOS33' is not supported on 'xc7vx485tffg1157-1' part. [C:/Users/pande/Downloads/Constr_extender.xdc:34]
CRITICAL WARNING: [Common 17-69] Command failed: 'K15' is not a valid site or package pin name. [C:/Users/pande/Downloads/Constr_extender.xdc:35]
CRITICAL WARNING: [Common 17-69] Command failed: 'J13' is not a valid site or package pin name. [C:/Users/pande/Downloads/Constr_extender.xdc:36]
CRITICAL WARNING: [Common 17-69] Command failed: 'N14' is not a valid site or package pin name. [C:/Users/pande/Downloads/Constr_extender.xdc:37]
CRITICAL WARNING: [Common 17-69] Command failed: 'R18' is not a valid site or package pin name. [C:/Users/pande/Downloads/Constr_extender.xdc:38]
CRITICAL WARNING: [Common 17-69] Command failed: 'V17' is not a valid site or package pin name. [C:/Users/pande/Downloads/Constr_extender.xdc:39]
CRITICAL WARNING: [Vivado 12-1411] Cannot set LOC property of ports, immExt_OBUF[6]_inst. Illegal to place instance immExt_OBUF[6]_inst on site U17. The location site type (IPAD) and bel type (PAD) do not match the cell type (OBUF). Instance immExt_OBUF[6]_inst belongs to a shape with reference instance immExt_OBUF[6]_inst. Shape elements have relative placement respect to each other. The invalid location might results from a constraint on any of the instance in the shape. [C:/Users/pande/Downloads/Constr_extender.xdc:40]
CRITICAL WARNING: [Vivado 12-1411] Cannot set LOC property of ports, immExt_OBUF[7]_inst. Illegal to place instance immExt_OBUF[7]_inst on site U16. The location site type (IPAD) and bel type (PAD) do not match the cell type (OBUF). Instance immExt_OBUF[7]_inst belongs to a shape with reference instance immExt_OBUF[7]_inst. Shape elements have relative placement respect to each other. The invalid location might results from a constraint on any of the instance in the shape. [C:/Users/pande/Downloads/Constr_extender.xdc:41]
CRITICAL WARNING: [Vivado 12-4470] I/O Standard 'LVCMOS33' is not supported on 'xc7vx485tffg1157-1' part. [C:/Users/pande/Downloads/Constr_extender.xdc:258]
CRITICAL WARNING: [Common 17-69] Command failed: 'H16' is not a valid site or package pin name. [C:/Users/pande/Downloads/Constr_extender.xdc:259]
CRITICAL WARNING: [Vivado 12-4470] I/O Standard 'LVCMOS33' is not supported on 'xc7vx485tffg1157-1' part. [C:/Users/pande/Downloads/Constr_extender.xdc:260]
CRITICAL WARNING: [Vivado 12-4470] I/O Standard 'LVCMOS33' is not supported on 'xc7vx485tffg1157-1' part. [C:/Users/pande/Downloads/Constr_extender.xdc:261]
CRITICAL WARNING: [Vivado 12-4470] I/O Standard 'LVCMOS33' is not supported on 'xc7vx485tffg1157-1' part. [C:/Users/pande/Downloads/Constr_extender.xdc:263]
CRITICAL WARNING: [Vivado 12-4470] I/O Standard 'LVCMOS33' is not supported on 'xc7vx485tffg1157-1' part. [C:/Users/pande/Downloads/Constr_extender.xdc:264]
CRITICAL WARNING: [Vivado 12-4470] I/O Standard 'LVCMOS33' is not supported on 'xc7vx485tffg1157-1' part. [C:/Users/pande/Downloads/Constr_extender.xdc:265]
CRITICAL WARNING: [Vivado 12-4470] I/O Standard 'LVCMOS33' is not supported on 'xc7vx485tffg1157-1' part. [C:/Users/pande/Downloads/Constr_extender.xdc:266]
CRITICAL WARNING: [Vivado 12-4470] I/O Standard 'LVCMOS33' is not supported on 'xc7vx485tffg1157-1' part. [C:/Users/pande/Downloads/Constr_extender.xdc:268]
CRITICAL WARNING: [Vivado 12-4470] I/O Standard 'LVCMOS33' is not supported on 'xc7vx485tffg1157-1' part. [C:/Users/pande/Downloads/Constr_extender.xdc:269]
CRITICAL WARNING: [Vivado 12-4470] I/O Standard 'LVCMOS33' is not supported on 'xc7vx485tffg1157-1' part. [C:/Users/pande/Downloads/Constr_extender.xdc:270]
CRITICAL WARNING: [Vivado 12-4470] I/O Standard 'LVCMOS33' is not supported on 'xc7vx485tffg1157-1' part. [C:/Users/pande/Downloads/Constr_extender.xdc:271]
CRITICAL WARNING: [Common 17-69] Command failed: 'D18' is not a valid site or package pin name. [C:/Users/pande/Downloads/Constr_extender.xdc:273]
CRITICAL WARNING: [Vivado 12-4470] I/O Standard 'LVCMOS33' is not supported on 'xc7vx485tffg1157-1' part. [C:/Users/pande/Downloads/Constr_extender.xdc:274]
Finished Parsing XDC File [C:/Users/pande/Downloads/Constr_extender.xdc]
INFO: [Opt 31-138] Pushed 0 inverter(s) to 0 load pin(s).
Netlist sorting complete. Time (s): cpu = 00:00:00 ; elapsed = 00:00:00.001 . Memory (MB): peak = 1185.484 ; gain = 0.000
INFO: [Project 1-111] Unisim Transformation Summary:
No Unisim elements were transformed.

5 Infos, 0 Warnings, 22 Critical Warnings and 0 Errors encountered.
link_design completed successfully
link_design: Time (s): cpu = 00:00:24 ; elapsed = 00:00:33 . Memory (MB): peak = 1190.508 ; gain = 655.820
Command: opt_design
Attempting to get a license for feature 'Implementation' and/or device 'xc7vx485t'
INFO: [Common 17-349] Got license for feature 'Implementation' and/or device 'xc7vx485t'
INFO: [Common 17-86] Your Implementation license expires in 14 day(s)
Running DRC as a precondition to command opt_design

Starting DRC Task
INFO: [DRC 23-27] Running DRC with 2 threads
INFO: [Project 1-461] DRC finished with 0 Errors
INFO: [Project 1-462] Please refer to the DRC report (report_drc) for more information.

Time (s): cpu = 00:00:02 ; elapsed = 00:00:02 . Memory (MB): peak = 1208.777 ; gain = 18.270

Starting Cache Timing Information Task
INFO: [Timing 38-35] Done setting XDC timing constraints.
Ending Cache Timing Information Task | Checksum: 2d7da2d38

Time (s): cpu = 00:00:17 ; elapsed = 00:00:21 . Memory (MB): peak = 1864.320 ; gain = 655.543

Starting Logic Optimization Task

Phase 1 Initialization

Phase 1.1 Core Generation And Design Setup
Phase 1.1 Core Generation And Design Setup | Checksum: 2d7da2d38

Time (s): cpu = 00:00:00 ; elapsed = 00:00:00.019 . Memory (MB): peak = 2324.488 ; gain = 0.000

Phase 1.2 Setup Constraints And Sort Netlist
Phase 1.2 Setup Constraints And Sort Netlist | Checksum: 2d7da2d38

Time (s): cpu = 00:00:00 ; elapsed = 00:00:00.027 . Memory (MB): peak = 2324.488 ; gain = 0.000
Phase 1 Initialization | Checksum: 2d7da2d38

Time (s): cpu = 00:00:00 ; elapsed = 00:00:00.033 . Memory (MB): peak = 2324.488 ; gain = 0.000

Phase 2 Timer Update And Timing Data Collection

Phase 2.1 Detect if minReqCache needed
Phase 2.1 Detect if minReqCache needed | Checksum: 2d7da2d38

Time (s): cpu = 00:00:00 ; elapsed = 00:00:00.050 . Memory (MB): peak = 2324.488 ; gain = 0.000

Phase 2.2 Timer Update
Phase 2.2 Timer Update | Checksum: 2d7da2d38

Time (s): cpu = 00:00:00 ; elapsed = 00:00:00.057 . Memory (MB): peak = 2324.488 ; gain = 0.000
Phase 2 Timer Update And Timing Data Collection | Checksum: 2d7da2d38

Time (s): cpu = 00:00:00 ; elapsed = 00:00:00.061 . Memory (MB): peak = 2324.488 ; gain = 0.000

Phase 3 Retarget
INFO: [Opt 31-1851] Number of loadless carry chains removed were: 0
INFO: [Opt 31-1834] Total Chains To Be Transformed Were: 0 AND Number of Transformed insts Created are: 0
INFO: [Opt 31-138] Pushed 0 inverter(s) to 0 load pin(s).
INFO: [Opt 31-49] Retargeted 0 cell(s).
Phase 3 Retarget | Checksum: 2d7da2d38

Time (s): cpu = 00:00:00 ; elapsed = 00:00:00.084 . Memory (MB): peak = 2324.488 ; gain = 0.000
Retarget | Checksum: 2d7da2d38
INFO: [Opt 31-389] Phase Retarget created 0 cells and removed 0 cells

Phase 4 Constant propagation
INFO: [Opt 31-138] Pushed 0 inverter(s) to 0 load pin(s).
Phase 4 Constant propagation | Checksum: 2d7da2d38

Time (s): cpu = 00:00:00 ; elapsed = 00:00:00.096 . Memory (MB): peak = 2324.488 ; gain = 0.000
Constant propagation | Checksum: 2d7da2d38
INFO: [Opt 31-389] Phase Constant propagation created 0 cells and removed 0 cells

Phase 5 Sweep
INFO: [Constraints 18-11670] Building netlist checker database with flags, 0x8
Done building netlist checker database: Time (s): cpu = 00:00:00 ; elapsed = 00:00:00 . Memory (MB): peak = 2324.488 ; gain = 0.000
Phase 5 Sweep | Checksum: 2d7da2d38

Time (s): cpu = 00:00:00 ; elapsed = 00:00:00.111 . Memory (MB): peak = 2324.488 ; gain = 0.000
Sweep | Checksum: 2d7da2d38
INFO: [Opt 31-389] Phase Sweep created 0 cells and removed 0 cells

Phase 6 BUFG optimization
Phase 6 BUFG optimization | Checksum: 2d7da2d38

Time (s): cpu = 00:00:00 ; elapsed = 00:00:00.155 . Memory (MB): peak = 2324.488 ; gain = 0.000
BUFG optimization | Checksum: 2d7da2d38
INFO: [Opt 31-662] Phase BUFG optimization created 0 cells of which 0 are BUFGs and removed 0 cells.

Phase 7 Shift Register Optimization
INFO: [Opt 31-1064] SRL Remap converted 0 SRLs to 0 registers and converted 0 registers of register chains to 0 SRLs
Phase 7 Shift Register Optimization | Checksum: 2d7da2d38

Time (s): cpu = 00:00:00 ; elapsed = 00:00:00.165 . Memory (MB): peak = 2324.488 ; gain = 0.000
Shift Register Optimization | Checksum: 2d7da2d38
INFO: [Opt 31-389] Phase Shift Register Optimization created 0 cells and removed 0 cells

Phase 8 Post Processing Netlist
Phase 8 Post Processing Netlist | Checksum: 2d7da2d38

Time (s): cpu = 00:00:00 ; elapsed = 00:00:00.175 . Memory (MB): peak = 2324.488 ; gain = 0.000
Post Processing Netlist | Checksum: 2d7da2d38
INFO: [Opt 31-389] Phase Post Processing Netlist created 0 cells and removed 0 cells

Phase 9 Finalization

Phase 9.1 Finalizing Design Cores and Updating Shapes
Phase 9.1 Finalizing Design Cores and Updating Shapes | Checksum: 2d7da2d38

Time (s): cpu = 00:00:00 ; elapsed = 00:00:00.187 . Memory (MB): peak = 2324.488 ; gain = 0.000

Phase 9.2 Verifying Netlist Connectivity

Starting Connectivity Check Task

Time (s): cpu = 00:00:00 ; elapsed = 00:00:00.036 . Memory (MB): peak = 2324.488 ; gain = 0.000
Phase 9.2 Verifying Netlist Connectivity | Checksum: 2d7da2d38

Time (s): cpu = 00:00:00 ; elapsed = 00:00:00.231 . Memory (MB): peak = 2324.488 ; gain = 0.000
Phase 9 Finalization | Checksum: 2d7da2d38

Time (s): cpu = 00:00:00 ; elapsed = 00:00:00.235 . Memory (MB): peak = 2324.488 ; gain = 0.000
Opt_design Change Summary
=========================


-------------------------------------------------------------------------------------------------------------------------
|  Phase                        |  #Cells created  |  #Cells Removed  |  #Constrained objects preventing optimizations  |
-------------------------------------------------------------------------------------------------------------------------
|  Retarget                     |               0  |               0  |                                              0  |
|  Constant propagation         |               0  |               0  |                                              0  |
|  Sweep                        |               0  |               0  |                                              0  |
|  BUFG optimization            |               0  |               0  |                                              0  |
|  Shift Register Optimization  |               0  |               0  |                                              0  |
|  Post Processing Netlist      |               0  |               0  |                                              0  |
-------------------------------------------------------------------------------------------------------------------------


Ending Logic Optimization Task | Checksum: 2d7da2d38

Time (s): cpu = 00:00:00 ; elapsed = 00:00:00.251 . Memory (MB): peak = 2324.488 ; gain = 0.000

Starting Power Optimization Task
INFO: [Pwropt 34-132] Skipping clock gating for clocks with a period < 2.00 ns.
Ending Power Optimization Task | Checksum: 2d7da2d38

Time (s): cpu = 00:00:00 ; elapsed = 00:00:00.037 . Memory (MB): peak = 2324.488 ; gain = 0.000

Starting Final Cleanup Task
Ending Final Cleanup Task | Checksum: 2d7da2d38

Time (s): cpu = 00:00:00 ; elapsed = 00:00:00.003 . Memory (MB): peak = 2324.488 ; gain = 0.000
Netlist sorting complete. Time (s): cpu = 00:00:00 ; elapsed = 00:00:00 . Memory (MB): peak = 2324.488 ; gain = 0.000
INFO: [Common 17-83] Releasing license: Implementation
26 Infos, 0 Warnings, 22 Critical Warnings and 0 Errors encountered.
opt_design completed successfully
opt_design: Time (s): cpu = 00:00:28 ; elapsed = 00:00:34 . Memory (MB): peak = 2324.488 ; gain = 1133.980
INFO: [Vivado 12-24828] Executing command : report_drc -file Extensor_drc_opted.rpt -pb Extensor_drc_opted.pb -rpx Extensor_drc_opted.rpx
Command: report_drc -file Extensor_drc_opted.rpt -pb Extensor_drc_opted.pb -rpx Extensor_drc_opted.rpx
INFO: [IP_Flow 19-234] Refreshing IP repositories
INFO: [IP_Flow 19-1704] No user IP repositories specified
INFO: [IP_Flow 19-2313] Loaded Vivado IP repository 'C:/AMDDesignTools/2025.2/Vivado/data/ip'.
INFO: [DRC 23-27] Running DRC with 2 threads
INFO: [Vivado_Tcl 2-168] The results of DRC are in file C:/Users/pande/Documents/PW8/Extensor/Extensor.runs/impl_1/Extensor_drc_opted.rpt.
report_drc completed successfully
report_drc: Time (s): cpu = 00:00:08 ; elapsed = 00:00:09 . Memory (MB): peak = 2324.488 ; gain = 0.000
generate_parallel_reports: Time (s): cpu = 00:00:08 ; elapsed = 00:00:09 . Memory (MB): peak = 2324.488 ; gain = 0.000
INFO: [Timing 38-480] Writing timing data to binary archive.
Write ShapeDB Complete: Time (s): cpu = 00:00:00 ; elapsed = 00:00:00.005 . Memory (MB): peak = 2324.488 ; gain = 0.000
Wrote PlaceDB: Time (s): cpu = 00:00:00 ; elapsed = 00:00:00.002 . Memory (MB): peak = 2324.488 ; gain = 0.000
Wrote PulsedLatchDB: Time (s): cpu = 00:00:00 ; elapsed = 00:00:00 . Memory (MB): peak = 2324.488 ; gain = 0.000
Writing XDEF routing.
Writing XDEF routing logical nets.
Writing XDEF routing special nets.
Wrote RouteStorage: Time (s): cpu = 00:00:01 ; elapsed = 00:00:00.134 . Memory (MB): peak = 2324.488 ; gain = 0.000
Wrote PlaceStorage: Time (s): cpu = 00:00:00 ; elapsed = 00:00:00.003 . Memory (MB): peak = 2324.488 ; gain = 0.000
Wrote Netlist Cache: Time (s): cpu = 00:00:00 ; elapsed = 00:00:00 . Memory (MB): peak = 2324.488 ; gain = 0.000
Wrote Device Cache: Time (s): cpu = 00:00:00 ; elapsed = 00:00:00.050 . Memory (MB): peak = 2324.488 ; gain = 0.000
Write Physdb Complete: Time (s): cpu = 00:00:01 ; elapsed = 00:00:00.223 . Memory (MB): peak = 2324.488 ; gain = 0.000
INFO: [Common 17-1381] The checkpoint 'C:/Users/pande/Documents/PW8/Extensor/Extensor.runs/impl_1/Extensor_opt.dcp' has been generated.
Command: place_design
Attempting to get a license for feature 'Implementation' and/or device 'xc7vx485t'
INFO: [Common 17-349] Got license for feature 'Implementation' and/or device 'xc7vx485t'
INFO: [Common 17-86] Your Implementation license expires in 14 day(s)
INFO: [Common 17-83] Releasing license: Implementation
INFO: [DRC 23-27] Running DRC with 2 threads
INFO: [Vivado_Tcl 4-198] DRC finished with 0 Errors
INFO: [Vivado_Tcl 4-199] Please refer to the DRC report (report_drc) for more information.
INFO: [Timing 38-35] Done setting XDC timing constraints.
Running DRC as a precondition to command place_design
INFO: [DRC 23-27] Running DRC with 2 threads
INFO: [Vivado_Tcl 4-198] DRC finished with 0 Errors
INFO: [Vivado_Tcl 4-199] Please refer to the DRC report (report_drc) for more information.
INFO: [Place 30-611] Multithreading enabled for place_design using a maximum of 2 CPUs

Starting Placer Task

Phase 1 Placer Initialization

Phase 1.1 Placer Initialization Netlist Sorting
Netlist sorting complete. Time (s): cpu = 00:00:00 ; elapsed = 00:00:00.001 . Memory (MB): peak = 2324.488 ; gain = 0.000
Phase 1.1 Placer Initialization Netlist Sorting | Checksum: 217d9a91b

Time (s): cpu = 00:00:00 ; elapsed = 00:00:00.008 . Memory (MB): peak = 2324.488 ; gain = 0.000
Netlist sorting complete. Time (s): cpu = 00:00:00 ; elapsed = 00:00:00.001 . Memory (MB): peak = 2324.488 ; gain = 0.000

Phase 1.2 IO Placement/ Clock Placement/ Build Placer Device
WARNING: [Place 30-87] Partially locked IO Bus is found. Following components of the IO Bus imm are not locked:  'imm[1]' 
WARNING: [Place 30-87] Partially locked IO Bus is found. Following components of the IO Bus immExt are not locked:  'immExt[7]'  'immExt[6]'  'immExt[5]'  'immExt[4]'  'immExt[3]'  'immExt[2]'  'immExt[1]' 
WARNING: [Place 30-87] Partially locked IO Bus is found. Following components of the IO Bus immSrc are not locked:  'immSrc[0]' 
Phase 1.2 IO Placement/ Clock Placement/ Build Placer Device | Checksum: 2583c7b16

Time (s): cpu = 00:00:01 ; elapsed = 00:00:01 . Memory (MB): peak = 2324.488 ; gain = 0.000

Phase 1.3 Build Placer Netlist Model
Phase 1.3 Build Placer Netlist Model | Checksum: 2c05c3ad1

Time (s): cpu = 00:00:02 ; elapsed = 00:00:02 . Memory (MB): peak = 2324.488 ; gain = 0.000

Phase 1.4 Constrain Clocks/Macros
Phase 1.4 Constrain Clocks/Macros | Checksum: 2c05c3ad1

Time (s): cpu = 00:00:02 ; elapsed = 00:00:02 . Memory (MB): peak = 2324.488 ; gain = 0.000
Phase 1 Placer Initialization | Checksum: 2c05c3ad1

Time (s): cpu = 00:00:02 ; elapsed = 00:00:02 . Memory (MB): peak = 2324.488 ; gain = 0.000

Phase 2 Global Placement

Phase 2.1 Floorplanning
Phase 2.1 Floorplanning | Checksum: 2c05c3ad1

Time (s): cpu = 00:00:02 ; elapsed = 00:00:02 . Memory (MB): peak = 2324.488 ; gain = 0.000

Phase 2.2 Update Timing before SLR Path Opt
Phase 2.2 Update Timing before SLR Path Opt | Checksum: 2c05c3ad1

Time (s): cpu = 00:00:02 ; elapsed = 00:00:02 . Memory (MB): peak = 2324.488 ; gain = 0.000

Phase 2.3 Post-Processing in Floorplanning
Phase 2.3 Post-Processing in Floorplanning | Checksum: 2c05c3ad1

Time (s): cpu = 00:00:02 ; elapsed = 00:00:02 . Memory (MB): peak = 2324.488 ; gain = 0.000

Phase 2.4 Global Place Phase1
Phase 2.4 Global Place Phase1 | Checksum: 29e62f5ba

Time (s): cpu = 00:00:03 ; elapsed = 00:00:03 . Memory (MB): peak = 2324.488 ; gain = 0.000

Phase 2.5 Global Place Phase2
WARNING: [Place 46-29] Timing had been disabled during Placer and, therefore, physical synthesis in Placer will be skipped.
Phase 2.5 Global Place Phase2 | Checksum: 29e62f5ba

Time (s): cpu = 00:00:03 ; elapsed = 00:00:04 . Memory (MB): peak = 2324.488 ; gain = 0.000
Phase 2 Global Placement | Checksum: 29e62f5ba

Time (s): cpu = 00:00:03 ; elapsed = 00:00:04 . Memory (MB): peak = 2324.488 ; gain = 0.000

Phase 3 Detail Placement

Phase 3.1 Commit Multi Column Macros
Phase 3.1 Commit Multi Column Macros | Checksum: 29e62f5ba

Time (s): cpu = 00:00:03 ; elapsed = 00:00:04 . Memory (MB): peak = 2324.488 ; gain = 0.000

Phase 3.2 Commit Most Macros & LUTRAMs
Phase 3.2 Commit Most Macros & LUTRAMs | Checksum: 2e14f237d

Time (s): cpu = 00:00:03 ; elapsed = 00:00:04 . Memory (MB): peak = 2324.488 ; gain = 0.000

Phase 3.3 Area Swap Optimization
Phase 3.3 Area Swap Optimization | Checksum: 28f893424

Time (s): cpu = 00:00:04 ; elapsed = 00:00:04 . Memory (MB): peak = 2324.488 ; gain = 0.000

Phase 3.4 Pipeline Register Optimization
Phase 3.4 Pipeline Register Optimization | Checksum: 28f893424

Time (s): cpu = 00:00:04 ; elapsed = 00:00:04 . Memory (MB): peak = 2324.488 ; gain = 0.000

Phase 3.5 Small Shape Detail Placement
Phase 3.5 Small Shape Detail Placement | Checksum: 24b9fcc5b

Time (s): cpu = 00:00:05 ; elapsed = 00:00:06 . Memory (MB): peak = 2324.488 ; gain = 0.000

Phase 3.6 Re-assign LUT pins
Phase 3.6 Re-assign LUT pins | Checksum: 24b9fcc5b

Time (s): cpu = 00:00:05 ; elapsed = 00:00:06 . Memory (MB): peak = 2324.488 ; gain = 0.000

Phase 3.7 Pipeline Register Optimization
Phase 3.7 Pipeline Register Optimization | Checksum: 24b9fcc5b

Time (s): cpu = 00:00:05 ; elapsed = 00:00:06 . Memory (MB): peak = 2324.488 ; gain = 0.000
Phase 3 Detail Placement | Checksum: 24b9fcc5b

Time (s): cpu = 00:00:05 ; elapsed = 00:00:06 . Memory (MB): peak = 2324.488 ; gain = 0.000

Phase 4 Post Placement Optimization and Clean-Up

Phase 4.1 Post Commit Optimization
Phase 4.1 Post Commit Optimization | Checksum: 24b9fcc5b

Time (s): cpu = 00:00:06 ; elapsed = 00:00:08 . Memory (MB): peak = 2324.488 ; gain = 0.000

Phase 4.2 Post Placement Cleanup
Phase 4.2 Post Placement Cleanup | Checksum: 24b9fcc5b

Time (s): cpu = 00:00:07 ; elapsed = 00:00:08 . Memory (MB): peak = 2324.488 ; gain = 0.000

Phase 4.3 Placer Reporting

Phase 4.3.1 Print Estimated Congestion
INFO: [Place 30-612] Post-Placement Estimated Congestion 
 ____________________________________________________
|           | Global Congestion | Short Congestion  |
| Direction | Region Size       | Region Size       |
|___________|___________________|___________________|
|      North|                1x1|                1x1|
|___________|___________________|___________________|
|      South|                1x1|                1x1|
|___________|___________________|___________________|
|       East|                1x1|                1x1|
|___________|___________________|___________________|
|       West|                1x1|                1x1|
|___________|___________________|___________________|

Phase 4.3.1 Print Estimated Congestion | Checksum: 24b9fcc5b

Time (s): cpu = 00:00:07 ; elapsed = 00:00:08 . Memory (MB): peak = 2324.488 ; gain = 0.000
Phase 4.3 Placer Reporting | Checksum: 24b9fcc5b

Time (s): cpu = 00:00:07 ; elapsed = 00:00:08 . Memory (MB): peak = 2324.488 ; gain = 0.000

Phase 4.4 Final Placement Cleanup
Netlist sorting complete. Time (s): cpu = 00:00:00 ; elapsed = 00:00:00.001 . Memory (MB): peak = 2324.488 ; gain = 0.000

Time (s): cpu = 00:00:07 ; elapsed = 00:00:08 . Memory (MB): peak = 2324.488 ; gain = 0.000
Phase 4 Post Placement Optimization and Clean-Up | Checksum: 24b9fcc5b

Time (s): cpu = 00:00:07 ; elapsed = 00:00:08 . Memory (MB): peak = 2324.488 ; gain = 0.000
Ending Placer Task | Checksum: 1957d4177

Time (s): cpu = 00:00:07 ; elapsed = 00:00:08 . Memory (MB): peak = 2324.488 ; gain = 0.000
46 Infos, 4 Warnings, 22 Critical Warnings and 0 Errors encountered.
place_design completed successfully
place_design: Time (s): cpu = 00:00:10 ; elapsed = 00:00:10 . Memory (MB): peak = 2324.488 ; gain = 0.000
INFO: [Vivado 12-24838] Running report commands "report_control_sets, report_io, report_utilization" in parallel.
Running report generation with 2 threads.
INFO: [Vivado 12-24828] Executing command : report_utilization -file Extensor_utilization_placed.rpt -pb Extensor_utilization_placed.pb
INFO: [Vivado 12-24828] Executing command : report_control_sets -verbose -file Extensor_control_sets_placed.rpt
report_control_sets: Time (s): cpu = 00:00:00 ; elapsed = 00:00:00.007 . Memory (MB): peak = 2324.488 ; gain = 0.000
INFO: [Vivado 12-24828] Executing command : report_io -file Extensor_io_placed.rpt
report_io: Time (s): cpu = 00:00:01 ; elapsed = 00:00:00.909 . Memory (MB): peak = 2324.488 ; gain = 0.000
Write ShapeDB Complete: Time (s): cpu = 00:00:00 ; elapsed = 00:00:00.005 . Memory (MB): peak = 2324.488 ; gain = 0.000
Wrote PlaceDB: Time (s): cpu = 00:00:00 ; elapsed = 00:00:00 . Memory (MB): peak = 2324.488 ; gain = 0.000
INFO: [Timing 38-480] Writing timing data to binary archive.
Wrote PulsedLatchDB: Time (s): cpu = 00:00:00 ; elapsed = 00:00:00 . Memory (MB): peak = 2324.488 ; gain = 0.000
Writing XDEF routing.
Writing XDEF routing logical nets.
Writing XDEF routing special nets.
Wrote RouteStorage: Time (s): cpu = 00:00:00 ; elapsed = 00:00:00.115 . Memory (MB): peak = 2324.488 ; gain = 0.000
Wrote PlaceStorage: Time (s): cpu = 00:00:00 ; elapsed = 00:00:00.006 . Memory (MB): peak = 2324.488 ; gain = 0.000
Wrote Netlist Cache: Time (s): cpu = 00:00:00 ; elapsed = 00:00:00 . Memory (MB): peak = 2324.488 ; gain = 0.000
Wrote Device Cache: Time (s): cpu = 00:00:00 ; elapsed = 00:00:00.063 . Memory (MB): peak = 2324.488 ; gain = 0.000
Write Physdb Complete: Time (s): cpu = 00:00:00 ; elapsed = 00:00:00.218 . Memory (MB): peak = 2324.488 ; gain = 0.000
INFO: [Common 17-1381] The checkpoint 'C:/Users/pande/Documents/PW8/Extensor/Extensor.runs/impl_1/Extensor_placed.dcp' has been generated.
Command: phys_opt_design
Attempting to get a license for feature 'Implementation' and/or device 'xc7vx485t'
INFO: [Common 17-349] Got license for feature 'Implementation' and/or device 'xc7vx485t'
INFO: [Common 17-86] Your Implementation license expires in 14 day(s)

Starting Initial Update Timing Task

Time (s): cpu = 00:00:00 ; elapsed = 00:00:00.014 . Memory (MB): peak = 2324.488 ; gain = 0.000
INFO: [Vivado_Tcl 4-235] No timing constraint found. The netlist was not modified.
INFO: [Common 17-83] Releasing license: Implementation
56 Infos, 4 Warnings, 22 Critical Warnings and 0 Errors encountered.
phys_opt_design completed successfully
Write ShapeDB Complete: Time (s): cpu = 00:00:00 ; elapsed = 00:00:00.004 . Memory (MB): peak = 2324.488 ; gain = 0.000
INFO: [Timing 38-480] Writing timing data to binary archive.
Wrote PlaceDB: Time (s): cpu = 00:00:00 ; elapsed = 00:00:00 . Memory (MB): peak = 2324.488 ; gain = 0.000
Wrote PulsedLatchDB: Time (s): cpu = 00:00:00 ; elapsed = 00:00:00 . Memory (MB): peak = 2324.488 ; gain = 0.000
Writing XDEF routing.
Writing XDEF routing logical nets.
Writing XDEF routing special nets.
Wrote RouteStorage: Time (s): cpu = 00:00:00 ; elapsed = 00:00:00.129 . Memory (MB): peak = 2324.488 ; gain = 0.000
Wrote PlaceStorage: Time (s): cpu = 00:00:00 ; elapsed = 00:00:00.007 . Memory (MB): peak = 2324.488 ; gain = 0.000
Wrote Netlist Cache: Time (s): cpu = 00:00:00 ; elapsed = 00:00:00 . Memory (MB): peak = 2324.488 ; gain = 0.000
Wrote Device Cache: Time (s): cpu = 00:00:00 ; elapsed = 00:00:00.061 . Memory (MB): peak = 2324.488 ; gain = 0.000
Write Physdb Complete: Time (s): cpu = 00:00:00 ; elapsed = 00:00:00.230 . Memory (MB): peak = 2324.488 ; gain = 0.000
INFO: [Common 17-1381] The checkpoint 'C:/Users/pande/Documents/PW8/Extensor/Extensor.runs/impl_1/Extensor_physopt.dcp' has been generated.
Command: route_design
Attempting to get a license for feature 'Implementation' and/or device 'xc7vx485t'
INFO: [Common 17-349] Got license for feature 'Implementation' and/or device 'xc7vx485t'
INFO: [Common 17-86] Your Implementation license expires in 14 day(s)


Starting Routing Task
INFO: [Route 35-254] Multithreading enabled for route_design using a maximum of 2 CPUs

Phase 1 Build RT Design
Checksum: PlaceDB: 19001396 ConstDB: 0 ShapeSum: f69bf17e RouteDB: 85e13c63
Post Restoration Checksum: NetGraph: 4984789e | NumContArr: 2ab96833 | Constraints: c2a8fa9d | Timing: c2a8fa9d
Phase 1 Build RT Design | Checksum: 1f98fd60b

Time (s): cpu = 00:03:06 ; elapsed = 00:02:36 . Memory (MB): peak = 2488.941 ; gain = 164.453

Phase 2 Router Initialization
INFO: [Route 35-64] No timing constraints were detected. The router will operate in resource-optimization mode.

Phase 2.1 Fix Topology Constraints
Phase 2.1 Fix Topology Constraints | Checksum: 1f98fd60b

Time (s): cpu = 00:03:06 ; elapsed = 00:02:36 . Memory (MB): peak = 2493.961 ; gain = 169.473

Phase 2.2 Pre Route Cleanup
Phase 2.2 Pre Route Cleanup | Checksum: 1f98fd60b

Time (s): cpu = 00:03:06 ; elapsed = 00:02:36 . Memory (MB): peak = 2493.961 ; gain = 169.473
 Number of Nodes with overlaps = 0

Router Utilization Summary
  Global Vertical Routing Utilization    = 0 %
  Global Horizontal Routing Utilization  = 0 %
  Routable Net Status*
  *Does not include unroutable nets such as driverless and loadless.
  Run report_route_status for detailed report.
  Number of Failed Nets               = 22
    (Failed Nets is the sum of unrouted and partially routed nets)
  Number of Unrouted Nets             = 22
  Number of Partially Routed Nets     = 0
  Number of Node Overlaps             = 0

Phase 2 Router Initialization | Checksum: 2226cf81e

Time (s): cpu = 00:03:15 ; elapsed = 00:02:42 . Memory (MB): peak = 2590.711 ; gain = 266.223

Phase 3 Global Routing
Phase 3 Global Routing | Checksum: 2226cf81e

Time (s): cpu = 00:03:15 ; elapsed = 00:02:42 . Memory (MB): peak = 2590.711 ; gain = 266.223

Phase 4 Initial Routing

Phase 4.1 Initial Net Routing Pass
Phase 4.1 Initial Net Routing Pass | Checksum: 248dabedb

Time (s): cpu = 00:03:17 ; elapsed = 00:02:43 . Memory (MB): peak = 2590.711 ; gain = 266.223
Phase 4 Initial Routing | Checksum: 248dabedb

Time (s): cpu = 00:03:17 ; elapsed = 00:02:43 . Memory (MB): peak = 2590.711 ; gain = 266.223

Phase 5 Rip-up And Reroute

Phase 5.1 Global Iteration 0
 Number of Nodes with overlaps = 0
Phase 5.1 Global Iteration 0 | Checksum: 27b29bf85

Time (s): cpu = 00:03:17 ; elapsed = 00:02:43 . Memory (MB): peak = 2590.711 ; gain = 266.223
Phase 5 Rip-up And Reroute | Checksum: 27b29bf85

Time (s): cpu = 00:03:17 ; elapsed = 00:02:43 . Memory (MB): peak = 2590.711 ; gain = 266.223

Phase 6 Delay and Skew Optimization
Phase 6 Delay and Skew Optimization | Checksum: 27b29bf85

Time (s): cpu = 00:03:17 ; elapsed = 00:02:43 . Memory (MB): peak = 2590.711 ; gain = 266.223

Phase 7 Post Hold Fix

Phase 7.1 Hold Fix Iter
Phase 7.1 Hold Fix Iter | Checksum: 27b29bf85

Time (s): cpu = 00:03:17 ; elapsed = 00:02:43 . Memory (MB): peak = 2590.711 ; gain = 266.223
Phase 7 Post Hold Fix | Checksum: 27b29bf85

Time (s): cpu = 00:03:17 ; elapsed = 00:02:43 . Memory (MB): peak = 2590.711 ; gain = 266.223

Phase 8 Route finalize

Router Utilization Summary
  Global Vertical Routing Utilization    = 0.00194262 %
  Global Horizontal Routing Utilization  = 0.000720062 %
  Routable Net Status*
  *Does not include unroutable nets such as driverless and loadless.
  Run report_route_status for detailed report.
  Number of Failed Nets               = 0
    (Failed Nets is the sum of unrouted and partially routed nets)
  Number of Unrouted Nets             = 0
  Number of Partially Routed Nets     = 0
  Number of Node Overlaps             = 0


--GLOBAL Congestion:
Utilization threshold used for congestion level computation: 0.85
Congestion Report
North Dir 1x1 Area, Max Cong = 14.4144%, No Congested Regions.
South Dir 1x1 Area, Max Cong = 5.40541%, No Congested Regions.
East Dir 1x1 Area, Max Cong = 5.88235%, No Congested Regions.
West Dir 1x1 Area, Max Cong = 5.88235%, No Congested Regions.

------------------------------
Reporting congestion hotspots
------------------------------
Direction: North
----------------
Congested clusters found at Level 0
Effective congestion level: 0 Aspect Ratio: 1 Sparse Ratio: 0
Direction: South
----------------
Congested clusters found at Level 0
Effective congestion level: 0 Aspect Ratio: 1 Sparse Ratio: 0
Direction: East
----------------
Congested clusters found at Level 0
Effective congestion level: 0 Aspect Ratio: 1 Sparse Ratio: 0
Direction: West
----------------
Congested clusters found at Level 0
Effective congestion level: 0 Aspect Ratio: 1 Sparse Ratio: 0

Phase 8 Route finalize | Checksum: 27b29bf85

Time (s): cpu = 00:03:18 ; elapsed = 00:02:44 . Memory (MB): peak = 2590.711 ; gain = 266.223

Phase 9 Verifying routed nets

 Verification completed successfully
Phase 9 Verifying routed nets | Checksum: 27b29bf85

Time (s): cpu = 00:03:18 ; elapsed = 00:02:44 . Memory (MB): peak = 2590.711 ; gain = 266.223

Phase 10 Depositing Routes
Phase 10 Depositing Routes | Checksum: 2aae38829

Time (s): cpu = 00:03:18 ; elapsed = 00:02:44 . Memory (MB): peak = 2590.711 ; gain = 266.223

Phase 11 Post Process Routing
Phase 11 Post Process Routing | Checksum: 2aae38829

Time (s): cpu = 00:03:18 ; elapsed = 00:02:44 . Memory (MB): peak = 2590.711 ; gain = 266.223
Total Elapsed time in route_design: 163.623 secs

Phase 12 Post-Route Event Processing
Phase 12 Post-Route Event Processing | Checksum: 1eb2f563c

Time (s): cpu = 00:03:18 ; elapsed = 00:02:44 . Memory (MB): peak = 2590.711 ; gain = 266.223
INFO: [Route 35-16] Router Completed Successfully
Ending Routing Task | Checksum: 1eb2f563c

Time (s): cpu = 00:03:18 ; elapsed = 00:02:44 . Memory (MB): peak = 2590.711 ; gain = 266.223

Routing Is Done.
INFO: [Common 17-83] Releasing license: Implementation
64 Infos, 4 Warnings, 22 Critical Warnings and 0 Errors encountered.
route_design completed successfully
route_design: Time (s): cpu = 00:03:18 ; elapsed = 00:02:44 . Memory (MB): peak = 2590.711 ; gain = 266.223
INFO: [Vivado 12-24828] Executing command : report_drc -file Extensor_drc_routed.rpt -pb Extensor_drc_routed.pb -rpx Extensor_drc_routed.rpx
Command: report_drc -file Extensor_drc_routed.rpt -pb Extensor_drc_routed.pb -rpx Extensor_drc_routed.rpx
INFO: [IP_Flow 19-1839] IP Catalog is up to date.
INFO: [DRC 23-27] Running DRC with 2 threads
INFO: [Vivado_Tcl 2-168] The results of DRC are in file C:/Users/pande/Documents/PW8/Extensor/Extensor.runs/impl_1/Extensor_drc_routed.rpt.
report_drc completed successfully
report_drc: Time (s): cpu = 00:00:07 ; elapsed = 00:00:07 . Memory (MB): peak = 2590.711 ; gain = 0.000
INFO: [Vivado 12-24828] Executing command : report_methodology -file Extensor_methodology_drc_routed.rpt -pb Extensor_methodology_drc_routed.pb -rpx Extensor_methodology_drc_routed.rpx
Command: report_methodology -file Extensor_methodology_drc_routed.rpt -pb Extensor_methodology_drc_routed.pb -rpx Extensor_methodology_drc_routed.rpx
INFO: [Timing 38-35] Done setting XDC timing constraints.
INFO: [DRC 23-133] Running Methodology with 2 threads
INFO: [Vivado_Tcl 2-1520] The results of Report Methodology are in file C:/Users/pande/Documents/PW8/Extensor/Extensor.runs/impl_1/Extensor_methodology_drc_routed.rpt.
report_methodology completed successfully
INFO: [Vivado 12-24828] Executing command : report_timing_summary -max_paths 10 -routable_nets -report_unconstrained -file Extensor_timing_summary_routed.rpt -pb Extensor_timing_summary_routed.pb -rpx Extensor_timing_summary_routed.rpx -warn_on_violation 
INFO: [Timing 38-35] Done setting XDC timing constraints.
INFO: [Timing 38-91] UpdateTimingParams: Speed grade: -1, Delay Type: min_max.
INFO: [Timing 38-191] Multithreading enabled for timing update using a maximum of 2 CPUs
WARNING: [Timing 38-313] There are no user specified timing constraints. Timing constraints are needed for proper timing analysis.
INFO: [Vivado 12-24838] Running report commands "report_incremental_reuse, report_route_status" in parallel.
Running report generation with 2 threads.
INFO: [Vivado 12-24828] Executing command : report_route_status -file Extensor_route_status.rpt -pb Extensor_route_status.pb
INFO: [Vivado 12-24828] Executing command : report_incremental_reuse -file Extensor_incremental_reuse_routed.rpt
INFO: [Vivado_Tcl 4-1062] Incremental flow is disabled. No incremental reuse Info to report.
INFO: [Vivado 12-24828] Executing command : report_power -file Extensor_power_routed.rpt -pb Extensor_power_summary_routed.pb -rpx Extensor_power_routed.rpx
Command: report_power -file Extensor_power_routed.rpt -pb Extensor_power_summary_routed.pb -rpx Extensor_power_routed.rpx
WARNING: [Power 33-232] No user defined clocks were found in the design! Power estimation will be inaccurate until this is corrected.
Resolution: Please specify clocks using create_clock/create_generated_clock for sequential elements. For pure combinatorial circuits, please specify a virtual clock, otherwise the vectorless estimation might be inaccurate
Running Vector-less Activity Propagation...

Finished Running Vector-less Activity Propagation
81 Infos, 6 Warnings, 22 Critical Warnings and 0 Errors encountered.
report_power completed successfully
INFO: [Vivado 12-24828] Executing command : report_clock_utilization -file Extensor_clock_utilization_routed.rpt
INFO: [Vivado 12-24828] Executing command : report_bus_skew -warn_on_violation -file Extensor_bus_skew_routed.rpt -pb Extensor_bus_skew_routed.pb -rpx Extensor_bus_skew_routed.rpx
INFO: [Timing 38-91] UpdateTimingParams: Speed grade: -1, Delay Type: min_max.
INFO: [Timing 38-191] Multithreading enabled for timing update using a maximum of 2 CPUs
generate_parallel_reports: Time (s): cpu = 00:00:12 ; elapsed = 00:00:13 . Memory (MB): peak = 2590.711 ; gain = 0.000
Write ShapeDB Complete: Time (s): cpu = 00:00:00 ; elapsed = 00:00:00.005 . Memory (MB): peak = 2590.711 ; gain = 0.000
INFO: [Timing 38-480] Writing timing data to binary archive.
Wrote PlaceDB: Time (s): cpu = 00:00:00 ; elapsed = 00:00:00 . Memory (MB): peak = 2590.711 ; gain = 0.000
Wrote PulsedLatchDB: Time (s): cpu = 00:00:00 ; elapsed = 00:00:00 . Memory (MB): peak = 2590.711 ; gain = 0.000
Writing XDEF routing.
Writing XDEF routing logical nets.
Writing XDEF routing special nets.
Wrote RouteStorage: Time (s): cpu = 00:00:00 ; elapsed = 00:00:00.146 . Memory (MB): peak = 2590.711 ; gain = 0.000
Wrote PlaceStorage: Time (s): cpu = 00:00:00 ; elapsed = 00:00:00.006 . Memory (MB): peak = 2590.711 ; gain = 0.000
Wrote Netlist Cache: Time (s): cpu = 00:00:00 ; elapsed = 00:00:00 . Memory (MB): peak = 2590.711 ; gain = 0.000
Wrote Device Cache: Time (s): cpu = 00:00:00 ; elapsed = 00:00:00.056 . Memory (MB): peak = 2590.711 ; gain = 0.000
Write Physdb Complete: Time (s): cpu = 00:00:00 ; elapsed = 00:00:00.250 . Memory (MB): peak = 2590.711 ; gain = 0.000
INFO: [Common 17-1381] The checkpoint 'C:/Users/pande/Documents/PW8/Extensor/Extensor.runs/impl_1/Extensor_routed.dcp' has been generated.
Command: write_bitstream -force Extensor.bit
Attempting to get a license for feature 'Implementation' and/or device 'xc7vx485t'
INFO: [Common 17-349] Got license for feature 'Implementation' and/or device 'xc7vx485t'
INFO: [Common 17-86] Your Implementation license expires in 14 day(s)
Running DRC as a precondition to command write_bitstream
INFO: [IP_Flow 19-1839] IP Catalog is up to date.
INFO: [DRC 23-27] Running DRC with 2 threads
ERROR: [DRC NSTD-1] Unspecified I/O Standard: 22 out of 22 logical ports use I/O standard (IOSTANDARD) value 'DEFAULT', instead of a user assigned specific value. This may cause I/O contention or incompatibility with the board power or connectivity affecting performance, signal integrity or in extreme cases cause damage to the device or the components to which it is connected. To correct this violation, specify all I/O standards. This design will fail to generate a bitstream unless all logical ports have a user specified I/O standard value defined. To allow bitstream creation with unspecified I/O standard values (not recommended), use this command: set_property SEVERITY {Warning} [get_drc_checks NSTD-1].  NOTE: When using the Vivado Runs infrastructure (e.g. launch_runs Tcl command), add this command to a .tcl file and add that file as a pre-hook for write_bitstream step for the implementation run. Problem ports: imm[11:0], immExt[7:0], and immSrc[1:0].
ERROR: [DRC UCIO-1] Unconstrained Logical Port: 9 out of 22 logical ports have no user assigned specific location constraint (LOC). This may cause I/O contention or incompatibility with the board power or connectivity affecting performance, signal integrity or in extreme cases cause damage to the device or the components to which it is connected. To correct this violation, specify all pin locations. This design will fail to generate a bitstream unless all logical ports have a user specified site LOC constraint defined.  To allow bitstream creation with unspecified pin locations (not recommended), use this command: set_property SEVERITY {Warning} [get_drc_checks UCIO-1].  NOTE: When using the Vivado Runs infrastructure (e.g. launch_runs Tcl command), add this command to a .tcl file and add that file as a pre-hook for write_bitstream step for the implementation run.  Problem ports: imm[1], immExt[7], immExt[6], immExt[5], immExt[4], immExt[3], immExt[2], immExt[1], and immSrc[0].
INFO: [Vivado 12-3199] DRC finished with 2 Errors
INFO: [Vivado 12-3200] Please refer to the DRC report (report_drc) for more information.
ERROR: [Vivado 12-1345] Error(s) found during DRC. Bitgen not run.
INFO: [Common 17-83] Releasing license: Implementation
94 Infos, 6 Warnings, 22 Critical Warnings and 3 Errors encountered.
write_bitstream failed
write_bitstream: Time (s): cpu = 00:00:08 ; elapsed = 00:00:08 . Memory (MB): peak = 2590.711 ; gain = 0.000
ERROR: [Common 17-39] 'write_bitstream' failed due to earlier errors.

INFO: [Common 17-206] Exiting Vivado at Tue Apr 14 00:23:45 2026...
