
*** Running vivado
    with args -log MemDatos.vdi -applog -m64 -product Vivado -messageDb vivado.pb -mode batch -source MemDatos.tcl -notrace


****** Vivado v2025.2 (64-bit)
  **** SW Build 6299465 on Fri Nov 14 12:34:56 MST 2025
  **** IP Build 6300035 on Fri Nov 14 10:48:45 MST 2025
  **** SharedData Build 6298862 on Thu Nov 13 04:50:51 MST 2025
  **** Start of session at: Sun May 24 11:37:10 2026
    ** Copyright 1986-2022 Xilinx, Inc. All Rights Reserved.
    ** Copyright 2022-2025 Advanced Micro Devices, Inc. All Rights Reserved.

source MemDatos.tcl -notrace
Command: link_design -top MemDatos -part xc7a100tcsg324-2
Design is defaulting to srcset: sources_1
Design is defaulting to constrset: constrs_1
INFO: [Device 21-403] Loading part xc7a100tcsg324-2
Netlist sorting complete. Time (s): cpu = 00:00:00 ; elapsed = 00:00:00 . Memory (MB): peak = 1751.109 ; gain = 0.000 ; free physical = 1674 ; free virtual = 29277
INFO: [Netlist 29-17] Analyzing 8 Unisim elements for replacement
INFO: [Netlist 29-28] Unisim Transformation completed in 0 CPU seconds
INFO: [Project 1-479] Netlist was created with Vivado 2025.2
INFO: [Project 1-570] Preparing netlist for logic optimization
Parsing XDC File [/home/randomguy/Desktop/Escuela/TT/Vivado/PW-8-Components/MemoriaDatos/MemoriaDatos.srcs/constrs_1/new/ArchRestricciones_MemDatos.xdc]
Finished Parsing XDC File [/home/randomguy/Desktop/Escuela/TT/Vivado/PW-8-Components/MemoriaDatos/MemoriaDatos.srcs/constrs_1/new/ArchRestricciones_MemDatos.xdc]
INFO: [Opt 31-138] Pushed 0 inverter(s) to 0 load pin(s).
Netlist sorting complete. Time (s): cpu = 00:00:00 ; elapsed = 00:00:00 . Memory (MB): peak = 1890.656 ; gain = 0.000 ; free physical = 1539 ; free virtual = 29144
INFO: [Project 1-111] Unisim Transformation Summary:
  A total of 8 instances were transformed.
  RAM256X1S => RAM256X1S (MUXF7(x2), MUXF8, RAMS64E(x4)): 8 instances

7 Infos, 0 Warnings, 0 Critical Warnings and 0 Errors encountered.
link_design completed successfully
link_design: Time (s): cpu = 00:00:06 ; elapsed = 00:00:06 . Memory (MB): peak = 1890.691 ; gain = 269.637 ; free physical = 1539 ; free virtual = 29144
Command: opt_design
Attempting to get a license for feature 'Implementation' and/or device 'xc7a100t'
INFO: [Common 17-349] Got license for feature 'Implementation' and/or device 'xc7a100t'
Running DRC as a precondition to command opt_design

Starting DRC Task
INFO: [DRC 23-27] Running DRC with 8 threads
INFO: [Project 1-461] DRC finished with 0 Errors
INFO: [Project 1-462] Please refer to the DRC report (report_drc) for more information.

Time (s): cpu = 00:00:00.69 ; elapsed = 00:00:00.66 . Memory (MB): peak = 1908.500 ; gain = 17.809 ; free physical = 1522 ; free virtual = 29127

Starting Cache Timing Information Task
INFO: [Timing 38-35] Done setting XDC timing constraints.
Ending Cache Timing Information Task | Checksum: 24ad86053

Time (s): cpu = 00:00:08 ; elapsed = 00:00:09 . Memory (MB): peak = 2412.328 ; gain = 503.828 ; free physical = 1072 ; free virtual = 28690

Starting Logic Optimization Task

Phase 1 Initialization

Phase 1.1 Core Generation And Design Setup
Phase 1.1 Core Generation And Design Setup | Checksum: 24ad86053

Time (s): cpu = 00:00:00 ; elapsed = 00:00:00 . Memory (MB): peak = 2797.047 ; gain = 0.000 ; free physical = 691 ; free virtual = 28309

Phase 1.2 Setup Constraints And Sort Netlist
Phase 1.2 Setup Constraints And Sort Netlist | Checksum: 24ad86053

Time (s): cpu = 00:00:00.01 ; elapsed = 00:00:00 . Memory (MB): peak = 2797.047 ; gain = 0.000 ; free physical = 691 ; free virtual = 28309
Phase 1 Initialization | Checksum: 24ad86053

Time (s): cpu = 00:00:00.01 ; elapsed = 00:00:00 . Memory (MB): peak = 2797.047 ; gain = 0.000 ; free physical = 691 ; free virtual = 28309

Phase 2 Timer Update And Timing Data Collection

Phase 2.1 Detect if minReqCache needed
Phase 2.1 Detect if minReqCache needed | Checksum: 24ad86053

Time (s): cpu = 00:00:00.01 ; elapsed = 00:00:00.01 . Memory (MB): peak = 2797.047 ; gain = 0.000 ; free physical = 690 ; free virtual = 28309

Phase 2.2 Timer Update
Phase 2.2 Timer Update | Checksum: 24ad86053

Time (s): cpu = 00:00:00.03 ; elapsed = 00:00:00.01 . Memory (MB): peak = 2797.047 ; gain = 0.000 ; free physical = 690 ; free virtual = 28309

Phase 2.3 Timing Data Collection
Phase 2.3 Timing Data Collection | Checksum: 24ad86053

Time (s): cpu = 00:00:00.03 ; elapsed = 00:00:00.02 . Memory (MB): peak = 2797.047 ; gain = 0.000 ; free physical = 690 ; free virtual = 28309
Phase 2 Timer Update And Timing Data Collection | Checksum: 24ad86053

Time (s): cpu = 00:00:00.03 ; elapsed = 00:00:00.02 . Memory (MB): peak = 2797.047 ; gain = 0.000 ; free physical = 690 ; free virtual = 28309

Phase 3 Retarget
INFO: [Opt 31-1851] Number of loadless carry chains removed were: 0
INFO: [Opt 31-1834] Total Chains To Be Transformed Were: 0 AND Number of Transformed insts Created are: 0
INFO: [Opt 31-138] Pushed 0 inverter(s) to 0 load pin(s).
INFO: [Opt 31-49] Retargeted 0 cell(s).
Phase 3 Retarget | Checksum: 24ad86053

Time (s): cpu = 00:00:00.04 ; elapsed = 00:00:00.04 . Memory (MB): peak = 2797.047 ; gain = 0.000 ; free physical = 690 ; free virtual = 28309
Retarget | Checksum: 24ad86053
INFO: [Opt 31-389] Phase Retarget created 0 cells and removed 0 cells

Phase 4 Constant propagation
INFO: [Opt 31-138] Pushed 0 inverter(s) to 0 load pin(s).
Phase 4 Constant propagation | Checksum: 24ad86053

Time (s): cpu = 00:00:00.05 ; elapsed = 00:00:00.04 . Memory (MB): peak = 2797.047 ; gain = 0.000 ; free physical = 690 ; free virtual = 28309
Constant propagation | Checksum: 24ad86053
INFO: [Opt 31-389] Phase Constant propagation created 0 cells and removed 0 cells

Phase 5 Sweep
INFO: [Constraints 18-11670] Building netlist checker database with flags, 0x8
Done building netlist checker database: Time (s): cpu = 00:00:00 ; elapsed = 00:00:00 . Memory (MB): peak = 2797.047 ; gain = 0.000 ; free physical = 690 ; free virtual = 28309
Phase 5 Sweep | Checksum: 24ad86053

Time (s): cpu = 00:00:00.05 ; elapsed = 00:00:00.05 . Memory (MB): peak = 2797.047 ; gain = 0.000 ; free physical = 690 ; free virtual = 28309
Sweep | Checksum: 24ad86053
INFO: [Opt 31-389] Phase Sweep created 0 cells and removed 0 cells

Phase 6 BUFG optimization
Phase 6 BUFG optimization | Checksum: 24ad86053

Time (s): cpu = 00:00:00.07 ; elapsed = 00:00:00.06 . Memory (MB): peak = 2829.062 ; gain = 32.016 ; free physical = 690 ; free virtual = 28308
BUFG optimization | Checksum: 24ad86053
INFO: [Opt 31-662] Phase BUFG optimization created 0 cells of which 0 are BUFGs and removed 0 cells.

Phase 7 Shift Register Optimization
INFO: [Opt 31-1064] SRL Remap converted 0 SRLs to 0 registers and converted 0 registers of register chains to 0 SRLs
Phase 7 Shift Register Optimization | Checksum: 24ad86053

Time (s): cpu = 00:00:00.07 ; elapsed = 00:00:00.06 . Memory (MB): peak = 2829.062 ; gain = 32.016 ; free physical = 690 ; free virtual = 28308
Shift Register Optimization | Checksum: 24ad86053
INFO: [Opt 31-389] Phase Shift Register Optimization created 0 cells and removed 0 cells

Phase 8 Post Processing Netlist
Phase 8 Post Processing Netlist | Checksum: 24ad86053

Time (s): cpu = 00:00:00.08 ; elapsed = 00:00:00.07 . Memory (MB): peak = 2829.062 ; gain = 32.016 ; free physical = 690 ; free virtual = 28308
Post Processing Netlist | Checksum: 24ad86053
INFO: [Opt 31-389] Phase Post Processing Netlist created 0 cells and removed 0 cells

Phase 9 Finalization

Phase 9.1 Finalizing Design Cores and Updating Shapes
Phase 9.1 Finalizing Design Cores and Updating Shapes | Checksum: 24ad86053

Time (s): cpu = 00:00:00.08 ; elapsed = 00:00:00.07 . Memory (MB): peak = 2829.062 ; gain = 32.016 ; free physical = 690 ; free virtual = 28308

Phase 9.2 Verifying Netlist Connectivity

Starting Connectivity Check Task

Time (s): cpu = 00:00:00 ; elapsed = 00:00:00.01 . Memory (MB): peak = 2829.062 ; gain = 0.000 ; free physical = 690 ; free virtual = 28308
Phase 9.2 Verifying Netlist Connectivity | Checksum: 24ad86053

Time (s): cpu = 00:00:00.08 ; elapsed = 00:00:00.08 . Memory (MB): peak = 2829.062 ; gain = 32.016 ; free physical = 690 ; free virtual = 28308
Phase 9 Finalization | Checksum: 24ad86053

Time (s): cpu = 00:00:00.08 ; elapsed = 00:00:00.08 . Memory (MB): peak = 2829.062 ; gain = 32.016 ; free physical = 690 ; free virtual = 28308
Opt_design Change Summary
=========================


-------------------------------------------------------------------------------------------------------------------------
|  Phase                        |  #Cells created  |  #Cells Removed  |  #Constrained objects preventing optimizations  |
-------------------------------------------------------------------------------------------------------------------------
|  Retarget                     |               0  |               0  |                                              0  |
|  Constant propagation         |               0  |               0  |                                              0  |
|  Sweep                        |               0  |               0  |                                              0  |
|  BUFG optimization            |               0  |               0  |                                              0  |
|  Shift Register Optimization  |               0  |               0  |                                              0  |
|  Post Processing Netlist      |               0  |               0  |                                              0  |
-------------------------------------------------------------------------------------------------------------------------


Ending Logic Optimization Task | Checksum: 24ad86053

Time (s): cpu = 00:00:00.09 ; elapsed = 00:00:00.08 . Memory (MB): peak = 2829.062 ; gain = 32.016 ; free physical = 690 ; free virtual = 28308

Starting Power Optimization Task
INFO: [Pwropt 34-132] Skipping clock gating for clocks with a period < 2.00 ns.
Ending Power Optimization Task | Checksum: 24ad86053

Time (s): cpu = 00:00:00.01 ; elapsed = 00:00:00.01 . Memory (MB): peak = 2829.062 ; gain = 0.000 ; free physical = 690 ; free virtual = 28309

Starting Final Cleanup Task
Ending Final Cleanup Task | Checksum: 24ad86053

Time (s): cpu = 00:00:00 ; elapsed = 00:00:00 . Memory (MB): peak = 2829.062 ; gain = 0.000 ; free physical = 690 ; free virtual = 28309
Netlist sorting complete. Time (s): cpu = 00:00:00 ; elapsed = 00:00:00 . Memory (MB): peak = 2829.062 ; gain = 0.000 ; free physical = 690 ; free virtual = 28309
INFO: [Common 17-83] Releasing license: Implementation
27 Infos, 0 Warnings, 0 Critical Warnings and 0 Errors encountered.
opt_design completed successfully
opt_design: Time (s): cpu = 00:00:13 ; elapsed = 00:00:14 . Memory (MB): peak = 2829.062 ; gain = 938.371 ; free physical = 690 ; free virtual = 28309
INFO: [Vivado 12-24828] Executing command : report_drc -file MemDatos_drc_opted.rpt -pb MemDatos_drc_opted.pb -rpx MemDatos_drc_opted.rpx
Command: report_drc -file MemDatos_drc_opted.rpt -pb MemDatos_drc_opted.pb -rpx MemDatos_drc_opted.rpx
INFO: [IP_Flow 19-234] Refreshing IP repositories
INFO: [IP_Flow 19-1704] No user IP repositories specified
INFO: [IP_Flow 19-2313] Loaded Vivado IP repository '/home/randomguy/Documents/Vivado/testing/data/ip'.
INFO: [DRC 23-27] Running DRC with 8 threads
INFO: [Vivado_Tcl 2-168] The results of DRC are in file /home/randomguy/Desktop/Escuela/TT/Vivado/PW-8-Components/MemoriaDatos/MemoriaDatos.runs/impl_1/MemDatos_drc_opted.rpt.
report_drc completed successfully
INFO: [Timing 38-480] Writing timing data to binary archive.
Wrote PlaceDB: Time (s): cpu = 00:00:00 ; elapsed = 00:00:00 . Memory (MB): peak = 2829.062 ; gain = 0.000 ; free physical = 657 ; free virtual = 28279
Wrote PulsedLatchDB: Time (s): cpu = 00:00:00 ; elapsed = 00:00:00 . Memory (MB): peak = 2829.062 ; gain = 0.000 ; free physical = 657 ; free virtual = 28279
Writing XDEF routing.
Write ShapeDB Complete: Time (s): cpu = 00:00:00.01 ; elapsed = 00:00:00 . Memory (MB): peak = 2829.062 ; gain = 0.000 ; free physical = 657 ; free virtual = 28279
Writing XDEF routing logical nets.
Writing XDEF routing special nets.
Wrote RouteStorage: Time (s): cpu = 00:00:00.04 ; elapsed = 00:00:00.02 . Memory (MB): peak = 2829.062 ; gain = 0.000 ; free physical = 657 ; free virtual = 28279
Wrote PlaceStorage: Time (s): cpu = 00:00:00.01 ; elapsed = 00:00:00 . Memory (MB): peak = 2829.062 ; gain = 0.000 ; free physical = 657 ; free virtual = 28279
Wrote Netlist Cache: Time (s): cpu = 00:00:00 ; elapsed = 00:00:00 . Memory (MB): peak = 2829.062 ; gain = 0.000 ; free physical = 657 ; free virtual = 28279
Wrote Device Cache: Time (s): cpu = 00:00:00 ; elapsed = 00:00:00.01 . Memory (MB): peak = 2829.062 ; gain = 0.000 ; free physical = 657 ; free virtual = 28279
Write Physdb Complete: Time (s): cpu = 00:00:00.06 ; elapsed = 00:00:00.03 . Memory (MB): peak = 2829.062 ; gain = 0.000 ; free physical = 657 ; free virtual = 28279
INFO: [Common 17-1381] The checkpoint '/home/randomguy/Desktop/Escuela/TT/Vivado/PW-8-Components/MemoriaDatos/MemoriaDatos.runs/impl_1/MemDatos_opt.dcp' has been generated.
Command: place_design
Attempting to get a license for feature 'Implementation' and/or device 'xc7a100t'
INFO: [Common 17-349] Got license for feature 'Implementation' and/or device 'xc7a100t'
INFO: [Common 17-83] Releasing license: Implementation
INFO: [DRC 23-27] Running DRC with 8 threads
INFO: [Vivado_Tcl 4-198] DRC finished with 0 Errors
INFO: [Vivado_Tcl 4-199] Please refer to the DRC report (report_drc) for more information.
INFO: [Timing 38-35] Done setting XDC timing constraints.
Running DRC as a precondition to command place_design
INFO: [DRC 23-27] Running DRC with 8 threads
INFO: [Vivado_Tcl 4-198] DRC finished with 0 Errors
INFO: [Vivado_Tcl 4-199] Please refer to the DRC report (report_drc) for more information.
INFO: [Place 30-611] Multithreading enabled for place_design using a maximum of 8 CPUs

Starting Placer Task

Phase 1 Placer Initialization

Phase 1.1 Placer Initialization Netlist Sorting
Netlist sorting complete. Time (s): cpu = 00:00:00 ; elapsed = 00:00:00 . Memory (MB): peak = 2829.062 ; gain = 0.000 ; free physical = 656 ; free virtual = 28278
Phase 1.1 Placer Initialization Netlist Sorting | Checksum: 14eb7b65b

Time (s): cpu = 00:00:00.01 ; elapsed = 00:00:00.01 . Memory (MB): peak = 2829.062 ; gain = 0.000 ; free physical = 656 ; free virtual = 28278
Netlist sorting complete. Time (s): cpu = 00:00:00 ; elapsed = 00:00:00.01 . Memory (MB): peak = 2829.062 ; gain = 0.000 ; free physical = 655 ; free virtual = 28278

Phase 1.2 IO Placement/ Clock Placement/ Build Placer Device
Phase 1.2 IO Placement/ Clock Placement/ Build Placer Device | Checksum: 125c55789

Time (s): cpu = 00:00:00.88 ; elapsed = 00:00:00.41 . Memory (MB): peak = 2885.090 ; gain = 56.027 ; free physical = 651 ; free virtual = 28278

Phase 1.3 Build Placer Netlist Model
WARNING: [Place 30-2953] Timing driven mode will be turned off because no critical terminals were found.
Phase 1.3 Build Placer Netlist Model | Checksum: 16dc63dfa

Time (s): cpu = 00:00:02 ; elapsed = 00:00:00.6 . Memory (MB): peak = 2917.105 ; gain = 88.043 ; free physical = 651 ; free virtual = 28278

Phase 1.4 Constrain Clocks/Macros
Phase 1.4 Constrain Clocks/Macros | Checksum: 16dc63dfa

Time (s): cpu = 00:00:02 ; elapsed = 00:00:00.61 . Memory (MB): peak = 2917.105 ; gain = 88.043 ; free physical = 651 ; free virtual = 28278
Phase 1 Placer Initialization | Checksum: 16dc63dfa

Time (s): cpu = 00:00:02 ; elapsed = 00:00:00.62 . Memory (MB): peak = 2917.105 ; gain = 88.043 ; free physical = 651 ; free virtual = 28278

Phase 2 Global Placement

Phase 2.1 Floorplanning
Phase 2.1 Floorplanning | Checksum: 16dc63dfa

Time (s): cpu = 00:00:02 ; elapsed = 00:00:00.64 . Memory (MB): peak = 2917.105 ; gain = 88.043 ; free physical = 650 ; free virtual = 28278

Phase 2.2 Update Timing before SLR Path Opt
Phase 2.2 Update Timing before SLR Path Opt | Checksum: 16dc63dfa

Time (s): cpu = 00:00:02 ; elapsed = 00:00:00.64 . Memory (MB): peak = 2917.105 ; gain = 88.043 ; free physical = 650 ; free virtual = 28278

Phase 2.3 Post-Processing in Floorplanning
Phase 2.3 Post-Processing in Floorplanning | Checksum: 16dc63dfa

Time (s): cpu = 00:00:02 ; elapsed = 00:00:00.64 . Memory (MB): peak = 2917.105 ; gain = 88.043 ; free physical = 650 ; free virtual = 28278

Phase 2.4 Global Place Phase1
Phase 2.4 Global Place Phase1 | Checksum: 1dd6de646

Time (s): cpu = 00:00:05 ; elapsed = 00:00:01 . Memory (MB): peak = 2917.105 ; gain = 88.043 ; free physical = 645 ; free virtual = 28273

Phase 2.5 Global Place Phase2
WARNING: [Place 46-29] Timing had been disabled during Placer and, therefore, physical synthesis in Placer will be skipped.
Phase 2.5 Global Place Phase2 | Checksum: 2124e7552

Time (s): cpu = 00:00:10 ; elapsed = 00:00:02 . Memory (MB): peak = 2917.105 ; gain = 88.043 ; free physical = 644 ; free virtual = 28272
Phase 2 Global Placement | Checksum: 2124e7552

Time (s): cpu = 00:00:10 ; elapsed = 00:00:02 . Memory (MB): peak = 2917.105 ; gain = 88.043 ; free physical = 643 ; free virtual = 28272

Phase 3 Detail Placement

Phase 3.1 Commit Multi Column Macros
Phase 3.1 Commit Multi Column Macros | Checksum: 2124e7552

Time (s): cpu = 00:00:10 ; elapsed = 00:00:02 . Memory (MB): peak = 2917.105 ; gain = 88.043 ; free physical = 643 ; free virtual = 28272

Phase 3.2 Commit Most Macros & LUTRAMs
Phase 3.2 Commit Most Macros & LUTRAMs | Checksum: 205b2c967

Time (s): cpu = 00:00:10 ; elapsed = 00:00:02 . Memory (MB): peak = 2917.105 ; gain = 88.043 ; free physical = 643 ; free virtual = 28272

Phase 3.3 Area Swap Optimization
Phase 3.3 Area Swap Optimization | Checksum: 205b2c967

Time (s): cpu = 00:00:11 ; elapsed = 00:00:02 . Memory (MB): peak = 2917.105 ; gain = 88.043 ; free physical = 643 ; free virtual = 28272

Phase 3.4 Pipeline Register Optimization
Phase 3.4 Pipeline Register Optimization | Checksum: 205b2c967

Time (s): cpu = 00:00:11 ; elapsed = 00:00:02 . Memory (MB): peak = 2917.105 ; gain = 88.043 ; free physical = 643 ; free virtual = 28272

Phase 3.5 Small Shape Detail Placement
Phase 3.5 Small Shape Detail Placement | Checksum: 205b2c967

Time (s): cpu = 00:00:11 ; elapsed = 00:00:03 . Memory (MB): peak = 2917.105 ; gain = 88.043 ; free physical = 643 ; free virtual = 28272

Phase 3.6 Re-assign LUT pins
Phase 3.6 Re-assign LUT pins | Checksum: 205b2c967

Time (s): cpu = 00:00:11 ; elapsed = 00:00:03 . Memory (MB): peak = 2917.105 ; gain = 88.043 ; free physical = 643 ; free virtual = 28272

Phase 3.7 Pipeline Register Optimization
Phase 3.7 Pipeline Register Optimization | Checksum: 205b2c967

Time (s): cpu = 00:00:11 ; elapsed = 00:00:03 . Memory (MB): peak = 2917.105 ; gain = 88.043 ; free physical = 643 ; free virtual = 28272
Phase 3 Detail Placement | Checksum: 205b2c967

Time (s): cpu = 00:00:11 ; elapsed = 00:00:03 . Memory (MB): peak = 2917.105 ; gain = 88.043 ; free physical = 643 ; free virtual = 28272

Phase 4 Post Placement Optimization and Clean-Up

Phase 4.1 Post Commit Optimization
Phase 4.1 Post Commit Optimization | Checksum: 205b2c967

Time (s): cpu = 00:00:12 ; elapsed = 00:00:03 . Memory (MB): peak = 2917.105 ; gain = 88.043 ; free physical = 643 ; free virtual = 28272

Phase 4.2 Post Placement Cleanup
Phase 4.2 Post Placement Cleanup | Checksum: 205b2c967

Time (s): cpu = 00:00:12 ; elapsed = 00:00:03 . Memory (MB): peak = 2917.105 ; gain = 88.043 ; free physical = 643 ; free virtual = 28272

Phase 4.3 Placer Reporting

Phase 4.3.1 Print Estimated Congestion
INFO: [Place 30-612] Post-Placement Estimated Congestion 
 ____________________________________________________
|           | Global Congestion | Short Congestion  |
| Direction | Region Size       | Region Size       |
|___________|___________________|___________________|
|      North|                1x1|                1x1|
|___________|___________________|___________________|
|      South|                1x1|                1x1|
|___________|___________________|___________________|
|       East|                1x1|                1x1|
|___________|___________________|___________________|
|       West|                1x1|                1x1|
|___________|___________________|___________________|

Phase 4.3.1 Print Estimated Congestion | Checksum: 205b2c967

Time (s): cpu = 00:00:12 ; elapsed = 00:00:03 . Memory (MB): peak = 2917.105 ; gain = 88.043 ; free physical = 643 ; free virtual = 28272
Phase 4.3 Placer Reporting | Checksum: 205b2c967

Time (s): cpu = 00:00:12 ; elapsed = 00:00:03 . Memory (MB): peak = 2917.105 ; gain = 88.043 ; free physical = 643 ; free virtual = 28272

Phase 4.4 Final Placement Cleanup
Netlist sorting complete. Time (s): cpu = 00:00:00 ; elapsed = 00:00:00 . Memory (MB): peak = 2917.105 ; gain = 0.000 ; free physical = 643 ; free virtual = 28272

Time (s): cpu = 00:00:12 ; elapsed = 00:00:03 . Memory (MB): peak = 2917.105 ; gain = 88.043 ; free physical = 643 ; free virtual = 28272
Phase 4 Post Placement Optimization and Clean-Up | Checksum: 205b2c967

Time (s): cpu = 00:00:12 ; elapsed = 00:00:03 . Memory (MB): peak = 2917.105 ; gain = 88.043 ; free physical = 643 ; free virtual = 28272
Ending Placer Task | Checksum: 1214d3264

Time (s): cpu = 00:00:12 ; elapsed = 00:00:03 . Memory (MB): peak = 2917.105 ; gain = 88.043 ; free physical = 643 ; free virtual = 28272
46 Infos, 2 Warnings, 0 Critical Warnings and 0 Errors encountered.
place_design completed successfully
INFO: [Vivado 12-24838] Running report commands "report_control_sets, report_io, report_utilization" in parallel.
Running report generation with 3 threads.
INFO: [Vivado 12-24828] Executing command : report_control_sets -verbose -file MemDatos_control_sets_placed.rpt
report_control_sets: Time (s): cpu = 00:00:00.19 ; elapsed = 00:00:00.18 . Memory (MB): peak = 2917.105 ; gain = 0.000 ; free physical = 605 ; free virtual = 28234
INFO: [Vivado 12-24828] Executing command : report_utilization -file MemDatos_utilization_placed.rpt -pb MemDatos_utilization_placed.pb
INFO: [Vivado 12-24828] Executing command : report_io -file MemDatos_io_placed.rpt
report_io: Time (s): cpu = 00:00:00.48 ; elapsed = 00:00:00.38 . Memory (MB): peak = 2917.105 ; gain = 0.000 ; free physical = 603 ; free virtual = 28229
INFO: [Timing 38-480] Writing timing data to binary archive.
Wrote PlaceDB: Time (s): cpu = 00:00:00 ; elapsed = 00:00:00 . Memory (MB): peak = 2917.105 ; gain = 0.000 ; free physical = 603 ; free virtual = 28229
Wrote PulsedLatchDB: Time (s): cpu = 00:00:00 ; elapsed = 00:00:00 . Memory (MB): peak = 2917.105 ; gain = 0.000 ; free physical = 603 ; free virtual = 28229
Writing XDEF routing.
Write ShapeDB Complete: Time (s): cpu = 00:00:00 ; elapsed = 00:00:00 . Memory (MB): peak = 2917.105 ; gain = 0.000 ; free physical = 603 ; free virtual = 28229
Writing XDEF routing logical nets.
Writing XDEF routing special nets.
Wrote RouteStorage: Time (s): cpu = 00:00:00.05 ; elapsed = 00:00:00.02 . Memory (MB): peak = 2917.105 ; gain = 0.000 ; free physical = 603 ; free virtual = 28229
Wrote PlaceStorage: Time (s): cpu = 00:00:00.01 ; elapsed = 00:00:00.01 . Memory (MB): peak = 2917.105 ; gain = 0.000 ; free physical = 603 ; free virtual = 28229
Wrote Netlist Cache: Time (s): cpu = 00:00:00 ; elapsed = 00:00:00 . Memory (MB): peak = 2917.105 ; gain = 0.000 ; free physical = 603 ; free virtual = 28229
Wrote Device Cache: Time (s): cpu = 00:00:00.02 ; elapsed = 00:00:00.01 . Memory (MB): peak = 2917.105 ; gain = 0.000 ; free physical = 603 ; free virtual = 28229
Write Physdb Complete: Time (s): cpu = 00:00:00.08 ; elapsed = 00:00:00.04 . Memory (MB): peak = 2917.105 ; gain = 0.000 ; free physical = 603 ; free virtual = 28230
INFO: [Common 17-1381] The checkpoint '/home/randomguy/Desktop/Escuela/TT/Vivado/PW-8-Components/MemoriaDatos/MemoriaDatos.runs/impl_1/MemDatos_placed.dcp' has been generated.
Command: phys_opt_design
Attempting to get a license for feature 'Implementation' and/or device 'xc7a100t'
INFO: [Common 17-349] Got license for feature 'Implementation' and/or device 'xc7a100t'

Starting Initial Update Timing Task
INFO: [Timing 38-35] Done setting XDC timing constraints.

Time (s): cpu = 00:00:00.05 ; elapsed = 00:00:00.04 . Memory (MB): peak = 2917.105 ; gain = 0.000 ; free physical = 582 ; free virtual = 28209
INFO: [Vivado_Tcl 4-2279] Estimated Timing Summary | WNS= 0.000 | TNS= 0.000 | 
INFO: [Vivado_Tcl 4-383] Design worst setup slack (WNS) is greater than or equal to 0.000 ns. All physical synthesis setup optimizations will be skipped.
INFO: [Vivado_Tcl 4-232] No setup violation found. The netlist was not modified.
INFO: [Common 17-83] Releasing license: Implementation
58 Infos, 2 Warnings, 0 Critical Warnings and 0 Errors encountered.
phys_opt_design completed successfully
INFO: [Timing 38-480] Writing timing data to binary archive.
Wrote PlaceDB: Time (s): cpu = 00:00:00 ; elapsed = 00:00:00 . Memory (MB): peak = 2917.105 ; gain = 0.000 ; free physical = 582 ; free virtual = 28209
Write ShapeDB Complete: Time (s): cpu = 00:00:00 ; elapsed = 00:00:00 . Memory (MB): peak = 2917.105 ; gain = 0.000 ; free physical = 582 ; free virtual = 28209
Wrote PulsedLatchDB: Time (s): cpu = 00:00:00 ; elapsed = 00:00:00 . Memory (MB): peak = 2917.105 ; gain = 0.000 ; free physical = 582 ; free virtual = 28209
Writing XDEF routing.
Writing XDEF routing logical nets.
Writing XDEF routing special nets.
Wrote RouteStorage: Time (s): cpu = 00:00:00.04 ; elapsed = 00:00:00.02 . Memory (MB): peak = 2917.105 ; gain = 0.000 ; free physical = 582 ; free virtual = 28209
Wrote PlaceStorage: Time (s): cpu = 00:00:00.01 ; elapsed = 00:00:00.01 . Memory (MB): peak = 2917.105 ; gain = 0.000 ; free physical = 582 ; free virtual = 28209
Wrote Netlist Cache: Time (s): cpu = 00:00:00 ; elapsed = 00:00:00 . Memory (MB): peak = 2917.105 ; gain = 0.000 ; free physical = 582 ; free virtual = 28209
Wrote Device Cache: Time (s): cpu = 00:00:00 ; elapsed = 00:00:00 . Memory (MB): peak = 2917.105 ; gain = 0.000 ; free physical = 582 ; free virtual = 28210
Write Physdb Complete: Time (s): cpu = 00:00:00.07 ; elapsed = 00:00:00.03 . Memory (MB): peak = 2917.105 ; gain = 0.000 ; free physical = 582 ; free virtual = 28210
INFO: [Common 17-1381] The checkpoint '/home/randomguy/Desktop/Escuela/TT/Vivado/PW-8-Components/MemoriaDatos/MemoriaDatos.runs/impl_1/MemDatos_physopt.dcp' has been generated.
Command: route_design
Attempting to get a license for feature 'Implementation' and/or device 'xc7a100t'
INFO: [Common 17-349] Got license for feature 'Implementation' and/or device 'xc7a100t'


Starting Routing Task
INFO: [Route 35-254] Multithreading enabled for route_design using a maximum of 8 CPUs

Phase 1 Build RT Design
Checksum: PlaceDB: 5bace4da ConstDB: 0 ShapeSum: 13cdedf4 RouteDB: b1d25f96
Post Restoration Checksum: NetGraph: f7b87cbd | NumContArr: 93e81480 | Constraints: c2a8fa9d | Timing: c2a8fa9d
Phase 1 Build RT Design | Checksum: 310f28677

Time (s): cpu = 00:00:47 ; elapsed = 00:00:42 . Memory (MB): peak = 2917.105 ; gain = 0.000 ; free physical = 565 ; free virtual = 28209

Phase 2 Router Initialization

Phase 2.1 Fix Topology Constraints
Phase 2.1 Fix Topology Constraints | Checksum: 310f28677

Time (s): cpu = 00:00:47 ; elapsed = 00:00:42 . Memory (MB): peak = 2917.105 ; gain = 0.000 ; free physical = 565 ; free virtual = 28209

Phase 2.2 Pre Route Cleanup
Phase 2.2 Pre Route Cleanup | Checksum: 310f28677

Time (s): cpu = 00:00:47 ; elapsed = 00:00:42 . Memory (MB): peak = 2917.105 ; gain = 0.000 ; free physical = 565 ; free virtual = 28209
 Number of Nodes with overlaps = 0

Phase 2.3 Update Timing
Phase 2.3 Update Timing | Checksum: 293db6a39

Time (s): cpu = 00:00:48 ; elapsed = 00:00:42 . Memory (MB): peak = 2917.105 ; gain = 0.000 ; free physical = 561 ; free virtual = 28206

Phase 2.4 Soft Constraint Pins - Fast Budgeting
Phase 2.4 Soft Constraint Pins - Fast Budgeting | Checksum: 293db6a39

Time (s): cpu = 00:00:48 ; elapsed = 00:00:43 . Memory (MB): peak = 2917.105 ; gain = 0.000 ; free physical = 560 ; free virtual = 28204

Router Utilization Summary
  Global Vertical Routing Utilization    = 0 %
  Global Horizontal Routing Utilization  = 0 %
  Routable Net Status*
  *Does not include unroutable nets such as driverless and loadless.
  Run report_route_status for detailed report.
  Number of Failed Nets               = 25
    (Failed Nets is the sum of unrouted and partially routed nets)
  Number of Unrouted Nets             = 25
  Number of Partially Routed Nets     = 0
  Number of Node Overlaps             = 0

Phase 2 Router Initialization | Checksum: 293db6a39

Time (s): cpu = 00:00:49 ; elapsed = 00:00:43 . Memory (MB): peak = 2917.105 ; gain = 0.000 ; free physical = 560 ; free virtual = 28204

Phase 3 Global Routing
Phase 3 Global Routing | Checksum: 293db6a39

Time (s): cpu = 00:00:49 ; elapsed = 00:00:43 . Memory (MB): peak = 2917.105 ; gain = 0.000 ; free physical = 560 ; free virtual = 28204

Phase 4 Initial Routing

Phase 4.1 Initial Net Routing Pass
Phase 4.1 Initial Net Routing Pass | Checksum: 1cd59a7b3

Time (s): cpu = 00:00:49 ; elapsed = 00:00:43 . Memory (MB): peak = 2917.105 ; gain = 0.000 ; free physical = 559 ; free virtual = 28204
Phase 4 Initial Routing | Checksum: 1cd59a7b3

Time (s): cpu = 00:00:49 ; elapsed = 00:00:43 . Memory (MB): peak = 2917.105 ; gain = 0.000 ; free physical = 559 ; free virtual = 28204

Phase 5 Rip-up And Reroute

Phase 5.1 Global Iteration 0
 Number of Nodes with overlaps = 0
Phase 5.1 Global Iteration 0 | Checksum: 2934a9d74

Time (s): cpu = 00:00:49 ; elapsed = 00:00:43 . Memory (MB): peak = 2917.105 ; gain = 0.000 ; free physical = 559 ; free virtual = 28204
Phase 5 Rip-up And Reroute | Checksum: 2934a9d74

Time (s): cpu = 00:00:49 ; elapsed = 00:00:43 . Memory (MB): peak = 2917.105 ; gain = 0.000 ; free physical = 559 ; free virtual = 28204

Phase 6 Delay and Skew Optimization

Phase 6.1 Delay CleanUp
Phase 6.1 Delay CleanUp | Checksum: 2934a9d74

Time (s): cpu = 00:00:49 ; elapsed = 00:00:43 . Memory (MB): peak = 2917.105 ; gain = 0.000 ; free physical = 559 ; free virtual = 28204

Phase 6.2 Clock Skew Optimization
Phase 6.2 Clock Skew Optimization | Checksum: 2934a9d74

Time (s): cpu = 00:00:49 ; elapsed = 00:00:43 . Memory (MB): peak = 2917.105 ; gain = 0.000 ; free physical = 559 ; free virtual = 28204
Phase 6 Delay and Skew Optimization | Checksum: 2934a9d74

Time (s): cpu = 00:00:49 ; elapsed = 00:00:43 . Memory (MB): peak = 2917.105 ; gain = 0.000 ; free physical = 559 ; free virtual = 28204

Phase 7 Post Hold Fix

Phase 7.1 Hold Fix Iter
Phase 7.1 Hold Fix Iter | Checksum: 2934a9d74

Time (s): cpu = 00:00:49 ; elapsed = 00:00:43 . Memory (MB): peak = 2917.105 ; gain = 0.000 ; free physical = 559 ; free virtual = 28204
Phase 7 Post Hold Fix | Checksum: 2934a9d74

Time (s): cpu = 00:00:49 ; elapsed = 00:00:43 . Memory (MB): peak = 2917.105 ; gain = 0.000 ; free physical = 559 ; free virtual = 28204

Phase 8 Route finalize

Router Utilization Summary
  Global Vertical Routing Utilization    = 0.0228489 %
  Global Horizontal Routing Utilization  = 0.00781472 %
  Routable Net Status*
  *Does not include unroutable nets such as driverless and loadless.
  Run report_route_status for detailed report.
  Number of Failed Nets               = 0
    (Failed Nets is the sum of unrouted and partially routed nets)
  Number of Unrouted Nets             = 0
  Number of Partially Routed Nets     = 0
  Number of Node Overlaps             = 0

Phase 8 Route finalize | Checksum: 2934a9d74

Time (s): cpu = 00:00:49 ; elapsed = 00:00:43 . Memory (MB): peak = 2917.105 ; gain = 0.000 ; free physical = 559 ; free virtual = 28204

Phase 9 Verifying routed nets

 Verification completed successfully
Phase 9 Verifying routed nets | Checksum: 2934a9d74

Time (s): cpu = 00:00:49 ; elapsed = 00:00:43 . Memory (MB): peak = 2917.105 ; gain = 0.000 ; free physical = 559 ; free virtual = 28204

Phase 10 Depositing Routes
Phase 10 Depositing Routes | Checksum: 2934a9d74

Time (s): cpu = 00:00:49 ; elapsed = 00:00:43 . Memory (MB): peak = 2917.105 ; gain = 0.000 ; free physical = 559 ; free virtual = 28204

Phase 11 Post Process Routing
Phase 11 Post Process Routing | Checksum: 2934a9d74

Time (s): cpu = 00:00:49 ; elapsed = 00:00:43 . Memory (MB): peak = 2917.105 ; gain = 0.000 ; free physical = 559 ; free virtual = 28204

Phase 12 Post Router Timing
Phase 12 Post Router Timing | Checksum: 2934a9d74

Time (s): cpu = 00:00:49 ; elapsed = 00:00:43 . Memory (MB): peak = 2917.105 ; gain = 0.000 ; free physical = 559 ; free virtual = 28204
Total Elapsed time in route_design: 42.9 secs

Phase 13 Post-Route Event Processing
Phase 13 Post-Route Event Processing | Checksum: 12b8c58cf

Time (s): cpu = 00:00:49 ; elapsed = 00:00:43 . Memory (MB): peak = 2917.105 ; gain = 0.000 ; free physical = 559 ; free virtual = 28204
INFO: [Route 35-16] Router Completed Successfully
Ending Routing Task | Checksum: 12b8c58cf

Time (s): cpu = 00:00:49 ; elapsed = 00:00:43 . Memory (MB): peak = 2917.105 ; gain = 0.000 ; free physical = 559 ; free virtual = 28204

Routing Is Done.
INFO: [Common 17-83] Releasing license: Implementation
64 Infos, 2 Warnings, 0 Critical Warnings and 0 Errors encountered.
route_design completed successfully
route_design: Time (s): cpu = 00:00:50 ; elapsed = 00:00:43 . Memory (MB): peak = 2917.105 ; gain = 0.000 ; free physical = 559 ; free virtual = 28204
INFO: [Vivado 12-24828] Executing command : report_drc -file MemDatos_drc_routed.rpt -pb MemDatos_drc_routed.pb -rpx MemDatos_drc_routed.rpx
Command: report_drc -file MemDatos_drc_routed.rpt -pb MemDatos_drc_routed.pb -rpx MemDatos_drc_routed.rpx
INFO: [IP_Flow 19-1839] IP Catalog is up to date.
INFO: [DRC 23-27] Running DRC with 8 threads
INFO: [Vivado_Tcl 2-168] The results of DRC are in file /home/randomguy/Desktop/Escuela/TT/Vivado/PW-8-Components/MemoriaDatos/MemoriaDatos.runs/impl_1/MemDatos_drc_routed.rpt.
report_drc completed successfully
INFO: [Vivado 12-24828] Executing command : report_methodology -file MemDatos_methodology_drc_routed.rpt -pb MemDatos_methodology_drc_routed.pb -rpx MemDatos_methodology_drc_routed.rpx
Command: report_methodology -file MemDatos_methodology_drc_routed.rpt -pb MemDatos_methodology_drc_routed.pb -rpx MemDatos_methodology_drc_routed.rpx
INFO: [Timing 38-35] Done setting XDC timing constraints.
INFO: [DRC 23-133] Running Methodology with 8 threads
INFO: [Vivado_Tcl 2-1520] The results of Report Methodology are in file /home/randomguy/Desktop/Escuela/TT/Vivado/PW-8-Components/MemoriaDatos/MemoriaDatos.runs/impl_1/MemDatos_methodology_drc_routed.rpt.
report_methodology completed successfully
INFO: [Vivado 12-24828] Executing command : report_timing_summary -max_paths 10 -routable_nets -report_unconstrained -file MemDatos_timing_summary_routed.rpt -pb MemDatos_timing_summary_routed.pb -rpx MemDatos_timing_summary_routed.rpx -warn_on_violation 
INFO: [Timing 38-35] Done setting XDC timing constraints.
INFO: [Timing 38-91] UpdateTimingParams: Speed grade: -2, Delay Type: min_max.
INFO: [Timing 38-191] Multithreading enabled for timing update using a maximum of 8 CPUs
INFO: [Vivado 12-24838] Running report commands "report_bus_skew, report_incremental_reuse, report_route_status" in parallel.
Running report generation with 3 threads.
INFO: [Vivado 12-24828] Executing command : report_route_status -file MemDatos_route_status.rpt -pb MemDatos_route_status.pb
INFO: [Vivado 12-24828] Executing command : report_incremental_reuse -file MemDatos_incremental_reuse_routed.rpt
INFO: [Vivado_Tcl 4-1062] Incremental flow is disabled. No incremental reuse Info to report.
INFO: [Vivado 12-24828] Executing command : report_bus_skew -warn_on_violation -file MemDatos_bus_skew_routed.rpt -pb MemDatos_bus_skew_routed.pb -rpx MemDatos_bus_skew_routed.rpx
INFO: [Timing 38-91] UpdateTimingParams: Speed grade: -2, Delay Type: min_max.
INFO: [Timing 38-191] Multithreading enabled for timing update using a maximum of 8 CPUs
INFO: [Vivado 12-24828] Executing command : report_power -file MemDatos_power_routed.rpt -pb MemDatos_power_summary_routed.pb -rpx MemDatos_power_routed.rpx
Command: report_power -file MemDatos_power_routed.rpt -pb MemDatos_power_summary_routed.pb -rpx MemDatos_power_routed.rpx
Running Vector-less Activity Propagation...

Finished Running Vector-less Activity Propagation
84 Infos, 2 Warnings, 0 Critical Warnings and 0 Errors encountered.
report_power completed successfully
INFO: [Vivado 12-24828] Executing command : report_clock_utilization -file MemDatos_clock_utilization_routed.rpt
INFO: [Timing 38-480] Writing timing data to binary archive.
Wrote PlaceDB: Time (s): cpu = 00:00:00 ; elapsed = 00:00:00 . Memory (MB): peak = 2925.109 ; gain = 0.000 ; free physical = 515 ; free virtual = 28160
Wrote PulsedLatchDB: Time (s): cpu = 00:00:00 ; elapsed = 00:00:00 . Memory (MB): peak = 2925.109 ; gain = 0.000 ; free physical = 515 ; free virtual = 28160
Write ShapeDB Complete: Time (s): cpu = 00:00:00 ; elapsed = 00:00:00 . Memory (MB): peak = 2925.109 ; gain = 0.000 ; free physical = 515 ; free virtual = 28160
Writing XDEF routing.
Writing XDEF routing logical nets.
Writing XDEF routing special nets.
Wrote RouteStorage: Time (s): cpu = 00:00:00.05 ; elapsed = 00:00:00.02 . Memory (MB): peak = 2925.109 ; gain = 0.000 ; free physical = 515 ; free virtual = 28160
Wrote PlaceStorage: Time (s): cpu = 00:00:00.01 ; elapsed = 00:00:00.01 . Memory (MB): peak = 2925.109 ; gain = 0.000 ; free physical = 515 ; free virtual = 28160
Wrote Netlist Cache: Time (s): cpu = 00:00:00 ; elapsed = 00:00:00 . Memory (MB): peak = 2925.109 ; gain = 0.000 ; free physical = 515 ; free virtual = 28160
Wrote Device Cache: Time (s): cpu = 00:00:00.02 ; elapsed = 00:00:00.01 . Memory (MB): peak = 2925.109 ; gain = 0.000 ; free physical = 515 ; free virtual = 28161
Write Physdb Complete: Time (s): cpu = 00:00:00.08 ; elapsed = 00:00:00.04 . Memory (MB): peak = 2925.109 ; gain = 0.000 ; free physical = 515 ; free virtual = 28161
INFO: [Common 17-1381] The checkpoint '/home/randomguy/Desktop/Escuela/TT/Vivado/PW-8-Components/MemoriaDatos/MemoriaDatos.runs/impl_1/MemDatos_routed.dcp' has been generated.
Command: write_bitstream -force MemDatos.bit
Attempting to get a license for feature 'Implementation' and/or device 'xc7a100t'
INFO: [Common 17-349] Got license for feature 'Implementation' and/or device 'xc7a100t'
Running DRC as a precondition to command write_bitstream
INFO: [IP_Flow 19-1839] IP Catalog is up to date.
INFO: [DRC 23-27] Running DRC with 8 threads
INFO: [Vivado 12-3199] DRC finished with 0 Errors
INFO: [Vivado 12-3200] Please refer to the DRC report (report_drc) for more information.
Integrating Hard IP ELF/MEM with the PDI.
INFO: [Designutils 20-2272] Running write_bitstream with 8 threads.
Loading data files...
Loading site data...
Loading route data...
Processing options...
Creating bitmap...
Creating bitstream...
Writing bitstream ./MemDatos.bit...
INFO: [Vivado 12-1842] Bitgen Completed Successfully.
INFO: [Common 17-83] Releasing license: Implementation
95 Infos, 2 Warnings, 0 Critical Warnings and 0 Errors encountered.
write_bitstream completed successfully
write_bitstream: Time (s): cpu = 00:00:11 ; elapsed = 00:00:15 . Memory (MB): peak = 3105.789 ; gain = 180.680 ; free physical = 519 ; free virtual = 27979
INFO: [Common 17-206] Exiting Vivado at Sun May 24 11:38:46 2026...
