
*** Running vivado
    with args -log Procesador.vdi -applog -m64 -product Vivado -messageDb vivado.pb -mode batch -source Procesador.tcl -notrace


****** Vivado v2025.2 (64-bit)
  **** SW Build 6299465 on Fri Nov 14 12:34:56 MST 2025
  **** IP Build 6300035 on Fri Nov 14 10:48:45 MST 2025
  **** SharedData Build 6298862 on Thu Nov 13 04:50:51 MST 2025
  **** Start of session at: Mon May 11 12:56:37 2026
    ** Copyright 1986-2022 Xilinx, Inc. All Rights Reserved.
    ** Copyright 2022-2025 Advanced Micro Devices, Inc. All Rights Reserved.

source Procesador.tcl -notrace
Command: link_design -top Procesador -part xc7a100tcsg324-2
Design is defaulting to srcset: sources_1
Design is defaulting to constrset: constrs_1
INFO: [Device 21-403] Loading part xc7a100tcsg324-2
Netlist sorting complete. Time (s): cpu = 00:00:00 ; elapsed = 00:00:00 . Memory (MB): peak = 1753.078 ; gain = 0.000 ; free physical = 1625 ; free virtual = 27562
INFO: [Netlist 29-17] Analyzing 17 Unisim elements for replacement
INFO: [Netlist 29-28] Unisim Transformation completed in 0 CPU seconds
INFO: [Project 1-479] Netlist was created with Vivado 2025.2
INFO: [Project 1-570] Preparing netlist for logic optimization
Parsing XDC File [/home/randomguy/Desktop/Escuela/TT/Vivado/PW-8-Components/RV8I/RV8I.srcs/constrs_1/new/ArchRes_Procesador.xdc]
Finished Parsing XDC File [/home/randomguy/Desktop/Escuela/TT/Vivado/PW-8-Components/RV8I/RV8I.srcs/constrs_1/new/ArchRes_Procesador.xdc]
INFO: [Opt 31-138] Pushed 0 inverter(s) to 0 load pin(s).
Netlist sorting complete. Time (s): cpu = 00:00:00 ; elapsed = 00:00:00 . Memory (MB): peak = 1947.652 ; gain = 0.000 ; free physical = 1500 ; free virtual = 27437
INFO: [Project 1-111] Unisim Transformation Summary:
  A total of 6 instances were transformed.
  RAM32M => RAM32M (RAMD32(x6), RAMS32(x2)): 2 instances
  RAM32X1D => RAM32X1D (RAMD32(x2)): 4 instances

7 Infos, 0 Warnings, 0 Critical Warnings and 0 Errors encountered.
link_design completed successfully
link_design: Time (s): cpu = 00:00:06 ; elapsed = 00:00:06 . Memory (MB): peak = 1947.688 ; gain = 327.664 ; free physical = 1500 ; free virtual = 27437
Command: opt_design
Attempting to get a license for feature 'Implementation' and/or device 'xc7a100t'
INFO: [Common 17-349] Got license for feature 'Implementation' and/or device 'xc7a100t'
Running DRC as a precondition to command opt_design

Starting DRC Task
INFO: [DRC 23-27] Running DRC with 8 threads
INFO: [Project 1-461] DRC finished with 0 Errors, 16 Warnings
INFO: [Project 1-462] Please refer to the DRC report (report_drc) for more information.

Time (s): cpu = 00:00:00.64 ; elapsed = 00:00:00.62 . Memory (MB): peak = 1971.434 ; gain = 23.746 ; free physical = 1487 ; free virtual = 27424

Starting Cache Timing Information Task
INFO: [Timing 38-35] Done setting XDC timing constraints.
Ending Cache Timing Information Task | Checksum: 17c8345d2

Time (s): cpu = 00:00:08 ; elapsed = 00:00:08 . Memory (MB): peak = 2482.262 ; gain = 510.828 ; free physical = 1054 ; free virtual = 26989

Starting Logic Optimization Task

Phase 1 Initialization

Phase 1.1 Core Generation And Design Setup
Phase 1.1 Core Generation And Design Setup | Checksum: 17c8345d2

Time (s): cpu = 00:00:00 ; elapsed = 00:00:00 . Memory (MB): peak = 2859.980 ; gain = 0.000 ; free physical = 676 ; free virtual = 26611

Phase 1.2 Setup Constraints And Sort Netlist
Phase 1.2 Setup Constraints And Sort Netlist | Checksum: 17c8345d2

Time (s): cpu = 00:00:00 ; elapsed = 00:00:00.01 . Memory (MB): peak = 2859.980 ; gain = 0.000 ; free physical = 676 ; free virtual = 26611
Phase 1 Initialization | Checksum: 17c8345d2

Time (s): cpu = 00:00:00 ; elapsed = 00:00:00.01 . Memory (MB): peak = 2859.980 ; gain = 0.000 ; free physical = 676 ; free virtual = 26611

Phase 2 Timer Update And Timing Data Collection

Phase 2.1 Detect if minReqCache needed
Phase 2.1 Detect if minReqCache needed | Checksum: 17c8345d2

Time (s): cpu = 00:00:00.01 ; elapsed = 00:00:00.01 . Memory (MB): peak = 2862.949 ; gain = 2.969 ; free physical = 676 ; free virtual = 26611

Phase 2.2 Timer Update
Phase 2.2 Timer Update | Checksum: 17c8345d2

Time (s): cpu = 00:00:00.03 ; elapsed = 00:00:00.03 . Memory (MB): peak = 2862.949 ; gain = 2.969 ; free physical = 676 ; free virtual = 26611

Phase 2.3 Timing Data Collection
Phase 2.3 Timing Data Collection | Checksum: 17c8345d2

Time (s): cpu = 00:00:00.04 ; elapsed = 00:00:00.03 . Memory (MB): peak = 2862.949 ; gain = 2.969 ; free physical = 676 ; free virtual = 26611
Phase 2 Timer Update And Timing Data Collection | Checksum: 17c8345d2

Time (s): cpu = 00:00:00.04 ; elapsed = 00:00:00.03 . Memory (MB): peak = 2862.949 ; gain = 2.969 ; free physical = 676 ; free virtual = 26611

Phase 3 Retarget
INFO: [Opt 31-1851] Number of loadless carry chains removed were: 0
INFO: [Opt 31-1834] Total Chains To Be Transformed Were: 0 AND Number of Transformed insts Created are: 0
INFO: [Opt 31-138] Pushed 0 inverter(s) to 0 load pin(s).
INFO: [Opt 31-49] Retargeted 0 cell(s).
Phase 3 Retarget | Checksum: 17c8345d2

Time (s): cpu = 00:00:00.05 ; elapsed = 00:00:00.06 . Memory (MB): peak = 2862.949 ; gain = 2.969 ; free physical = 675 ; free virtual = 26610
Retarget | Checksum: 17c8345d2
INFO: [Opt 31-389] Phase Retarget created 0 cells and removed 0 cells

Phase 4 Constant propagation
INFO: [Opt 31-138] Pushed 0 inverter(s) to 0 load pin(s).
Phase 4 Constant propagation | Checksum: 17c8345d2

Time (s): cpu = 00:00:00.06 ; elapsed = 00:00:00.06 . Memory (MB): peak = 2862.949 ; gain = 2.969 ; free physical = 675 ; free virtual = 26610
Constant propagation | Checksum: 17c8345d2
INFO: [Opt 31-389] Phase Constant propagation created 0 cells and removed 0 cells

Phase 5 Sweep
INFO: [Constraints 18-11670] Building netlist checker database with flags, 0x8
Done building netlist checker database: Time (s): cpu = 00:00:00 ; elapsed = 00:00:00 . Memory (MB): peak = 2862.949 ; gain = 0.000 ; free physical = 675 ; free virtual = 26610
Phase 5 Sweep | Checksum: 1db523886

Time (s): cpu = 00:00:00.07 ; elapsed = 00:00:00.07 . Memory (MB): peak = 2862.949 ; gain = 2.969 ; free physical = 675 ; free virtual = 26610
Sweep | Checksum: 1db523886
INFO: [Opt 31-389] Phase Sweep created 0 cells and removed 0 cells

Phase 6 BUFG optimization
INFO: [Opt 31-194] Inserted BUFG DivFrecuencia/CLK_BUFG_inst to drive 16 load(s) on clock net DivFrecuencia/CLK_BUFG
INFO: [Opt 31-193] Inserted 1 BUFG(s) on clock nets
Phase 6 BUFG optimization | Checksum: 20c5f35c8

Time (s): cpu = 00:00:00.08 ; elapsed = 00:00:00.08 . Memory (MB): peak = 2894.965 ; gain = 34.984 ; free physical = 675 ; free virtual = 26610
BUFG optimization | Checksum: 20c5f35c8
INFO: [Opt 31-662] Phase BUFG optimization created 1 cells of which 1 are BUFGs and removed 0 cells.

Phase 7 Shift Register Optimization
INFO: [Opt 31-1064] SRL Remap converted 0 SRLs to 0 registers and converted 0 registers of register chains to 0 SRLs
Phase 7 Shift Register Optimization | Checksum: 20c5f35c8

Time (s): cpu = 00:00:00.09 ; elapsed = 00:00:00.09 . Memory (MB): peak = 2894.965 ; gain = 34.984 ; free physical = 675 ; free virtual = 26610
Shift Register Optimization | Checksum: 20c5f35c8
INFO: [Opt 31-389] Phase Shift Register Optimization created 0 cells and removed 0 cells

Phase 8 Post Processing Netlist
Phase 8 Post Processing Netlist | Checksum: 20c5f35c8

Time (s): cpu = 00:00:00.09 ; elapsed = 00:00:00.09 . Memory (MB): peak = 2894.965 ; gain = 34.984 ; free physical = 675 ; free virtual = 26610
Post Processing Netlist | Checksum: 20c5f35c8
INFO: [Opt 31-389] Phase Post Processing Netlist created 0 cells and removed 0 cells

Phase 9 Finalization

Phase 9.1 Finalizing Design Cores and Updating Shapes
Phase 9.1 Finalizing Design Cores and Updating Shapes | Checksum: 295318d3f

Time (s): cpu = 00:00:00.11 ; elapsed = 00:00:00.11 . Memory (MB): peak = 2894.965 ; gain = 34.984 ; free physical = 675 ; free virtual = 26610

Phase 9.2 Verifying Netlist Connectivity

Starting Connectivity Check Task

Time (s): cpu = 00:00:00 ; elapsed = 00:00:00 . Memory (MB): peak = 2894.965 ; gain = 0.000 ; free physical = 675 ; free virtual = 26610
Phase 9.2 Verifying Netlist Connectivity | Checksum: 295318d3f

Time (s): cpu = 00:00:00.11 ; elapsed = 00:00:00.11 . Memory (MB): peak = 2894.965 ; gain = 34.984 ; free physical = 675 ; free virtual = 26610
Phase 9 Finalization | Checksum: 295318d3f

Time (s): cpu = 00:00:00.11 ; elapsed = 00:00:00.11 . Memory (MB): peak = 2894.965 ; gain = 34.984 ; free physical = 675 ; free virtual = 26610
Opt_design Change Summary
=========================


-------------------------------------------------------------------------------------------------------------------------
|  Phase                        |  #Cells created  |  #Cells Removed  |  #Constrained objects preventing optimizations  |
-------------------------------------------------------------------------------------------------------------------------
|  Retarget                     |               0  |               0  |                                              0  |
|  Constant propagation         |               0  |               0  |                                              0  |
|  Sweep                        |               0  |               0  |                                              0  |
|  BUFG optimization            |               1  |               0  |                                              0  |
|  Shift Register Optimization  |               0  |               0  |                                              0  |
|  Post Processing Netlist      |               0  |               0  |                                              0  |
-------------------------------------------------------------------------------------------------------------------------


Ending Logic Optimization Task | Checksum: 295318d3f

Time (s): cpu = 00:00:00.12 ; elapsed = 00:00:00.12 . Memory (MB): peak = 2894.965 ; gain = 34.984 ; free physical = 675 ; free virtual = 26610

Starting Power Optimization Task
INFO: [Pwropt 34-132] Skipping clock gating for clocks with a period < 2.00 ns.
Ending Power Optimization Task | Checksum: 295318d3f

Time (s): cpu = 00:00:00.01 ; elapsed = 00:00:00.01 . Memory (MB): peak = 2894.965 ; gain = 0.000 ; free physical = 675 ; free virtual = 26610

Starting Final Cleanup Task
Ending Final Cleanup Task | Checksum: 295318d3f

Time (s): cpu = 00:00:00 ; elapsed = 00:00:00 . Memory (MB): peak = 2894.965 ; gain = 0.000 ; free physical = 675 ; free virtual = 26610
Netlist sorting complete. Time (s): cpu = 00:00:00 ; elapsed = 00:00:00 . Memory (MB): peak = 2894.965 ; gain = 0.000 ; free physical = 675 ; free virtual = 26610
INFO: [Common 17-83] Releasing license: Implementation
29 Infos, 0 Warnings, 0 Critical Warnings and 0 Errors encountered.
opt_design completed successfully
opt_design: Time (s): cpu = 00:00:13 ; elapsed = 00:00:13 . Memory (MB): peak = 2894.965 ; gain = 947.277 ; free physical = 675 ; free virtual = 26610
INFO: [Vivado 12-24828] Executing command : report_drc -file Procesador_drc_opted.rpt -pb Procesador_drc_opted.pb -rpx Procesador_drc_opted.rpx
Command: report_drc -file Procesador_drc_opted.rpt -pb Procesador_drc_opted.pb -rpx Procesador_drc_opted.rpx
INFO: [IP_Flow 19-234] Refreshing IP repositories
INFO: [IP_Flow 19-1704] No user IP repositories specified
INFO: [IP_Flow 19-2313] Loaded Vivado IP repository '/home/randomguy/Documents/Vivado/testing/data/ip'.
INFO: [DRC 23-27] Running DRC with 8 threads
INFO: [Vivado_Tcl 2-168] The results of DRC are in file /home/randomguy/Desktop/Escuela/TT/Vivado/PW-8-Components/RV8I/RV8I.runs/impl_1/Procesador_drc_opted.rpt.
report_drc completed successfully
INFO: [Timing 38-480] Writing timing data to binary archive.
Wrote PlaceDB: Time (s): cpu = 00:00:00 ; elapsed = 00:00:00 . Memory (MB): peak = 2894.965 ; gain = 0.000 ; free physical = 664 ; free virtual = 26599
Write ShapeDB Complete: Time (s): cpu = 00:00:00 ; elapsed = 00:00:00 . Memory (MB): peak = 2894.965 ; gain = 0.000 ; free physical = 664 ; free virtual = 26599
Wrote PulsedLatchDB: Time (s): cpu = 00:00:00 ; elapsed = 00:00:00 . Memory (MB): peak = 2894.965 ; gain = 0.000 ; free physical = 664 ; free virtual = 26599
Writing XDEF routing.
Writing XDEF routing logical nets.
Writing XDEF routing special nets.
Wrote RouteStorage: Time (s): cpu = 00:00:00.07 ; elapsed = 00:00:00.03 . Memory (MB): peak = 2894.965 ; gain = 0.000 ; free physical = 664 ; free virtual = 26599
Wrote PlaceStorage: Time (s): cpu = 00:00:00 ; elapsed = 00:00:00 . Memory (MB): peak = 2894.965 ; gain = 0.000 ; free physical = 664 ; free virtual = 26599
Wrote Netlist Cache: Time (s): cpu = 00:00:00 ; elapsed = 00:00:00 . Memory (MB): peak = 2894.965 ; gain = 0.000 ; free physical = 664 ; free virtual = 26599
Wrote Device Cache: Time (s): cpu = 00:00:00.02 ; elapsed = 00:00:00.01 . Memory (MB): peak = 2894.965 ; gain = 0.000 ; free physical = 664 ; free virtual = 26600
Write Physdb Complete: Time (s): cpu = 00:00:00.09 ; elapsed = 00:00:00.04 . Memory (MB): peak = 2894.965 ; gain = 0.000 ; free physical = 664 ; free virtual = 26600
INFO: [Common 17-1381] The checkpoint '/home/randomguy/Desktop/Escuela/TT/Vivado/PW-8-Components/RV8I/RV8I.runs/impl_1/Procesador_opt.dcp' has been generated.
Command: place_design
Attempting to get a license for feature 'Implementation' and/or device 'xc7a100t'
INFO: [Common 17-349] Got license for feature 'Implementation' and/or device 'xc7a100t'
INFO: [Common 17-83] Releasing license: Implementation
INFO: [DRC 23-27] Running DRC with 8 threads
INFO: [Vivado_Tcl 4-198] DRC finished with 0 Errors
INFO: [Vivado_Tcl 4-199] Please refer to the DRC report (report_drc) for more information.
INFO: [Timing 38-35] Done setting XDC timing constraints.
Running DRC as a precondition to command place_design
INFO: [DRC 23-27] Running DRC with 8 threads
INFO: [Vivado_Tcl 4-198] DRC finished with 0 Errors, 16 Warnings
INFO: [Vivado_Tcl 4-199] Please refer to the DRC report (report_drc) for more information.
INFO: [Place 30-611] Multithreading enabled for place_design using a maximum of 8 CPUs

Starting Placer Task

Phase 1 Placer Initialization

Phase 1.1 Placer Initialization Netlist Sorting
Netlist sorting complete. Time (s): cpu = 00:00:00 ; elapsed = 00:00:00 . Memory (MB): peak = 2894.965 ; gain = 0.000 ; free physical = 652 ; free virtual = 26588
Phase 1.1 Placer Initialization Netlist Sorting | Checksum: 1dcf5c74b

Time (s): cpu = 00:00:00.01 ; elapsed = 00:00:00 . Memory (MB): peak = 2894.965 ; gain = 0.000 ; free physical = 652 ; free virtual = 26588
Netlist sorting complete. Time (s): cpu = 00:00:00 ; elapsed = 00:00:00 . Memory (MB): peak = 2894.965 ; gain = 0.000 ; free physical = 652 ; free virtual = 26588

Phase 1.2 IO Placement/ Clock Placement/ Build Placer Device
Phase 1.2 IO Placement/ Clock Placement/ Build Placer Device | Checksum: 1769846e8

Time (s): cpu = 00:00:00.77 ; elapsed = 00:00:00.37 . Memory (MB): peak = 2894.965 ; gain = 0.000 ; free physical = 652 ; free virtual = 26588

Phase 1.3 Build Placer Netlist Model
Phase 1.3 Build Placer Netlist Model | Checksum: 1fc180dc9

Time (s): cpu = 00:00:01 ; elapsed = 00:00:00.53 . Memory (MB): peak = 2926.980 ; gain = 32.016 ; free physical = 652 ; free virtual = 26588

Phase 1.4 Constrain Clocks/Macros
Phase 1.4 Constrain Clocks/Macros | Checksum: 1fc180dc9

Time (s): cpu = 00:00:01 ; elapsed = 00:00:00.53 . Memory (MB): peak = 2926.980 ; gain = 32.016 ; free physical = 652 ; free virtual = 26588
Phase 1 Placer Initialization | Checksum: 1fc180dc9

Time (s): cpu = 00:00:01 ; elapsed = 00:00:00.55 . Memory (MB): peak = 2926.980 ; gain = 32.016 ; free physical = 652 ; free virtual = 26588

Phase 2 Global Placement

Phase 2.1 Floorplanning
Phase 2.1 Floorplanning | Checksum: 2505ad687

Time (s): cpu = 00:00:02 ; elapsed = 00:00:00.7 . Memory (MB): peak = 2926.980 ; gain = 32.016 ; free physical = 652 ; free virtual = 26587

Phase 2.2 Update Timing before SLR Path Opt
Phase 2.2 Update Timing before SLR Path Opt | Checksum: 273ce4a13

Time (s): cpu = 00:00:02 ; elapsed = 00:00:00.73 . Memory (MB): peak = 2926.980 ; gain = 32.016 ; free physical = 651 ; free virtual = 26587

Phase 2.3 Post-Processing in Floorplanning
Phase 2.3 Post-Processing in Floorplanning | Checksum: 273ce4a13

Time (s): cpu = 00:00:02 ; elapsed = 00:00:00.73 . Memory (MB): peak = 2926.980 ; gain = 32.016 ; free physical = 651 ; free virtual = 26587

Phase 2.4 Global Place Phase1
Phase 2.4 Global Place Phase1 | Checksum: 1fce0edf3

Time (s): cpu = 00:00:15 ; elapsed = 00:00:03 . Memory (MB): peak = 2926.980 ; gain = 32.016 ; free physical = 649 ; free virtual = 26585

Phase 2.5 Global Place Phase2

Phase 2.5.1 UpdateTiming Before Physical Synthesis
Phase 2.5.1 UpdateTiming Before Physical Synthesis | Checksum: 1fce0edf3

Time (s): cpu = 00:00:15 ; elapsed = 00:00:03 . Memory (MB): peak = 2926.980 ; gain = 32.016 ; free physical = 649 ; free virtual = 26585

Phase 2.5.2 Physical Synthesis In Placer
INFO: [Physopt 32-1035] Found 0 LUTNM shape to break, 15 LUT instances to create LUTNM shape
INFO: [Physopt 32-1044] Break lutnm for timing: one critical 0, two critical 0, total 0, new lutff created 0
INFO: [Physopt 32-1138] End 1 Pass. Optimized 7 nets or LUTs. Breaked 0 LUT, combined 7 existing LUTs and moved 0 existing LUT
INFO: [Physopt 32-65] No nets found for high-fanout optimization.
INFO: [Physopt 32-232] Optimized 0 net. Created 0 new instance.
INFO: [Physopt 32-775] End 1 Pass. Optimized 0 net or cell. Created 0 new cell, deleted 0 existing cell and moved 0 existing cell
INFO: [Physopt 32-670] No setup violation found.  DSP Register Optimization was not performed.
INFO: [Physopt 32-670] No setup violation found.  Shift Register to Pipeline Optimization was not performed.
INFO: [Physopt 32-670] No setup violation found.  Shift Register Optimization was not performed.
INFO: [Physopt 32-670] No setup violation found.  BRAM Register Optimization was not performed.
INFO: [Physopt 32-670] No setup violation found.  URAM Register Optimization was not performed.
INFO: [Physopt 32-949] No candidate nets found for dynamic/static region interface net replication
INFO: [Physopt 32-775] End 1 Pass. Optimized 0 net or cell. Created 0 new cell, deleted 0 existing cell and moved 0 existing cell
Netlist sorting complete. Time (s): cpu = 00:00:00 ; elapsed = 00:00:00 . Memory (MB): peak = 2926.980 ; gain = 0.000 ; free physical = 648 ; free virtual = 26587

Summary of Physical Synthesis Optimizations
============================================


-----------------------------------------------------------------------------------------------------------------------------------------------------------
|  Optimization                                     |  Added Cells  |  Removed Cells  |  Optimized Cells/Nets  |  Dont Touch  |  Iterations  |  Elapsed   |
-----------------------------------------------------------------------------------------------------------------------------------------------------------
|  LUT Combining                                    |            0  |              7  |                     7  |           0  |           1  |  00:00:00  |
|  Retime                                           |            0  |              0  |                     0  |           0  |           1  |  00:00:00  |
|  Very High Fanout                                 |            0  |              0  |                     0  |           0  |           1  |  00:00:00  |
|  DSP Register                                     |            0  |              0  |                     0  |           0  |           0  |  00:00:00  |
|  Shift Register to Pipeline                       |            0  |              0  |                     0  |           0  |           0  |  00:00:00  |
|  Shift Register                                   |            0  |              0  |                     0  |           0  |           0  |  00:00:00  |
|  BRAM Register                                    |            0  |              0  |                     0  |           0  |           0  |  00:00:00  |
|  URAM Register                                    |            0  |              0  |                     0  |           0  |           0  |  00:00:00  |
|  Dynamic/Static Region Interface Net Replication  |            0  |              0  |                     0  |           0  |           1  |  00:00:00  |
|  Total                                            |            0  |              7  |                     7  |           0  |           4  |  00:00:00  |
-----------------------------------------------------------------------------------------------------------------------------------------------------------


Phase 2.5.2 Physical Synthesis In Placer | Checksum: 14e0d32f4

Time (s): cpu = 00:00:15 ; elapsed = 00:00:03 . Memory (MB): peak = 2926.980 ; gain = 32.016 ; free physical = 648 ; free virtual = 26587
Phase 2.5 Global Place Phase2 | Checksum: 12aac2820

Time (s): cpu = 00:00:21 ; elapsed = 00:00:04 . Memory (MB): peak = 2926.980 ; gain = 32.016 ; free physical = 625 ; free virtual = 26574
Phase 2 Global Placement | Checksum: 12aac2820

Time (s): cpu = 00:00:21 ; elapsed = 00:00:04 . Memory (MB): peak = 2926.980 ; gain = 32.016 ; free physical = 625 ; free virtual = 26574

Phase 3 Detail Placement

Phase 3.1 Commit Multi Column Macros
Phase 3.1 Commit Multi Column Macros | Checksum: 191bd05ac

Time (s): cpu = 00:00:21 ; elapsed = 00:00:04 . Memory (MB): peak = 2926.980 ; gain = 32.016 ; free physical = 621 ; free virtual = 26571

Phase 3.2 Commit Most Macros & LUTRAMs
Phase 3.2 Commit Most Macros & LUTRAMs | Checksum: 2029398ba

Time (s): cpu = 00:00:21 ; elapsed = 00:00:04 . Memory (MB): peak = 2926.980 ; gain = 32.016 ; free physical = 621 ; free virtual = 26571

Phase 3.3 Area Swap Optimization
Phase 3.3 Area Swap Optimization | Checksum: 205a1ba0f

Time (s): cpu = 00:00:22 ; elapsed = 00:00:04 . Memory (MB): peak = 2926.980 ; gain = 32.016 ; free physical = 621 ; free virtual = 26571

Phase 3.4 Pipeline Register Optimization
Phase 3.4 Pipeline Register Optimization | Checksum: 15f054e4a

Time (s): cpu = 00:00:22 ; elapsed = 00:00:04 . Memory (MB): peak = 2926.980 ; gain = 32.016 ; free physical = 621 ; free virtual = 26571

Phase 3.5 Small Shape Detail Placement
Phase 3.5 Small Shape Detail Placement | Checksum: 1ddab033e

Time (s): cpu = 00:00:22 ; elapsed = 00:00:05 . Memory (MB): peak = 2926.980 ; gain = 32.016 ; free physical = 621 ; free virtual = 26571

Phase 3.6 Re-assign LUT pins
Phase 3.6 Re-assign LUT pins | Checksum: 1a3aa9159

Time (s): cpu = 00:00:23 ; elapsed = 00:00:05 . Memory (MB): peak = 2926.980 ; gain = 32.016 ; free physical = 621 ; free virtual = 26571

Phase 3.7 Pipeline Register Optimization
Phase 3.7 Pipeline Register Optimization | Checksum: 20a072514

Time (s): cpu = 00:00:23 ; elapsed = 00:00:05 . Memory (MB): peak = 2926.980 ; gain = 32.016 ; free physical = 621 ; free virtual = 26571
Phase 3 Detail Placement | Checksum: 20a072514

Time (s): cpu = 00:00:23 ; elapsed = 00:00:05 . Memory (MB): peak = 2926.980 ; gain = 32.016 ; free physical = 621 ; free virtual = 26571

Phase 4 Post Placement Optimization and Clean-Up

Phase 4.1 Post Commit Optimization
INFO: [Timing 38-35] Done setting XDC timing constraints.

Phase 4.1.1 Post Placement Optimization
Post Placement Optimization Initialization | Checksum: 267b59941

Phase 4.1.1.1 BUFG Insertion

Starting Physical Synthesis Task

Phase 1 Physical Synthesis Initialization
INFO: [Physopt 32-721] Multithreading enabled for phys_opt_design using a maximum of 8 CPUs
INFO: [Physopt 32-619] Estimated Timing Summary | WNS=7.442 | TNS=0.000 |
Phase 1 Physical Synthesis Initialization | Checksum: 1e16bfd84

Time (s): cpu = 00:00:00.04 ; elapsed = 00:00:00.02 . Memory (MB): peak = 2926.980 ; gain = 0.000 ; free physical = 621 ; free virtual = 26570
INFO: [Place 46-56] BUFG insertion identified 0 candidate nets. Inserted BUFG: 0, Replicated BUFG Driver: 0, Skipped due to Placement/Routing Conflicts: 0, Skipped due to Timing Degradation: 0, Skipped due to netlist editing failed: 0.
Ending Physical Synthesis Task | Checksum: 2632421de

Time (s): cpu = 00:00:00.04 ; elapsed = 00:00:00.02 . Memory (MB): peak = 2926.980 ; gain = 0.000 ; free physical = 621 ; free virtual = 26571
Phase 4.1.1.1 BUFG Insertion | Checksum: 267b59941

Time (s): cpu = 00:00:23 ; elapsed = 00:00:05 . Memory (MB): peak = 2926.980 ; gain = 32.016 ; free physical = 621 ; free virtual = 26571

Phase 4.1.1.2 Post Placement Timing Optimization
INFO: [Place 30-746] Post Placement Timing Summary WNS=7.442. For the most accurate timing information please run report_timing.
Phase 4.1.1.2 Post Placement Timing Optimization | Checksum: 238dda11a

Time (s): cpu = 00:00:23 ; elapsed = 00:00:05 . Memory (MB): peak = 2926.980 ; gain = 32.016 ; free physical = 621 ; free virtual = 26571

Time (s): cpu = 00:00:23 ; elapsed = 00:00:05 . Memory (MB): peak = 2926.980 ; gain = 32.016 ; free physical = 621 ; free virtual = 26571
Phase 4.1 Post Commit Optimization | Checksum: 238dda11a

Time (s): cpu = 00:00:23 ; elapsed = 00:00:05 . Memory (MB): peak = 2926.980 ; gain = 32.016 ; free physical = 621 ; free virtual = 26571

Phase 4.2 Post Placement Cleanup
Phase 4.2 Post Placement Cleanup | Checksum: 238dda11a

Time (s): cpu = 00:00:23 ; elapsed = 00:00:05 . Memory (MB): peak = 2926.980 ; gain = 32.016 ; free physical = 621 ; free virtual = 26571

Phase 4.3 Placer Reporting

Phase 4.3.1 Print Estimated Congestion
INFO: [Place 30-612] Post-Placement Estimated Congestion 
 ____________________________________________________
|           | Global Congestion | Short Congestion  |
| Direction | Region Size       | Region Size       |
|___________|___________________|___________________|
|      North|                1x1|                1x1|
|___________|___________________|___________________|
|      South|                1x1|                1x1|
|___________|___________________|___________________|
|       East|                1x1|                1x1|
|___________|___________________|___________________|
|       West|                1x1|                1x1|
|___________|___________________|___________________|

Phase 4.3.1 Print Estimated Congestion | Checksum: 238dda11a

Time (s): cpu = 00:00:23 ; elapsed = 00:00:05 . Memory (MB): peak = 2926.980 ; gain = 32.016 ; free physical = 621 ; free virtual = 26571
Phase 4.3 Placer Reporting | Checksum: 238dda11a

Time (s): cpu = 00:00:23 ; elapsed = 00:00:05 . Memory (MB): peak = 2926.980 ; gain = 32.016 ; free physical = 621 ; free virtual = 26571

Phase 4.4 Final Placement Cleanup
Netlist sorting complete. Time (s): cpu = 00:00:00.01 ; elapsed = 00:00:00 . Memory (MB): peak = 2926.980 ; gain = 0.000 ; free physical = 621 ; free virtual = 26571

Time (s): cpu = 00:00:23 ; elapsed = 00:00:05 . Memory (MB): peak = 2926.980 ; gain = 32.016 ; free physical = 621 ; free virtual = 26571
Phase 4 Post Placement Optimization and Clean-Up | Checksum: 23877c8c7

Time (s): cpu = 00:00:23 ; elapsed = 00:00:05 . Memory (MB): peak = 2926.980 ; gain = 32.016 ; free physical = 621 ; free virtual = 26571
Ending Placer Task | Checksum: 1aa828397

Time (s): cpu = 00:00:23 ; elapsed = 00:00:05 . Memory (MB): peak = 2926.980 ; gain = 32.016 ; free physical = 621 ; free virtual = 26571
66 Infos, 0 Warnings, 0 Critical Warnings and 0 Errors encountered.
place_design completed successfully
place_design: Time (s): cpu = 00:00:24 ; elapsed = 00:00:05 . Memory (MB): peak = 2926.980 ; gain = 32.016 ; free physical = 621 ; free virtual = 26571
INFO: [Vivado 12-24838] Running report commands "report_control_sets, report_io, report_utilization" in parallel.
Running report generation with 3 threads.
INFO: [Vivado 12-24828] Executing command : report_control_sets -verbose -file Procesador_control_sets_placed.rpt
report_control_sets: Time (s): cpu = 00:00:00.18 ; elapsed = 00:00:00.16 . Memory (MB): peak = 2926.980 ; gain = 0.000 ; free physical = 606 ; free virtual = 26556
INFO: [Vivado 12-24828] Executing command : report_utilization -file Procesador_utilization_placed.rpt -pb Procesador_utilization_placed.pb
INFO: [Vivado 12-24828] Executing command : report_io -file Procesador_io_placed.rpt
report_io: Time (s): cpu = 00:00:00.46 ; elapsed = 00:00:00.33 . Memory (MB): peak = 2926.980 ; gain = 0.000 ; free physical = 582 ; free virtual = 26532
INFO: [Timing 38-480] Writing timing data to binary archive.
Wrote PlaceDB: Time (s): cpu = 00:00:00 ; elapsed = 00:00:00 . Memory (MB): peak = 2926.980 ; gain = 0.000 ; free physical = 582 ; free virtual = 26532
Wrote PulsedLatchDB: Time (s): cpu = 00:00:00 ; elapsed = 00:00:00 . Memory (MB): peak = 2926.980 ; gain = 0.000 ; free physical = 582 ; free virtual = 26532
Writing XDEF routing.
Write ShapeDB Complete: Time (s): cpu = 00:00:00 ; elapsed = 00:00:00.01 . Memory (MB): peak = 2926.980 ; gain = 0.000 ; free physical = 582 ; free virtual = 26532
Writing XDEF routing logical nets.
Writing XDEF routing special nets.
Wrote RouteStorage: Time (s): cpu = 00:00:00.06 ; elapsed = 00:00:00.02 . Memory (MB): peak = 2926.980 ; gain = 0.000 ; free physical = 582 ; free virtual = 26532
Wrote PlaceStorage: Time (s): cpu = 00:00:00.02 ; elapsed = 00:00:00.01 . Memory (MB): peak = 2926.980 ; gain = 0.000 ; free physical = 582 ; free virtual = 26532
Wrote Netlist Cache: Time (s): cpu = 00:00:00 ; elapsed = 00:00:00 . Memory (MB): peak = 2926.980 ; gain = 0.000 ; free physical = 582 ; free virtual = 26532
Wrote Device Cache: Time (s): cpu = 00:00:00.01 ; elapsed = 00:00:00 . Memory (MB): peak = 2926.980 ; gain = 0.000 ; free physical = 582 ; free virtual = 26532
Write Physdb Complete: Time (s): cpu = 00:00:00.09 ; elapsed = 00:00:00.05 . Memory (MB): peak = 2926.980 ; gain = 0.000 ; free physical = 582 ; free virtual = 26532
INFO: [Common 17-1381] The checkpoint '/home/randomguy/Desktop/Escuela/TT/Vivado/PW-8-Components/RV8I/RV8I.runs/impl_1/Procesador_placed.dcp' has been generated.
Command: phys_opt_design
Attempting to get a license for feature 'Implementation' and/or device 'xc7a100t'
INFO: [Common 17-349] Got license for feature 'Implementation' and/or device 'xc7a100t'

Starting Initial Update Timing Task

Time (s): cpu = 00:00:00.11 ; elapsed = 00:00:00.06 . Memory (MB): peak = 2926.980 ; gain = 0.000 ; free physical = 570 ; free virtual = 26520
INFO: [Vivado_Tcl 4-2279] Estimated Timing Summary | WNS= 7.442 | TNS= 0.000 | 
INFO: [Vivado_Tcl 4-383] Design worst setup slack (WNS) is greater than or equal to 0.000 ns. All physical synthesis setup optimizations will be skipped.
INFO: [Vivado_Tcl 4-232] No setup violation found. The netlist was not modified.
INFO: [Common 17-83] Releasing license: Implementation
77 Infos, 0 Warnings, 0 Critical Warnings and 0 Errors encountered.
phys_opt_design completed successfully
INFO: [Timing 38-480] Writing timing data to binary archive.
Wrote PlaceDB: Time (s): cpu = 00:00:00 ; elapsed = 00:00:00 . Memory (MB): peak = 2926.980 ; gain = 0.000 ; free physical = 570 ; free virtual = 26520
Write ShapeDB Complete: Time (s): cpu = 00:00:00 ; elapsed = 00:00:00 . Memory (MB): peak = 2926.980 ; gain = 0.000 ; free physical = 570 ; free virtual = 26520
Wrote PulsedLatchDB: Time (s): cpu = 00:00:00 ; elapsed = 00:00:00 . Memory (MB): peak = 2926.980 ; gain = 0.000 ; free physical = 570 ; free virtual = 26520
Writing XDEF routing.
Writing XDEF routing logical nets.
Writing XDEF routing special nets.
Wrote RouteStorage: Time (s): cpu = 00:00:00.07 ; elapsed = 00:00:00.02 . Memory (MB): peak = 2926.980 ; gain = 0.000 ; free physical = 570 ; free virtual = 26520
Wrote PlaceStorage: Time (s): cpu = 00:00:00.02 ; elapsed = 00:00:00.01 . Memory (MB): peak = 2926.980 ; gain = 0.000 ; free physical = 570 ; free virtual = 26520
Wrote Netlist Cache: Time (s): cpu = 00:00:00 ; elapsed = 00:00:00 . Memory (MB): peak = 2926.980 ; gain = 0.000 ; free physical = 570 ; free virtual = 26520
Wrote Device Cache: Time (s): cpu = 00:00:00.01 ; elapsed = 00:00:00.01 . Memory (MB): peak = 2926.980 ; gain = 0.000 ; free physical = 570 ; free virtual = 26520
Write Physdb Complete: Time (s): cpu = 00:00:00.1 ; elapsed = 00:00:00.04 . Memory (MB): peak = 2926.980 ; gain = 0.000 ; free physical = 570 ; free virtual = 26520
INFO: [Common 17-1381] The checkpoint '/home/randomguy/Desktop/Escuela/TT/Vivado/PW-8-Components/RV8I/RV8I.runs/impl_1/Procesador_physopt.dcp' has been generated.
Command: route_design
Attempting to get a license for feature 'Implementation' and/or device 'xc7a100t'
INFO: [Common 17-349] Got license for feature 'Implementation' and/or device 'xc7a100t'


Starting Routing Task
INFO: [Route 35-254] Multithreading enabled for route_design using a maximum of 8 CPUs

Phase 1 Build RT Design
Checksum: PlaceDB: 8cb3021b ConstDB: 0 ShapeSum: 6bfd21e6 RouteDB: b1d25f96
Post Restoration Checksum: NetGraph: 5c34131d | NumContArr: 4497395c | Constraints: c2a8fa9d | Timing: c2a8fa9d
Phase 1 Build RT Design | Checksum: 2261d41b3

Time (s): cpu = 00:00:43 ; elapsed = 00:00:38 . Memory (MB): peak = 2926.980 ; gain = 0.000 ; free physical = 593 ; free virtual = 26544

Phase 2 Router Initialization

Phase 2.1 Fix Topology Constraints
Phase 2.1 Fix Topology Constraints | Checksum: 2261d41b3

Time (s): cpu = 00:00:43 ; elapsed = 00:00:38 . Memory (MB): peak = 2926.980 ; gain = 0.000 ; free physical = 593 ; free virtual = 26544

Phase 2.2 Pre Route Cleanup
Phase 2.2 Pre Route Cleanup | Checksum: 2261d41b3

Time (s): cpu = 00:00:43 ; elapsed = 00:00:38 . Memory (MB): peak = 2926.980 ; gain = 0.000 ; free physical = 593 ; free virtual = 26544
 Number of Nodes with overlaps = 0

Phase 2.3 Update Timing
Phase 2.3 Update Timing | Checksum: 1d6fc031f

Time (s): cpu = 00:00:44 ; elapsed = 00:00:39 . Memory (MB): peak = 2926.980 ; gain = 0.000 ; free physical = 593 ; free virtual = 26544
INFO: [Route 35-416] Intermediate Timing Summary | WNS=7.248  | TNS=0.000  | WHS=-0.026 | THS=-0.350 |


Phase 2.4 Soft Constraint Pins - Fast Budgeting
Phase 2.4 Soft Constraint Pins - Fast Budgeting | Checksum: 2b35d09a5

Time (s): cpu = 00:00:44 ; elapsed = 00:00:39 . Memory (MB): peak = 2926.980 ; gain = 0.000 ; free physical = 593 ; free virtual = 26544

Router Utilization Summary
  Global Vertical Routing Utilization    = 8.70436e-05 %
  Global Horizontal Routing Utilization  = 7.10429e-05 %
  Routable Net Status*
  *Does not include unroutable nets such as driverless and loadless.
  Run report_route_status for detailed report.
  Number of Failed Nets               = 142
    (Failed Nets is the sum of unrouted and partially routed nets)
  Number of Unrouted Nets             = 141
  Number of Partially Routed Nets     = 1
  Number of Node Overlaps             = 0

Phase 2 Router Initialization | Checksum: 2b35d09a5

Time (s): cpu = 00:00:44 ; elapsed = 00:00:39 . Memory (MB): peak = 2926.980 ; gain = 0.000 ; free physical = 593 ; free virtual = 26544

Phase 3 Global Routing
Phase 3 Global Routing | Checksum: 2b35d09a5

Time (s): cpu = 00:00:44 ; elapsed = 00:00:39 . Memory (MB): peak = 2926.980 ; gain = 0.000 ; free physical = 593 ; free virtual = 26544

Phase 4 Initial Routing

Phase 4.1 Initial Net Routing Pass
Phase 4.1 Initial Net Routing Pass | Checksum: 31cff2acb

Time (s): cpu = 00:00:45 ; elapsed = 00:00:39 . Memory (MB): peak = 2926.980 ; gain = 0.000 ; free physical = 593 ; free virtual = 26544
Phase 4 Initial Routing | Checksum: 31cff2acb

Time (s): cpu = 00:00:45 ; elapsed = 00:00:39 . Memory (MB): peak = 2926.980 ; gain = 0.000 ; free physical = 593 ; free virtual = 26544

Phase 5 Rip-up And Reroute

Phase 5.1 Global Iteration 0
 Number of Nodes with overlaps = 10
 Number of Nodes with overlaps = 0
INFO: [Route 35-416] Intermediate Timing Summary | WNS=7.249  | TNS=0.000  | WHS=N/A    | THS=N/A    |

Phase 5.1 Global Iteration 0 | Checksum: 17b7d577d

Time (s): cpu = 00:00:45 ; elapsed = 00:00:39 . Memory (MB): peak = 2926.980 ; gain = 0.000 ; free physical = 593 ; free virtual = 26544
Phase 5 Rip-up And Reroute | Checksum: 17b7d577d

Time (s): cpu = 00:00:45 ; elapsed = 00:00:39 . Memory (MB): peak = 2926.980 ; gain = 0.000 ; free physical = 593 ; free virtual = 26544

Phase 6 Delay and Skew Optimization

Phase 6.1 Delay CleanUp
Phase 6.1 Delay CleanUp | Checksum: 17b7d577d

Time (s): cpu = 00:00:45 ; elapsed = 00:00:39 . Memory (MB): peak = 2926.980 ; gain = 0.000 ; free physical = 593 ; free virtual = 26544

Phase 6.2 Clock Skew Optimization
Phase 6.2 Clock Skew Optimization | Checksum: 17b7d577d

Time (s): cpu = 00:00:45 ; elapsed = 00:00:39 . Memory (MB): peak = 2926.980 ; gain = 0.000 ; free physical = 593 ; free virtual = 26544
Phase 6 Delay and Skew Optimization | Checksum: 17b7d577d

Time (s): cpu = 00:00:45 ; elapsed = 00:00:39 . Memory (MB): peak = 2926.980 ; gain = 0.000 ; free physical = 593 ; free virtual = 26544

Phase 7 Post Hold Fix

Phase 7.1 Hold Fix Iter
INFO: [Route 35-416] Intermediate Timing Summary | WNS=7.333  | TNS=0.000  | WHS=0.259  | THS=0.000  |

Phase 7.1 Hold Fix Iter | Checksum: 12c159190

Time (s): cpu = 00:00:45 ; elapsed = 00:00:39 . Memory (MB): peak = 2926.980 ; gain = 0.000 ; free physical = 593 ; free virtual = 26544
Phase 7 Post Hold Fix | Checksum: 12c159190

Time (s): cpu = 00:00:45 ; elapsed = 00:00:39 . Memory (MB): peak = 2926.980 ; gain = 0.000 ; free physical = 593 ; free virtual = 26544

Phase 8 Route finalize

Router Utilization Summary
  Global Vertical Routing Utilization    = 0.0251556 %
  Global Horizontal Routing Utilization  = 0.0229469 %
  Routable Net Status*
  *Does not include unroutable nets such as driverless and loadless.
  Run report_route_status for detailed report.
  Number of Failed Nets               = 0
    (Failed Nets is the sum of unrouted and partially routed nets)
  Number of Unrouted Nets             = 0
  Number of Partially Routed Nets     = 0
  Number of Node Overlaps             = 0

Phase 8 Route finalize | Checksum: 12c159190

Time (s): cpu = 00:00:45 ; elapsed = 00:00:39 . Memory (MB): peak = 2926.980 ; gain = 0.000 ; free physical = 593 ; free virtual = 26544

Phase 9 Verifying routed nets

 Verification completed successfully
Phase 9 Verifying routed nets | Checksum: 12c159190

Time (s): cpu = 00:00:45 ; elapsed = 00:00:39 . Memory (MB): peak = 2926.980 ; gain = 0.000 ; free physical = 593 ; free virtual = 26544

Phase 10 Depositing Routes
Phase 10 Depositing Routes | Checksum: 184766f0c

Time (s): cpu = 00:00:45 ; elapsed = 00:00:39 . Memory (MB): peak = 2926.980 ; gain = 0.000 ; free physical = 593 ; free virtual = 26544

Phase 11 Post Process Routing
Phase 11 Post Process Routing | Checksum: 184766f0c

Time (s): cpu = 00:00:45 ; elapsed = 00:00:39 . Memory (MB): peak = 2926.980 ; gain = 0.000 ; free physical = 593 ; free virtual = 26544

Phase 12 Post Router Timing
INFO: [Route 35-57] Estimated Timing Summary | WNS=7.333  | TNS=0.000  | WHS=0.259  | THS=0.000  |

INFO: [Route 35-327] The final timing numbers are based on the router estimated timing analysis. For a complete and accurate timing signoff, please run report_timing_summary.
Phase 12 Post Router Timing | Checksum: 184766f0c

Time (s): cpu = 00:00:45 ; elapsed = 00:00:39 . Memory (MB): peak = 2926.980 ; gain = 0.000 ; free physical = 593 ; free virtual = 26544
Total Elapsed time in route_design: 39.48 secs

Phase 13 Post-Route Event Processing
Phase 13 Post-Route Event Processing | Checksum: 13c3b075d

Time (s): cpu = 00:00:45 ; elapsed = 00:00:39 . Memory (MB): peak = 2926.980 ; gain = 0.000 ; free physical = 593 ; free virtual = 26544
INFO: [Route 35-16] Router Completed Successfully
Ending Routing Task | Checksum: 13c3b075d

Time (s): cpu = 00:00:45 ; elapsed = 00:00:39 . Memory (MB): peak = 2926.980 ; gain = 0.000 ; free physical = 593 ; free virtual = 26544

Routing Is Done.
INFO: [Common 17-83] Releasing license: Implementation
88 Infos, 0 Warnings, 0 Critical Warnings and 0 Errors encountered.
route_design completed successfully
route_design: Time (s): cpu = 00:00:45 ; elapsed = 00:00:40 . Memory (MB): peak = 2926.980 ; gain = 0.000 ; free physical = 593 ; free virtual = 26544
INFO: [Vivado 12-24828] Executing command : report_drc -file Procesador_drc_routed.rpt -pb Procesador_drc_routed.pb -rpx Procesador_drc_routed.rpx
Command: report_drc -file Procesador_drc_routed.rpt -pb Procesador_drc_routed.pb -rpx Procesador_drc_routed.rpx
INFO: [IP_Flow 19-1839] IP Catalog is up to date.
INFO: [DRC 23-27] Running DRC with 8 threads
INFO: [Vivado_Tcl 2-168] The results of DRC are in file /home/randomguy/Desktop/Escuela/TT/Vivado/PW-8-Components/RV8I/RV8I.runs/impl_1/Procesador_drc_routed.rpt.
report_drc completed successfully
INFO: [Vivado 12-24828] Executing command : report_methodology -file Procesador_methodology_drc_routed.rpt -pb Procesador_methodology_drc_routed.pb -rpx Procesador_methodology_drc_routed.rpx
Command: report_methodology -file Procesador_methodology_drc_routed.rpt -pb Procesador_methodology_drc_routed.pb -rpx Procesador_methodology_drc_routed.rpx
INFO: [Timing 38-35] Done setting XDC timing constraints.
INFO: [DRC 23-133] Running Methodology with 8 threads
INFO: [Vivado_Tcl 2-1520] The results of Report Methodology are in file /home/randomguy/Desktop/Escuela/TT/Vivado/PW-8-Components/RV8I/RV8I.runs/impl_1/Procesador_methodology_drc_routed.rpt.
report_methodology completed successfully
INFO: [Vivado 12-24828] Executing command : report_timing_summary -max_paths 10 -routable_nets -report_unconstrained -file Procesador_timing_summary_routed.rpt -pb Procesador_timing_summary_routed.pb -rpx Procesador_timing_summary_routed.rpx -warn_on_violation 
INFO: [Timing 38-35] Done setting XDC timing constraints.
INFO: [Timing 38-91] UpdateTimingParams: Speed grade: -2, Delay Type: min_max.
INFO: [Timing 38-191] Multithreading enabled for timing update using a maximum of 8 CPUs
INFO: [Vivado 12-24838] Running report commands "report_bus_skew, report_incremental_reuse, report_route_status" in parallel.
Running report generation with 3 threads.
INFO: [Vivado 12-24828] Executing command : report_route_status -file Procesador_route_status.rpt -pb Procesador_route_status.pb
INFO: [Vivado 12-24828] Executing command : report_incremental_reuse -file Procesador_incremental_reuse_routed.rpt
INFO: [Vivado_Tcl 4-1062] Incremental flow is disabled. No incremental reuse Info to report.
INFO: [Vivado 12-24828] Executing command : report_bus_skew -warn_on_violation -file Procesador_bus_skew_routed.rpt -pb Procesador_bus_skew_routed.pb -rpx Procesador_bus_skew_routed.rpx
INFO: [Timing 38-91] UpdateTimingParams: Speed grade: -2, Delay Type: min_max.
INFO: [Timing 38-191] Multithreading enabled for timing update using a maximum of 8 CPUs
INFO: [Vivado 12-24828] Executing command : report_power -file Procesador_power_routed.rpt -pb Procesador_power_summary_routed.pb -rpx Procesador_power_routed.rpx
Command: report_power -file Procesador_power_routed.rpt -pb Procesador_power_summary_routed.pb -rpx Procesador_power_routed.rpx
Running Vector-less Activity Propagation...

Finished Running Vector-less Activity Propagation
108 Infos, 0 Warnings, 0 Critical Warnings and 0 Errors encountered.
report_power completed successfully
INFO: [Vivado 12-24828] Executing command : report_clock_utilization -file Procesador_clock_utilization_routed.rpt
INFO: [Timing 38-480] Writing timing data to binary archive.
Wrote PlaceDB: Time (s): cpu = 00:00:00 ; elapsed = 00:00:00 . Memory (MB): peak = 2935.988 ; gain = 0.000 ; free physical = 517 ; free virtual = 26468
Write ShapeDB Complete: Time (s): cpu = 00:00:00 ; elapsed = 00:00:00 . Memory (MB): peak = 2935.988 ; gain = 0.000 ; free physical = 517 ; free virtual = 26468
Wrote PulsedLatchDB: Time (s): cpu = 00:00:00.01 ; elapsed = 00:00:00 . Memory (MB): peak = 2935.988 ; gain = 0.000 ; free physical = 517 ; free virtual = 26468
Writing XDEF routing.
Writing XDEF routing logical nets.
Writing XDEF routing special nets.
Wrote RouteStorage: Time (s): cpu = 00:00:00.07 ; elapsed = 00:00:00.03 . Memory (MB): peak = 2935.988 ; gain = 0.000 ; free physical = 517 ; free virtual = 26469
Wrote PlaceStorage: Time (s): cpu = 00:00:00.03 ; elapsed = 00:00:00.02 . Memory (MB): peak = 2935.988 ; gain = 0.000 ; free physical = 517 ; free virtual = 26469
Wrote Netlist Cache: Time (s): cpu = 00:00:00 ; elapsed = 00:00:00 . Memory (MB): peak = 2935.988 ; gain = 0.000 ; free physical = 517 ; free virtual = 26469
Wrote Device Cache: Time (s): cpu = 00:00:00.02 ; elapsed = 00:00:00.01 . Memory (MB): peak = 2935.988 ; gain = 0.000 ; free physical = 517 ; free virtual = 26469
Write Physdb Complete: Time (s): cpu = 00:00:00.13 ; elapsed = 00:00:00.06 . Memory (MB): peak = 2935.988 ; gain = 0.000 ; free physical = 519 ; free virtual = 26472
INFO: [Common 17-1381] The checkpoint '/home/randomguy/Desktop/Escuela/TT/Vivado/PW-8-Components/RV8I/RV8I.runs/impl_1/Procesador_routed.dcp' has been generated.
Command: write_bitstream -force Procesador.bit
Attempting to get a license for feature 'Implementation' and/or device 'xc7a100t'
INFO: [Common 17-349] Got license for feature 'Implementation' and/or device 'xc7a100t'
Running DRC as a precondition to command write_bitstream
INFO: [IP_Flow 19-1839] IP Catalog is up to date.
INFO: [DRC 23-27] Running DRC with 8 threads
INFO: [Vivado 12-3199] DRC finished with 0 Errors
INFO: [Vivado 12-3200] Please refer to the DRC report (report_drc) for more information.
Integrating Hard IP ELF/MEM with the PDI.
INFO: [Designutils 20-2272] Running write_bitstream with 8 threads.
Loading data files...
Loading site data...
Loading route data...
Processing options...
Creating bitmap...
Creating bitstream...
Writing bitstream ./Procesador.bit...
INFO: [Vivado 12-1842] Bitgen Completed Successfully.
INFO: [Common 17-83] Releasing license: Implementation
119 Infos, 0 Warnings, 0 Critical Warnings and 0 Errors encountered.
write_bitstream completed successfully
write_bitstream: Time (s): cpu = 00:00:11 ; elapsed = 00:00:14 . Memory (MB): peak = 3117.664 ; gain = 181.676 ; free physical = 534 ; free virtual = 26310
INFO: [Common 17-206] Exiting Vivado at Mon May 11 12:58:08 2026...
