Copyright 1986-2022 Xilinx, Inc. All Rights Reserved. Copyright 2022-2025 Advanced Micro Devices, Inc. All Rights Reserved.
---------------------------------------------------------------------------------------------------------------------------------------------------------------------------------------------------------------------------------
| Tool Version : Vivado v.2025.2 (lin64) Build 6299465 Fri Nov 14 12:34:56 MST 2025
| Date         : Thu Apr  2 18:57:36 2026
| Host         : pop-os running 64-bit Pop!_OS 22.04 LTS
| Command      : report_timing_summary -max_paths 10 -routable_nets -report_unconstrained -file alu_pw8_timing_summary_routed.rpt -pb alu_pw8_timing_summary_routed.pb -rpx alu_pw8_timing_summary_routed.rpx -warn_on_violation
| Design       : alu_pw8
| Device       : 7a100t-csg324
| Speed File   : -2  PRODUCTION 1.23 2018-06-13
| Design State : Routed
---------------------------------------------------------------------------------------------------------------------------------------------------------------------------------------------------------------------------------

Timing Summary Report

------------------------------------------------------------------------------------------------
| Timer Settings
| --------------
------------------------------------------------------------------------------------------------

  Enable Multi Corner Analysis               :  Yes
  Enable Pessimism Removal                   :  Yes
  Pessimism Removal Resolution               :  Nearest Common Node
  Enable Input Delay Default Clock           :  No
  Enable Preset / Clear Arcs                 :  No
  Disable Flight Delays                      :  No
  Ignore I/O Paths                           :  No
  Timing Early Launch at Borrowing Latches   :  No
  Borrow Time for Max Delay Exceptions       :  Yes
  Merge Timing Exceptions                    :  Yes
  Inter-SLR Compensation                     :  Conservative

  Corner  Analyze    Analyze    
  Name    Max Paths  Min Paths  
  ------  ---------  ---------  
  Slow    Yes        Yes        
  Fast    Yes        Yes        


------------------------------------------------------------------------------------------------
| Report Methodology
| ------------------
------------------------------------------------------------------------------------------------

No report available as report_methodology has not been run prior. Run report_methodology on the current design for the summary of methodology violations.



check_timing report

Table of Contents
-----------------
1. checking no_clock (0)
2. checking constant_clock (0)
3. checking pulse_width_clock (0)
4. checking unconstrained_internal_endpoints (0)
5. checking no_input_delay (0)
6. checking no_output_delay (0)
7. checking multiple_clock (0)
8. checking generated_clocks (0)
9. checking loops (0)
10. checking partial_input_delay (0)
11. checking partial_output_delay (0)
12. checking latch_loops (0)

1. checking no_clock (0)
------------------------
 There are 0 register/latch pins with no clock.


2. checking constant_clock (0)
------------------------------
 There are 0 register/latch pins with constant_clock.


3. checking pulse_width_clock (0)
---------------------------------
 There are 0 register/latch pins which need pulse_width check


4. checking unconstrained_internal_endpoints (0)
------------------------------------------------
 There are 0 pins that are not constrained for maximum delay.

 There are 0 pins that are not constrained for maximum delay due to constant clock.


5. checking no_input_delay (0)
------------------------------
 There are 0 input ports with no input delay specified.

 There are 0 input ports with no input delay but user has a false path constraint.


6. checking no_output_delay (0)
-------------------------------
 There are 0 ports with no output delay specified.

 There are 0 ports with no output delay but user has a false path constraint

 There are 0 ports with no output delay but with a timing clock defined on it or propagating through it


7. checking multiple_clock (0)
------------------------------
 There are 0 register/latch pins with multiple clocks.


8. checking generated_clocks (0)
--------------------------------
 There are 0 generated clocks that are not connected to a clock source.


9. checking loops (0)
---------------------
 There are 0 combinational loops in the design.


10. checking partial_input_delay (0)
------------------------------------
 There are 0 input ports with partial input delay specified.


11. checking partial_output_delay (0)
-------------------------------------
 There are 0 ports with partial output delay specified.


12. checking latch_loops (0)
----------------------------
 There are 0 combinational latch loops in the design through latch input



------------------------------------------------------------------------------------------------
| Design Timing Summary
| ---------------------
------------------------------------------------------------------------------------------------

    WNS(ns)      TNS(ns)  TNS Failing Endpoints  TNS Total Endpoints      WHS(ns)      THS(ns)  THS Failing Endpoints  THS Total Endpoints     WPWS(ns)     TPWS(ns)  TPWS Failing Endpoints  TPWS Total Endpoints  
    -------      -------  ---------------------  -------------------      -------      -------  ---------------------  -------------------     --------     --------  ----------------------  --------------------  
        inf        0.000                      0                    9          inf        0.000                      0                    9           NA           NA                      NA                    NA  


There are no user specified timing constraints.


------------------------------------------------------------------------------------------------
| Clock Summary
| -------------
------------------------------------------------------------------------------------------------


------------------------------------------------------------------------------------------------
| Intra Clock Table
| -----------------
------------------------------------------------------------------------------------------------

Clock             WNS(ns)      TNS(ns)  TNS Failing Endpoints  TNS Total Endpoints      WHS(ns)      THS(ns)  THS Failing Endpoints  THS Total Endpoints     WPWS(ns)     TPWS(ns)  TPWS Failing Endpoints  TPWS Total Endpoints  
-----             -------      -------  ---------------------  -------------------      -------      -------  ---------------------  -------------------     --------     --------  ----------------------  --------------------  


------------------------------------------------------------------------------------------------
| Inter Clock Table
| -----------------
------------------------------------------------------------------------------------------------

From Clock    To Clock          WNS(ns)      TNS(ns)  TNS Failing Endpoints  TNS Total Endpoints      WHS(ns)      THS(ns)  THS Failing Endpoints  THS Total Endpoints  
----------    --------          -------      -------  ---------------------  -------------------      -------      -------  ---------------------  -------------------  


------------------------------------------------------------------------------------------------
| Other Path Groups Table
| -----------------------
------------------------------------------------------------------------------------------------

Path Group    From Clock    To Clock          WNS(ns)      TNS(ns)  TNS Failing Endpoints  TNS Total Endpoints      WHS(ns)      THS(ns)  THS Failing Endpoints  THS Total Endpoints  
----------    ----------    --------          -------      -------  ---------------------  -------------------      -------      -------  ---------------------  -------------------  


------------------------------------------------------------------------------------------------
| User Ignored Path Table
| -----------------------
------------------------------------------------------------------------------------------------

Path Group    From Clock    To Clock    
----------    ----------    --------    


------------------------------------------------------------------------------------------------
| Unconstrained Path Table
| ------------------------
------------------------------------------------------------------------------------------------

Path Group    From Clock    To Clock    
----------    ----------    --------    
(none)                                    


------------------------------------------------------------------------------------------------
| Timing Details
| --------------
------------------------------------------------------------------------------------------------


--------------------------------------------------------------------------------------
Path Group:  (none)
From Clock:  
  To Clock:  

Max Delay             9 Endpoints
Min Delay             9 Endpoints
--------------------------------------------------------------------------------------


Max Delay Paths
--------------------------------------------------------------------------------------
Slack:                    inf
  Source:                 ALU_ctrl[2]
                            (input port)
  Destination:            zero
                            (output port)
  Path Group:             (none)
  Path Type:              Max at Slow Process Corner
  Data Path Delay:        13.073ns  (logic 5.424ns (41.492%)  route 7.649ns (58.508%))
  Logic Levels:           7  (IBUF=1 LUT4=1 LUT6=4 OBUF=1)

    Location             Delay type                Incr(ns)  Path(ns)    Netlist Resource(s)
  -------------------------------------------------------------------    -------------------
    B16                                               0.000     0.000 f  ALU_ctrl[2] (IN)
                         net (fo=0)                   0.000     0.000    ALU_ctrl[2]
    B16                  IBUF (Prop_ibuf_I_O)         1.426     1.426 f  ALU_ctrl_IBUF[2]_inst/O
                         net (fo=15, routed)          2.012     3.438    ALU_ctrl_IBUF[2]
    SLICE_X4Y116         LUT6 (Prop_lut6_I0_O)        0.105     3.543 f  ALURes_OBUF[7]_inst_i_10/O
                         net (fo=10, routed)          0.701     4.244    ALURes_OBUF[7]_inst_i_10_n_0
    SLICE_X4Y115         LUT4 (Prop_lut4_I1_O)        0.115     4.359 f  ALURes_OBUF[0]_inst_i_3/O
                         net (fo=5, routed)           0.723     5.082    ALURes_OBUF[0]_inst_i_3_n_0
    SLICE_X2Y115         LUT6 (Prop_lut6_I1_O)        0.275     5.357 f  ALURes_OBUF[5]_inst_i_2/O
                         net (fo=1, routed)           0.770     6.126    ALURes_OBUF[5]_inst_i_2_n_0
    SLICE_X0Y115         LUT6 (Prop_lut6_I0_O)        0.105     6.231 f  ALURes_OBUF[5]_inst_i_1/O
                         net (fo=2, routed)           0.675     6.907    ALURes_OBUF[5]
    SLICE_X0Y114         LUT6 (Prop_lut6_I1_O)        0.105     7.012 r  zero_OBUF_inst_i_1/O
                         net (fo=1, routed)           2.768     9.780    zero_OBUF
    V16                  OBUF (Prop_obuf_I_O)         3.293    13.073 r  zero_OBUF_inst/O
                         net (fo=0)                   0.000    13.073    zero
    V16                                                               r  zero (OUT)
  -------------------------------------------------------------------    -------------------

Slack:                    inf
  Source:                 A[6]
                            (input port)
  Destination:            ALURes[6]
                            (output port)
  Path Group:             (none)
  Path Type:              Max at Slow Process Corner
  Data Path Delay:        12.709ns  (logic 5.134ns (40.400%)  route 7.575ns (59.600%))
  Logic Levels:           6  (IBUF=1 LUT6=4 OBUF=1)

    Location             Delay type                Incr(ns)  Path(ns)    Netlist Resource(s)
  -------------------------------------------------------------------    -------------------
    D14                                               0.000     0.000 r  A[6] (IN)
                         net (fo=0)                   0.000     0.000    A[6]
    D14                  IBUF (Prop_ibuf_I_O)         1.414     1.414 r  A_IBUF[6]_inst/O
                         net (fo=15, routed)          2.470     3.884    A_IBUF[6]
    SLICE_X4Y113         LUT6 (Prop_lut6_I4_O)        0.105     3.989 r  ALURes_OBUF[7]_inst_i_7/O
                         net (fo=3, routed)           0.676     4.666    ALURes_OBUF[7]_inst_i_7_n_0
    SLICE_X5Y115         LUT6 (Prop_lut6_I1_O)        0.105     4.771 r  ALURes_OBUF[6]_inst_i_8/O
                         net (fo=1, routed)           0.569     5.340    ALURes_OBUF[6]_inst_i_8_n_0
    SLICE_X4Y115         LUT6 (Prop_lut6_I0_O)        0.105     5.445 r  ALURes_OBUF[6]_inst_i_2/O
                         net (fo=2, routed)           1.092     6.537    ALURes_OBUF[6]_inst_i_2_n_0
    SLICE_X0Y116         LUT6 (Prop_lut6_I0_O)        0.105     6.642 r  ALURes_OBUF[6]_inst_i_1/O
                         net (fo=1, routed)           2.767     9.408    ALURes_OBUF[6]
    U17                  OBUF (Prop_obuf_I_O)         3.301    12.709 r  ALURes_OBUF[6]_inst/O
                         net (fo=0)                   0.000    12.709    ALURes[6]
    U17                                                               r  ALURes[6] (OUT)
  -------------------------------------------------------------------    -------------------

Slack:                    inf
  Source:                 ALU_ctrl[2]
                            (input port)
  Destination:            ALURes[5]
                            (output port)
  Path Group:             (none)
  Path Type:              Max at Slow Process Corner
  Data Path Delay:        12.473ns  (logic 5.323ns (42.681%)  route 7.149ns (57.319%))
  Logic Levels:           6  (IBUF=1 LUT4=1 LUT6=3 OBUF=1)

    Location             Delay type                Incr(ns)  Path(ns)    Netlist Resource(s)
  -------------------------------------------------------------------    -------------------
    B16                                               0.000     0.000 r  ALU_ctrl[2] (IN)
                         net (fo=0)                   0.000     0.000    ALU_ctrl[2]
    B16                  IBUF (Prop_ibuf_I_O)         1.426     1.426 r  ALU_ctrl_IBUF[2]_inst/O
                         net (fo=15, routed)          2.012     3.438    ALU_ctrl_IBUF[2]
    SLICE_X4Y116         LUT6 (Prop_lut6_I0_O)        0.105     3.543 r  ALURes_OBUF[7]_inst_i_10/O
                         net (fo=10, routed)          0.701     4.244    ALURes_OBUF[7]_inst_i_10_n_0
    SLICE_X4Y115         LUT4 (Prop_lut4_I1_O)        0.115     4.359 r  ALURes_OBUF[0]_inst_i_3/O
                         net (fo=5, routed)           0.723     5.082    ALURes_OBUF[0]_inst_i_3_n_0
    SLICE_X2Y115         LUT6 (Prop_lut6_I1_O)        0.275     5.357 r  ALURes_OBUF[5]_inst_i_2/O
                         net (fo=1, routed)           0.770     6.126    ALURes_OBUF[5]_inst_i_2_n_0
    SLICE_X0Y115         LUT6 (Prop_lut6_I0_O)        0.105     6.231 r  ALURes_OBUF[5]_inst_i_1/O
                         net (fo=2, routed)           2.944     9.175    ALURes_OBUF[5]
    V17                  OBUF (Prop_obuf_I_O)         3.297    12.473 r  ALURes_OBUF[5]_inst/O
                         net (fo=0)                   0.000    12.473    ALURes[5]
    V17                                                               r  ALURes[5] (OUT)
  -------------------------------------------------------------------    -------------------

Slack:                    inf
  Source:                 A[3]
                            (input port)
  Destination:            ALURes[7]
                            (output port)
  Path Group:             (none)
  Path Type:              Max at Slow Process Corner
  Data Path Delay:        12.250ns  (logic 5.766ns (47.067%)  route 6.484ns (52.933%))
  Logic Levels:           7  (CARRY4=2 IBUF=1 LUT2=1 LUT6=2 OBUF=1)

    Location             Delay type                Incr(ns)  Path(ns)    Netlist Resource(s)
  -------------------------------------------------------------------    -------------------
    G13                                               0.000     0.000 r  A[3] (IN)
                         net (fo=0)                   0.000     0.000    A[3]
    G13                  IBUF (Prop_ibuf_I_O)         1.406     1.406 r  A_IBUF[3]_inst/O
                         net (fo=13, routed)          2.232     3.638    A_IBUF[3]
    SLICE_X1Y115         LUT2 (Prop_lut2_I1_O)        0.105     3.743 r  ALURes_OBUF[3]_inst_i_8/O
                         net (fo=1, routed)           0.000     3.743    ALURes_OBUF[3]_inst_i_8_n_0
    SLICE_X1Y115         CARRY4 (Prop_carry4_S[3]_CO[3])
                                                      0.332     4.075 r  ALURes_OBUF[3]_inst_i_4/CO[3]
                         net (fo=1, routed)           0.000     4.075    ALURes_OBUF[3]_inst_i_4_n_0
    SLICE_X1Y116         CARRY4 (Prop_carry4_CI_O[3])
                                                      0.260     4.335 r  ALURes_OBUF[6]_inst_i_5/O[3]
                         net (fo=1, routed)           0.546     4.880    data0[7]
    SLICE_X0Y116         LUT6 (Prop_lut6_I0_O)        0.257     5.137 r  ALURes_OBUF[7]_inst_i_3/O
                         net (fo=2, routed)           0.775     5.913    ALURes_OBUF[7]_inst_i_3_n_0
    SLICE_X5Y115         LUT6 (Prop_lut6_I1_O)        0.105     6.018 r  ALURes_OBUF[7]_inst_i_1/O
                         net (fo=1, routed)           2.932     8.949    ALURes_OBUF[7]
    U16                  OBUF (Prop_obuf_I_O)         3.301    12.250 r  ALURes_OBUF[7]_inst/O
                         net (fo=0)                   0.000    12.250    ALURes[7]
    U16                                                               r  ALURes[7] (OUT)
  -------------------------------------------------------------------    -------------------

Slack:                    inf
  Source:                 A[6]
                            (input port)
  Destination:            ALURes[3]
                            (output port)
  Path Group:             (none)
  Path Type:              Max at Slow Process Corner
  Data Path Delay:        11.186ns  (logic 5.130ns (45.861%)  route 6.056ns (54.139%))
  Logic Levels:           6  (IBUF=1 LUT4=1 LUT5=1 LUT6=2 OBUF=1)

    Location             Delay type                Incr(ns)  Path(ns)    Netlist Resource(s)
  -------------------------------------------------------------------    -------------------
    D14                                               0.000     0.000 r  A[6] (IN)
                         net (fo=0)                   0.000     0.000    A[6]
    D14                  IBUF (Prop_ibuf_I_O)         1.414     1.414 r  A_IBUF[6]_inst/O
                         net (fo=15, routed)          2.664     4.078    A_IBUF[6]
    SLICE_X4Y113         LUT4 (Prop_lut4_I0_O)        0.105     4.183 r  ALURes_OBUF[4]_inst_i_8/O
                         net (fo=2, routed)           0.332     4.515    ALURes_OBUF[4]_inst_i_8_n_0
    SLICE_X4Y114         LUT6 (Prop_lut6_I0_O)        0.105     4.620 r  ALURes_OBUF[3]_inst_i_7/O
                         net (fo=1, routed)           0.552     5.172    ALURes_OBUF[3]_inst_i_7_n_0
    SLICE_X4Y114         LUT5 (Prop_lut5_I4_O)        0.105     5.277 r  ALURes_OBUF[3]_inst_i_2/O
                         net (fo=1, routed)           0.387     5.664    ALURes_OBUF[3]_inst_i_2_n_0
    SLICE_X0Y114         LUT6 (Prop_lut6_I0_O)        0.105     5.769 r  ALURes_OBUF[3]_inst_i_1/O
                         net (fo=2, routed)           2.121     7.890    ALURes_OBUF[3]
    N14                  OBUF (Prop_obuf_I_O)         3.296    11.186 r  ALURes_OBUF[3]_inst/O
                         net (fo=0)                   0.000    11.186    ALURes[3]
    N14                                                               r  ALURes[3] (OUT)
  -------------------------------------------------------------------    -------------------

Slack:                    inf
  Source:                 ALU_ctrl[2]
                            (input port)
  Destination:            ALURes[4]
                            (output port)
  Path Group:             (none)
  Path Type:              Max at Slow Process Corner
  Data Path Delay:        11.156ns  (logic 5.329ns (47.773%)  route 5.826ns (52.227%))
  Logic Levels:           6  (IBUF=1 LUT4=1 LUT5=1 LUT6=2 OBUF=1)

    Location             Delay type                Incr(ns)  Path(ns)    Netlist Resource(s)
  -------------------------------------------------------------------    -------------------
    B16                                               0.000     0.000 r  ALU_ctrl[2] (IN)
                         net (fo=0)                   0.000     0.000    ALU_ctrl[2]
    B16                  IBUF (Prop_ibuf_I_O)         1.426     1.426 r  ALU_ctrl_IBUF[2]_inst/O
                         net (fo=15, routed)          2.012     3.438    ALU_ctrl_IBUF[2]
    SLICE_X4Y116         LUT6 (Prop_lut6_I0_O)        0.105     3.543 r  ALURes_OBUF[7]_inst_i_10/O
                         net (fo=10, routed)          0.620     4.163    ALURes_OBUF[7]_inst_i_10_n_0
    SLICE_X5Y114         LUT4 (Prop_lut4_I1_O)        0.128     4.291 r  ALURes_OBUF[7]_inst_i_6/O
                         net (fo=6, routed)           0.540     4.831    ALURes_OBUF[7]_inst_i_6_n_0
    SLICE_X4Y114         LUT5 (Prop_lut5_I2_O)        0.268     5.099 r  ALURes_OBUF[4]_inst_i_2/O
                         net (fo=1, routed)           0.540     5.639    ALURes_OBUF[4]_inst_i_2_n_0
    SLICE_X2Y114         LUT6 (Prop_lut6_I0_O)        0.105     5.744 r  ALURes_OBUF[4]_inst_i_1/O
                         net (fo=2, routed)           2.115     7.858    ALURes_OBUF[4]
    R18                  OBUF (Prop_obuf_I_O)         3.297    11.156 r  ALURes_OBUF[4]_inst/O
                         net (fo=0)                   0.000    11.156    ALURes[4]
    R18                                                               r  ALURes[4] (OUT)
  -------------------------------------------------------------------    -------------------

Slack:                    inf
  Source:                 A[6]
                            (input port)
  Destination:            ALURes[1]
                            (output port)
  Path Group:             (none)
  Path Type:              Max at Slow Process Corner
  Data Path Delay:        11.012ns  (logic 5.287ns (48.011%)  route 5.725ns (51.989%))
  Logic Levels:           6  (IBUF=1 LUT5=1 LUT6=3 OBUF=1)

    Location             Delay type                Incr(ns)  Path(ns)    Netlist Resource(s)
  -------------------------------------------------------------------    -------------------
    D14                                               0.000     0.000 r  A[6] (IN)
                         net (fo=0)                   0.000     0.000    A[6]
    D14                  IBUF (Prop_ibuf_I_O)         1.414     1.414 r  A_IBUF[6]_inst/O
                         net (fo=15, routed)          2.664     4.078    A_IBUF[6]
    SLICE_X4Y113         LUT5 (Prop_lut5_I2_O)        0.115     4.193 r  ALURes_OBUF[2]_inst_i_6/O
                         net (fo=2, routed)           0.700     4.893    ALURes_OBUF[2]_inst_i_6_n_0
    SLICE_X3Y114         LUT6 (Prop_lut6_I0_O)        0.267     5.160 r  ALURes_OBUF[1]_inst_i_5/O
                         net (fo=1, routed)           0.113     5.272    ALURes_OBUF[1]_inst_i_5_n_0
    SLICE_X3Y114         LUT6 (Prop_lut6_I5_O)        0.105     5.377 r  ALURes_OBUF[1]_inst_i_2/O
                         net (fo=2, routed)           0.657     6.034    ALURes_OBUF[1]_inst_i_2_n_0
    SLICE_X2Y113         LUT6 (Prop_lut6_I0_O)        0.105     6.139 r  ALURes_OBUF[1]_inst_i_1/O
                         net (fo=1, routed)           1.592     7.731    ALURes_OBUF[1]
    K15                  OBUF (Prop_obuf_I_O)         3.281    11.012 r  ALURes_OBUF[1]_inst/O
                         net (fo=0)                   0.000    11.012    ALURes[1]
    K15                                                               r  ALURes[1] (OUT)
  -------------------------------------------------------------------    -------------------

Slack:                    inf
  Source:                 A[6]
                            (input port)
  Destination:            ALURes[2]
                            (output port)
  Path Group:             (none)
  Path Type:              Max at Slow Process Corner
  Data Path Delay:        10.912ns  (logic 5.304ns (48.607%)  route 5.608ns (51.393%))
  Logic Levels:           6  (IBUF=1 LUT5=1 LUT6=3 OBUF=1)

    Location             Delay type                Incr(ns)  Path(ns)    Netlist Resource(s)
  -------------------------------------------------------------------    -------------------
    D14                                               0.000     0.000 r  A[6] (IN)
                         net (fo=0)                   0.000     0.000    A[6]
    D14                  IBUF (Prop_ibuf_I_O)         1.414     1.414 r  A_IBUF[6]_inst/O
                         net (fo=15, routed)          2.664     4.078    A_IBUF[6]
    SLICE_X4Y113         LUT5 (Prop_lut5_I2_O)        0.115     4.193 r  ALURes_OBUF[2]_inst_i_6/O
                         net (fo=2, routed)           0.672     4.865    ALURes_OBUF[2]_inst_i_6_n_0
    SLICE_X5Y114         LUT6 (Prop_lut6_I1_O)        0.267     5.132 r  ALURes_OBUF[2]_inst_i_5/O
                         net (fo=1, routed)           0.229     5.361    ALURes_OBUF[2]_inst_i_5_n_0
    SLICE_X4Y115         LUT6 (Prop_lut6_I5_O)        0.105     5.466 r  ALURes_OBUF[2]_inst_i_2/O
                         net (fo=1, routed)           0.777     6.242    ALURes_OBUF[2]_inst_i_2_n_0
    SLICE_X0Y115         LUT6 (Prop_lut6_I0_O)        0.105     6.347 r  ALURes_OBUF[2]_inst_i_1/O
                         net (fo=2, routed)           1.267     7.614    ALURes_OBUF[2]
    J13                  OBUF (Prop_obuf_I_O)         3.298    10.912 r  ALURes_OBUF[2]_inst/O
                         net (fo=0)                   0.000    10.912    ALURes[2]
    J13                                                               r  ALURes[2] (OUT)
  -------------------------------------------------------------------    -------------------

Slack:                    inf
  Source:                 A[6]
                            (input port)
  Destination:            ALURes[0]
                            (output port)
  Path Group:             (none)
  Path Type:              Max at Slow Process Corner
  Data Path Delay:        10.588ns  (logic 5.309ns (50.142%)  route 5.279ns (49.858%))
  Logic Levels:           6  (CARRY4=1 IBUF=1 LUT4=1 LUT6=2 OBUF=1)

    Location             Delay type                Incr(ns)  Path(ns)    Netlist Resource(s)
  -------------------------------------------------------------------    -------------------
    D14                                               0.000     0.000 r  A[6] (IN)
                         net (fo=0)                   0.000     0.000    A[6]
    D14                  IBUF (Prop_ibuf_I_O)         1.414     1.414 r  A_IBUF[6]_inst/O
                         net (fo=15, routed)          2.195     3.609    A_IBUF[6]
    SLICE_X2Y116         LUT4 (Prop_lut4_I1_O)        0.105     3.714 r  ALURes_OBUF[0]_inst_i_14/O
                         net (fo=1, routed)           0.000     3.714    ALURes_OBUF[0]_inst_i_14_n_0
    SLICE_X2Y116         CARRY4 (Prop_carry4_S[3]_CO[3])
                                                      0.314     4.028 r  ALURes_OBUF[0]_inst_i_8/CO[3]
                         net (fo=1, routed)           1.035     5.063    data4
    SLICE_X2Y114         LUT6 (Prop_lut6_I3_O)        0.105     5.168 r  ALURes_OBUF[0]_inst_i_5/O
                         net (fo=2, routed)           0.672     5.840    ALURes_OBUF[0]_inst_i_5_n_0
    SLICE_X3Y113         LUT6 (Prop_lut6_I4_O)        0.105     5.945 r  ALURes_OBUF[0]_inst_i_1/O
                         net (fo=1, routed)           1.377     7.322    ALURes_OBUF[0]
    H17                  OBUF (Prop_obuf_I_O)         3.266    10.588 r  ALURes_OBUF[0]_inst/O
                         net (fo=0)                   0.000    10.588    ALURes[0]
    H17                                                               r  ALURes[0] (OUT)
  -------------------------------------------------------------------    -------------------





Min Delay Paths
--------------------------------------------------------------------------------------
Slack:                    inf
  Source:                 B[0]
                            (input port)
  Destination:            ALURes[0]
                            (output port)
  Path Group:             (none)
  Path Type:              Min at Fast Process Corner
  Data Path Delay:        2.273ns  (logic 1.546ns (68.012%)  route 0.727ns (31.988%))
  Logic Levels:           4  (IBUF=1 LUT6=2 OBUF=1)

    Location             Delay type                Incr(ns)  Path(ns)    Netlist Resource(s)
  -------------------------------------------------------------------    -------------------
    G17                                               0.000     0.000 r  B[0] (IN)
                         net (fo=0)                   0.000     0.000    B[0]
    G17                  IBUF (Prop_ibuf_I_O)         0.234     0.234 r  B_IBUF[0]_inst/O
                         net (fo=15, routed)          0.350     0.585    B_IBUF[0]
    SLICE_X3Y113         LUT6 (Prop_lut6_I4_O)        0.045     0.630 r  ALURes_OBUF[0]_inst_i_6/O
                         net (fo=2, routed)           0.060     0.689    ALURes_OBUF[0]_inst_i_6_n_0
    SLICE_X3Y113         LUT6 (Prop_lut6_I5_O)        0.045     0.734 r  ALURes_OBUF[0]_inst_i_1/O
                         net (fo=1, routed)           0.317     1.051    ALURes_OBUF[0]
    H17                  OBUF (Prop_obuf_I_O)         1.221     2.273 r  ALURes_OBUF[0]_inst/O
                         net (fo=0)                   0.000     2.273    ALURes[0]
    H17                                                               r  ALURes[0] (OUT)
  -------------------------------------------------------------------    -------------------

Slack:                    inf
  Source:                 A[0]
                            (input port)
  Destination:            ALURes[2]
                            (output port)
  Path Group:             (none)
  Path Type:              Min at Fast Process Corner
  Data Path Delay:        2.587ns  (logic 1.758ns (67.981%)  route 0.828ns (32.019%))
  Logic Levels:           4  (CARRY4=1 IBUF=1 LUT6=1 OBUF=1)

    Location             Delay type                Incr(ns)  Path(ns)    Netlist Resource(s)
  -------------------------------------------------------------------    -------------------
    H14                                               0.000     0.000 r  A[0] (IN)
                         net (fo=0)                   0.000     0.000    A[0]
    H14                  IBUF (Prop_ibuf_I_O)         0.240     0.240 r  A_IBUF[0]_inst/O
                         net (fo=14, routed)          0.379     0.619    A_IBUF[0]
    SLICE_X1Y115         CARRY4 (Prop_carry4_DI[0]_O[2])
                                                      0.157     0.776 r  ALURes_OBUF[3]_inst_i_4/O[2]
                         net (fo=1, routed)           0.164     0.941    data0[2]
    SLICE_X0Y115         LUT6 (Prop_lut6_I3_O)        0.108     1.049 r  ALURes_OBUF[2]_inst_i_1/O
                         net (fo=2, routed)           0.285     1.333    ALURes_OBUF[2]
    J13                  OBUF (Prop_obuf_I_O)         1.253     2.587 r  ALURes_OBUF[2]_inst/O
                         net (fo=0)                   0.000     2.587    ALURes[2]
    J13                                                               r  ALURes[2] (OUT)
  -------------------------------------------------------------------    -------------------

Slack:                    inf
  Source:                 A[1]
                            (input port)
  Destination:            ALURes[1]
                            (output port)
  Path Group:             (none)
  Path Type:              Min at Fast Process Corner
  Data Path Delay:        2.599ns  (logic 1.565ns (60.220%)  route 1.034ns (39.780%))
  Logic Levels:           4  (IBUF=1 LUT2=1 LUT6=1 OBUF=1)

    Location             Delay type                Incr(ns)  Path(ns)    Netlist Resource(s)
  -------------------------------------------------------------------    -------------------
    H16                                               0.000     0.000 r  A[1] (IN)
                         net (fo=0)                   0.000     0.000    A[1]
    H16                  IBUF (Prop_ibuf_I_O)         0.239     0.239 r  A_IBUF[1]_inst/O
                         net (fo=15, routed)          0.512     0.751    A_IBUF[1]
    SLICE_X1Y113         LUT2 (Prop_lut2_I0_O)        0.045     0.796 f  ALURes_OBUF[1]_inst_i_3/O
                         net (fo=1, routed)           0.097     0.893    ALURes_OBUF[1]_inst_i_3_n_0
    SLICE_X2Y113         LUT6 (Prop_lut6_I1_O)        0.045     0.938 r  ALURes_OBUF[1]_inst_i_1/O
                         net (fo=1, routed)           0.425     1.363    ALURes_OBUF[1]
    K15                  OBUF (Prop_obuf_I_O)         1.236     2.599 r  ALURes_OBUF[1]_inst/O
                         net (fo=0)                   0.000     2.599    ALURes[1]
    K15                                                               r  ALURes[1] (OUT)
  -------------------------------------------------------------------    -------------------

Slack:                    inf
  Source:                 B[4]
                            (input port)
  Destination:            ALURes[4]
                            (output port)
  Path Group:             (none)
  Path Type:              Min at Fast Process Corner
  Data Path Delay:        3.002ns  (logic 1.610ns (53.655%)  route 1.391ns (46.345%))
  Logic Levels:           4  (IBUF=1 LUT2=1 LUT6=1 OBUF=1)

    Location             Delay type                Incr(ns)  Path(ns)    Netlist Resource(s)
  -------------------------------------------------------------------    -------------------
    D18                                               0.000     0.000 r  B[4] (IN)
                         net (fo=0)                   0.000     0.000    B[4]
    D18                  IBUF (Prop_ibuf_I_O)         0.268     0.268 r  B_IBUF[4]_inst/O
                         net (fo=7, routed)           0.607     0.875    B_IBUF[4]
    SLICE_X2Y114         LUT2 (Prop_lut2_I1_O)        0.045     0.920 f  ALURes_OBUF[4]_inst_i_3/O
                         net (fo=1, routed)           0.088     1.008    ALURes_OBUF[4]_inst_i_3_n_0
    SLICE_X2Y114         LUT6 (Prop_lut6_I1_O)        0.045     1.053 r  ALURes_OBUF[4]_inst_i_1/O
                         net (fo=2, routed)           0.697     1.749    ALURes_OBUF[4]
    R18                  OBUF (Prop_obuf_I_O)         1.252     3.002 r  ALURes_OBUF[4]_inst/O
                         net (fo=0)                   0.000     3.002    ALURes[4]
    R18                                                               r  ALURes[4] (OUT)
  -------------------------------------------------------------------    -------------------

Slack:                    inf
  Source:                 B[3]
                            (input port)
  Destination:            ALURes[3]
                            (output port)
  Path Group:             (none)
  Path Type:              Min at Fast Process Corner
  Data Path Delay:        3.060ns  (logic 1.592ns (52.030%)  route 1.468ns (47.970%))
  Logic Levels:           4  (IBUF=1 LUT2=1 LUT6=1 OBUF=1)

    Location             Delay type                Incr(ns)  Path(ns)    Netlist Resource(s)
  -------------------------------------------------------------------    -------------------
    F18                                               0.000     0.000 r  B[3] (IN)
                         net (fo=0)                   0.000     0.000    B[3]
    F18                  IBUF (Prop_ibuf_I_O)         0.251     0.251 r  B_IBUF[3]_inst/O
                         net (fo=7, routed)           0.532     0.782    B_IBUF[3]
    SLICE_X0Y114         LUT2 (Prop_lut2_I1_O)        0.045     0.827 f  ALURes_OBUF[3]_inst_i_3/O
                         net (fo=1, routed)           0.227     1.054    ALURes_OBUF[3]_inst_i_3_n_0
    SLICE_X0Y114         LUT6 (Prop_lut6_I1_O)        0.045     1.099 r  ALURes_OBUF[3]_inst_i_1/O
                         net (fo=2, routed)           0.709     1.808    ALURes_OBUF[3]
    N14                  OBUF (Prop_obuf_I_O)         1.251     3.060 r  ALURes_OBUF[3]_inst/O
                         net (fo=0)                   0.000     3.060    ALURes[3]
    N14                                                               r  ALURes[3] (OUT)
  -------------------------------------------------------------------    -------------------

Slack:                    inf
  Source:                 B[0]
                            (input port)
  Destination:            zero
                            (output port)
  Path Group:             (none)
  Path Type:              Min at Fast Process Corner
  Data Path Delay:        3.336ns  (logic 1.618ns (48.487%)  route 1.719ns (51.513%))
  Logic Levels:           5  (IBUF=1 LUT6=3 OBUF=1)

    Location             Delay type                Incr(ns)  Path(ns)    Netlist Resource(s)
  -------------------------------------------------------------------    -------------------
    G17                                               0.000     0.000 r  B[0] (IN)
                         net (fo=0)                   0.000     0.000    B[0]
    G17                  IBUF (Prop_ibuf_I_O)         0.234     0.234 r  B_IBUF[0]_inst/O
                         net (fo=15, routed)          0.350     0.585    B_IBUF[0]
    SLICE_X3Y113         LUT6 (Prop_lut6_I4_O)        0.045     0.630 f  ALURes_OBUF[0]_inst_i_6/O
                         net (fo=2, routed)           0.230     0.859    ALURes_OBUF[0]_inst_i_6_n_0
    SLICE_X2Y113         LUT6 (Prop_lut6_I0_O)        0.045     0.904 r  zero_OBUF_inst_i_3/O
                         net (fo=1, routed)           0.100     1.004    zero_OBUF_inst_i_3_n_0
    SLICE_X0Y114         LUT6 (Prop_lut6_I5_O)        0.045     1.049 r  zero_OBUF_inst_i_1/O
                         net (fo=1, routed)           1.039     2.088    zero_OBUF
    V16                  OBUF (Prop_obuf_I_O)         1.248     3.336 r  zero_OBUF_inst/O
                         net (fo=0)                   0.000     3.336    zero
    V16                                                               r  zero (OUT)
  -------------------------------------------------------------------    -------------------

Slack:                    inf
  Source:                 A[4]
                            (input port)
  Destination:            ALURes[6]
                            (output port)
  Path Group:             (none)
  Path Type:              Min at Fast Process Corner
  Data Path Delay:        3.370ns  (logic 1.756ns (52.102%)  route 1.614ns (47.898%))
  Logic Levels:           4  (CARRY4=1 IBUF=1 LUT6=1 OBUF=1)

    Location             Delay type                Incr(ns)  Path(ns)    Netlist Resource(s)
  -------------------------------------------------------------------    -------------------
    F16                                               0.000     0.000 r  A[4] (IN)
                         net (fo=0)                   0.000     0.000    A[4]
    F16                  IBUF (Prop_ibuf_I_O)         0.235     0.235 r  A_IBUF[4]_inst/O
                         net (fo=13, routed)          0.403     0.639    A_IBUF[4]
    SLICE_X1Y116         CARRY4 (Prop_carry4_DI[0]_O[2])
                                                      0.157     0.796 r  ALURes_OBUF[6]_inst_i_5/O[2]
                         net (fo=2, routed)           0.173     0.968    data0[6]
    SLICE_X0Y116         LUT6 (Prop_lut6_I3_O)        0.108     1.076 r  ALURes_OBUF[6]_inst_i_1/O
                         net (fo=1, routed)           1.038     2.114    ALURes_OBUF[6]
    U17                  OBUF (Prop_obuf_I_O)         1.256     3.370 r  ALURes_OBUF[6]_inst/O
                         net (fo=0)                   0.000     3.370    ALURes[6]
    U17                                                               r  ALURes[6] (OUT)
  -------------------------------------------------------------------    -------------------

Slack:                    inf
  Source:                 B[5]
                            (input port)
  Destination:            ALURes[5]
                            (output port)
  Path Group:             (none)
  Path Type:              Min at Fast Process Corner
  Data Path Delay:        3.382ns  (logic 1.593ns (47.110%)  route 1.789ns (52.890%))
  Logic Levels:           4  (IBUF=1 LUT2=1 LUT6=1 OBUF=1)

    Location             Delay type                Incr(ns)  Path(ns)    Netlist Resource(s)
  -------------------------------------------------------------------    -------------------
    E17                                               0.000     0.000 r  B[5] (IN)
                         net (fo=0)                   0.000     0.000    B[5]
    E17                  IBUF (Prop_ibuf_I_O)         0.251     0.251 r  B_IBUF[5]_inst/O
                         net (fo=7, routed)           0.399     0.650    B_IBUF[5]
    SLICE_X0Y116         LUT2 (Prop_lut2_I1_O)        0.045     0.695 f  ALURes_OBUF[5]_inst_i_3/O
                         net (fo=1, routed)           0.271     0.966    ALURes_OBUF[5]_inst_i_3_n_0
    SLICE_X0Y115         LUT6 (Prop_lut6_I1_O)        0.045     1.011 r  ALURes_OBUF[5]_inst_i_1/O
                         net (fo=2, routed)           1.118     2.129    ALURes_OBUF[5]
    V17                  OBUF (Prop_obuf_I_O)         1.252     3.382 r  ALURes_OBUF[5]_inst/O
                         net (fo=0)                   0.000     3.382    ALURes[5]
    V17                                                               r  ALURes[5] (OUT)
  -------------------------------------------------------------------    -------------------

Slack:                    inf
  Source:                 B[1]
                            (input port)
  Destination:            ALURes[7]
                            (output port)
  Path Group:             (none)
  Path Type:              Min at Fast Process Corner
  Data Path Delay:        3.416ns  (logic 1.602ns (46.903%)  route 1.814ns (53.097%))
  Logic Levels:           4  (IBUF=1 LUT6=2 OBUF=1)

    Location             Delay type                Incr(ns)  Path(ns)    Netlist Resource(s)
  -------------------------------------------------------------------    -------------------
    G18                                               0.000     0.000 r  B[1] (IN)
                         net (fo=0)                   0.000     0.000    B[1]
    G18                  IBUF (Prop_ibuf_I_O)         0.256     0.256 r  B_IBUF[1]_inst/O
                         net (fo=23, routed)          0.571     0.827    B_IBUF[1]
    SLICE_X4Y113         LUT6 (Prop_lut6_I2_O)        0.045     0.872 r  ALURes_OBUF[7]_inst_i_7/O
                         net (fo=3, routed)           0.123     0.996    ALURes_OBUF[7]_inst_i_7_n_0
    SLICE_X5Y115         LUT6 (Prop_lut6_I5_O)        0.045     1.041 r  ALURes_OBUF[7]_inst_i_1/O
                         net (fo=1, routed)           1.120     2.160    ALURes_OBUF[7]
    U16                  OBUF (Prop_obuf_I_O)         1.256     3.416 r  ALURes_OBUF[7]_inst/O
                         net (fo=0)                   0.000     3.416    ALURes[7]
    U16                                                               r  ALURes[7] (OUT)
  -------------------------------------------------------------------    -------------------





