
*** Running vivado
    with args -log alu_pw8.vdi -applog -m64 -product Vivado -messageDb vivado.pb -mode batch -source alu_pw8.tcl -notrace


****** Vivado v2025.2 (64-bit)
  **** SW Build 6299465 on Fri Nov 14 12:34:56 MST 2025
  **** IP Build 6300035 on Fri Nov 14 10:48:45 MST 2025
  **** SharedData Build 6298862 on Thu Nov 13 04:50:51 MST 2025
  **** Start of session at: Thu Apr  2 18:57:17 2026
    ** Copyright 1986-2022 Xilinx, Inc. All Rights Reserved.
    ** Copyright 2022-2025 Advanced Micro Devices, Inc. All Rights Reserved.

source alu_pw8.tcl -notrace
Command: link_design -top alu_pw8 -part xc7a100tcsg324-2
Design is defaulting to srcset: sources_1
Design is defaulting to constrset: constrs_1
INFO: [Device 21-403] Loading part xc7a100tcsg324-2
Netlist sorting complete. Time (s): cpu = 00:00:00 ; elapsed = 00:00:00 . Memory (MB): peak = 1750.469 ; gain = 0.000 ; free physical = 15655 ; free virtual = 43425
INFO: [Netlist 29-17] Analyzing 5 Unisim elements for replacement
INFO: [Netlist 29-28] Unisim Transformation completed in 0 CPU seconds
INFO: [Project 1-479] Netlist was created with Vivado 2025.2
INFO: [Project 1-570] Preparing netlist for logic optimization
Parsing XDC File [/home/randomguy/Documents/School/TT/Vivado/ALU/ALU.srcs/constrs_1/imports/Desktop/Nexys4DDR_LabRemoto.xdc]
Finished Parsing XDC File [/home/randomguy/Documents/School/TT/Vivado/ALU/ALU.srcs/constrs_1/imports/Desktop/Nexys4DDR_LabRemoto.xdc]
INFO: [Opt 31-138] Pushed 0 inverter(s) to 0 load pin(s).
Netlist sorting complete. Time (s): cpu = 00:00:00 ; elapsed = 00:00:00 . Memory (MB): peak = 1938.074 ; gain = 0.000 ; free physical = 15523 ; free virtual = 43293
INFO: [Project 1-111] Unisim Transformation Summary:
No Unisim elements were transformed.

7 Infos, 0 Warnings, 0 Critical Warnings and 0 Errors encountered.
link_design completed successfully
Command: opt_design
Attempting to get a license for feature 'Implementation' and/or device 'xc7a100t'
INFO: [Common 17-349] Got license for feature 'Implementation' and/or device 'xc7a100t'
Running DRC as a precondition to command opt_design

Starting DRC Task
INFO: [DRC 23-27] Running DRC with 8 threads
INFO: [Project 1-461] DRC finished with 0 Errors
INFO: [Project 1-462] Please refer to the DRC report (report_drc) for more information.

Time (s): cpu = 00:00:00.17 ; elapsed = 00:00:00.16 . Memory (MB): peak = 1958.887 ; gain = 16.809 ; free physical = 15510 ; free virtual = 43280

Starting Cache Timing Information Task
INFO: [Timing 38-35] Done setting XDC timing constraints.
Ending Cache Timing Information Task | Checksum: 20dec20aa

Time (s): cpu = 00:00:02 ; elapsed = 00:00:02 . Memory (MB): peak = 2451.621 ; gain = 492.734 ; free physical = 15089 ; free virtual = 42859

Starting Logic Optimization Task

Phase 1 Initialization

Phase 1.1 Core Generation And Design Setup
Phase 1.1 Core Generation And Design Setup | Checksum: 20dec20aa

Time (s): cpu = 00:00:00 ; elapsed = 00:00:00 . Memory (MB): peak = 2835.340 ; gain = 0.000 ; free physical = 14717 ; free virtual = 42487

Phase 1.2 Setup Constraints And Sort Netlist
Phase 1.2 Setup Constraints And Sort Netlist | Checksum: 20dec20aa

Time (s): cpu = 00:00:00 ; elapsed = 00:00:00 . Memory (MB): peak = 2835.340 ; gain = 0.000 ; free physical = 14717 ; free virtual = 42487
Phase 1 Initialization | Checksum: 20dec20aa

Time (s): cpu = 00:00:00 ; elapsed = 00:00:00 . Memory (MB): peak = 2835.340 ; gain = 0.000 ; free physical = 14717 ; free virtual = 42487

Phase 2 Timer Update And Timing Data Collection

Phase 2.1 Detect if minReqCache needed
Phase 2.1 Detect if minReqCache needed | Checksum: 20dec20aa

Time (s): cpu = 00:00:00 ; elapsed = 00:00:00.01 . Memory (MB): peak = 2835.340 ; gain = 0.000 ; free physical = 14717 ; free virtual = 42487

Phase 2.2 Timer Update
Phase 2.2 Timer Update | Checksum: 20dec20aa

Time (s): cpu = 00:00:00 ; elapsed = 00:00:00.01 . Memory (MB): peak = 2835.340 ; gain = 0.000 ; free physical = 14717 ; free virtual = 42487
Phase 2 Timer Update And Timing Data Collection | Checksum: 20dec20aa

Time (s): cpu = 00:00:00 ; elapsed = 00:00:00.01 . Memory (MB): peak = 2835.340 ; gain = 0.000 ; free physical = 14717 ; free virtual = 42487

Phase 3 Retarget
INFO: [Opt 31-1851] Number of loadless carry chains removed were: 0
INFO: [Opt 31-1834] Total Chains To Be Transformed Were: 0 AND Number of Transformed insts Created are: 0
INFO: [Opt 31-138] Pushed 0 inverter(s) to 0 load pin(s).
INFO: [Opt 31-49] Retargeted 0 cell(s).
Phase 3 Retarget | Checksum: 20dec20aa

Time (s): cpu = 00:00:00.01 ; elapsed = 00:00:00.01 . Memory (MB): peak = 2835.340 ; gain = 0.000 ; free physical = 14717 ; free virtual = 42487
Retarget | Checksum: 20dec20aa
INFO: [Opt 31-389] Phase Retarget created 0 cells and removed 0 cells

Phase 4 Constant propagation
INFO: [Opt 31-138] Pushed 0 inverter(s) to 0 load pin(s).
Phase 4 Constant propagation | Checksum: 20dec20aa

Time (s): cpu = 00:00:00.01 ; elapsed = 00:00:00.01 . Memory (MB): peak = 2835.340 ; gain = 0.000 ; free physical = 14717 ; free virtual = 42487
Constant propagation | Checksum: 20dec20aa
INFO: [Opt 31-389] Phase Constant propagation created 0 cells and removed 0 cells

Phase 5 Sweep
INFO: [Constraints 18-11670] Building netlist checker database with flags, 0x8
Done building netlist checker database: Time (s): cpu = 00:00:00 ; elapsed = 00:00:00 . Memory (MB): peak = 2835.340 ; gain = 0.000 ; free physical = 14717 ; free virtual = 42487
Phase 5 Sweep | Checksum: 1b24f19a9

Time (s): cpu = 00:00:00.01 ; elapsed = 00:00:00.01 . Memory (MB): peak = 2835.340 ; gain = 0.000 ; free physical = 14717 ; free virtual = 42487
Sweep | Checksum: 1b24f19a9
INFO: [Opt 31-389] Phase Sweep created 0 cells and removed 0 cells

Phase 6 BUFG optimization
Phase 6 BUFG optimization | Checksum: 1b24f19a9

Time (s): cpu = 00:00:00.01 ; elapsed = 00:00:00.02 . Memory (MB): peak = 2867.355 ; gain = 32.016 ; free physical = 14717 ; free virtual = 42487
BUFG optimization | Checksum: 1b24f19a9
INFO: [Opt 31-662] Phase BUFG optimization created 0 cells of which 0 are BUFGs and removed 0 cells.

Phase 7 Shift Register Optimization
INFO: [Opt 31-1064] SRL Remap converted 0 SRLs to 0 registers and converted 0 registers of register chains to 0 SRLs
Phase 7 Shift Register Optimization | Checksum: 1b24f19a9

Time (s): cpu = 00:00:00.01 ; elapsed = 00:00:00.02 . Memory (MB): peak = 2867.355 ; gain = 32.016 ; free physical = 14717 ; free virtual = 42487
Shift Register Optimization | Checksum: 1b24f19a9
INFO: [Opt 31-389] Phase Shift Register Optimization created 0 cells and removed 0 cells

Phase 8 Post Processing Netlist
Phase 8 Post Processing Netlist | Checksum: 1b24f19a9

Time (s): cpu = 00:00:00.01 ; elapsed = 00:00:00.02 . Memory (MB): peak = 2867.355 ; gain = 32.016 ; free physical = 14717 ; free virtual = 42487
Post Processing Netlist | Checksum: 1b24f19a9
INFO: [Opt 31-389] Phase Post Processing Netlist created 0 cells and removed 0 cells

Phase 9 Finalization

Phase 9.1 Finalizing Design Cores and Updating Shapes
Phase 9.1 Finalizing Design Cores and Updating Shapes | Checksum: 1e815fd50

Time (s): cpu = 00:00:00.01 ; elapsed = 00:00:00.02 . Memory (MB): peak = 2867.355 ; gain = 32.016 ; free physical = 14717 ; free virtual = 42487

Phase 9.2 Verifying Netlist Connectivity

Starting Connectivity Check Task

Time (s): cpu = 00:00:00.01 ; elapsed = 00:00:00 . Memory (MB): peak = 2867.355 ; gain = 0.000 ; free physical = 14717 ; free virtual = 42487
Phase 9.2 Verifying Netlist Connectivity | Checksum: 1e815fd50

Time (s): cpu = 00:00:00.02 ; elapsed = 00:00:00.02 . Memory (MB): peak = 2867.355 ; gain = 32.016 ; free physical = 14717 ; free virtual = 42487
Phase 9 Finalization | Checksum: 1e815fd50

Time (s): cpu = 00:00:00.02 ; elapsed = 00:00:00.02 . Memory (MB): peak = 2867.355 ; gain = 32.016 ; free physical = 14717 ; free virtual = 42487
Opt_design Change Summary
=========================


-------------------------------------------------------------------------------------------------------------------------
|  Phase                        |  #Cells created  |  #Cells Removed  |  #Constrained objects preventing optimizations  |
-------------------------------------------------------------------------------------------------------------------------
|  Retarget                     |               0  |               0  |                                              0  |
|  Constant propagation         |               0  |               0  |                                              0  |
|  Sweep                        |               0  |               0  |                                              0  |
|  BUFG optimization            |               0  |               0  |                                              0  |
|  Shift Register Optimization  |               0  |               0  |                                              0  |
|  Post Processing Netlist      |               0  |               0  |                                              0  |
-------------------------------------------------------------------------------------------------------------------------


Ending Logic Optimization Task | Checksum: 1e815fd50

Time (s): cpu = 00:00:00.02 ; elapsed = 00:00:00.02 . Memory (MB): peak = 2867.355 ; gain = 32.016 ; free physical = 14717 ; free virtual = 42487

Starting Power Optimization Task
INFO: [Pwropt 34-132] Skipping clock gating for clocks with a period < 2.00 ns.
Ending Power Optimization Task | Checksum: 1e815fd50

Time (s): cpu = 00:00:00 ; elapsed = 00:00:00 . Memory (MB): peak = 2867.355 ; gain = 0.000 ; free physical = 14717 ; free virtual = 42487

Starting Final Cleanup Task
Ending Final Cleanup Task | Checksum: 1e815fd50

Time (s): cpu = 00:00:00 ; elapsed = 00:00:00 . Memory (MB): peak = 2867.355 ; gain = 0.000 ; free physical = 14717 ; free virtual = 42487
Netlist sorting complete. Time (s): cpu = 00:00:00 ; elapsed = 00:00:00 . Memory (MB): peak = 2867.355 ; gain = 0.000 ; free physical = 14717 ; free virtual = 42487
INFO: [Common 17-83] Releasing license: Implementation
27 Infos, 0 Warnings, 0 Critical Warnings and 0 Errors encountered.
opt_design completed successfully
INFO: [Vivado 12-24828] Executing command : report_drc -file alu_pw8_drc_opted.rpt -pb alu_pw8_drc_opted.pb -rpx alu_pw8_drc_opted.rpx
Command: report_drc -file alu_pw8_drc_opted.rpt -pb alu_pw8_drc_opted.pb -rpx alu_pw8_drc_opted.rpx
INFO: [IP_Flow 19-234] Refreshing IP repositories
INFO: [IP_Flow 19-1704] No user IP repositories specified
INFO: [IP_Flow 19-2313] Loaded Vivado IP repository '/home/randomguy/Documents/Vivado/2025.2/data/ip'.
INFO: [DRC 23-27] Running DRC with 8 threads
INFO: [Vivado_Tcl 2-168] The results of DRC are in file /home/randomguy/Documents/School/TT/Vivado/ALU/ALU.runs/impl_1/alu_pw8_drc_opted.rpt.
report_drc completed successfully
INFO: [Timing 38-480] Writing timing data to binary archive.
Write ShapeDB Complete: Time (s): cpu = 00:00:00 ; elapsed = 00:00:00 . Memory (MB): peak = 2867.355 ; gain = 0.000 ; free physical = 14701 ; free virtual = 42471
Wrote PlaceDB: Time (s): cpu = 00:00:00 ; elapsed = 00:00:00 . Memory (MB): peak = 2867.355 ; gain = 0.000 ; free physical = 14701 ; free virtual = 42471
Wrote PulsedLatchDB: Time (s): cpu = 00:00:00 ; elapsed = 00:00:00 . Memory (MB): peak = 2867.355 ; gain = 0.000 ; free physical = 14701 ; free virtual = 42471
Writing XDEF routing.
Writing XDEF routing logical nets.
Writing XDEF routing special nets.
Wrote RouteStorage: Time (s): cpu = 00:00:00.01 ; elapsed = 00:00:00 . Memory (MB): peak = 2867.355 ; gain = 0.000 ; free physical = 14701 ; free virtual = 42471
Wrote PlaceStorage: Time (s): cpu = 00:00:00 ; elapsed = 00:00:00 . Memory (MB): peak = 2867.355 ; gain = 0.000 ; free physical = 14701 ; free virtual = 42471
Wrote Netlist Cache: Time (s): cpu = 00:00:00 ; elapsed = 00:00:00 . Memory (MB): peak = 2867.355 ; gain = 0.000 ; free physical = 14701 ; free virtual = 42471
Wrote Device Cache: Time (s): cpu = 00:00:00 ; elapsed = 00:00:00 . Memory (MB): peak = 2867.355 ; gain = 0.000 ; free physical = 14701 ; free virtual = 42471
Write Physdb Complete: Time (s): cpu = 00:00:00.01 ; elapsed = 00:00:00.01 . Memory (MB): peak = 2867.355 ; gain = 0.000 ; free physical = 14701 ; free virtual = 42471
INFO: [Common 17-1381] The checkpoint '/home/randomguy/Documents/School/TT/Vivado/ALU/ALU.runs/impl_1/alu_pw8_opt.dcp' has been generated.
Command: place_design
Attempting to get a license for feature 'Implementation' and/or device 'xc7a100t'
INFO: [Common 17-349] Got license for feature 'Implementation' and/or device 'xc7a100t'
INFO: [Common 17-83] Releasing license: Implementation
INFO: [DRC 23-27] Running DRC with 8 threads
INFO: [Vivado_Tcl 4-198] DRC finished with 0 Errors
INFO: [Vivado_Tcl 4-199] Please refer to the DRC report (report_drc) for more information.
INFO: [Timing 38-35] Done setting XDC timing constraints.
Running DRC as a precondition to command place_design
INFO: [DRC 23-27] Running DRC with 8 threads
INFO: [Vivado_Tcl 4-198] DRC finished with 0 Errors
INFO: [Vivado_Tcl 4-199] Please refer to the DRC report (report_drc) for more information.
INFO: [Place 30-611] Multithreading enabled for place_design using a maximum of 8 CPUs

Starting Placer Task

Phase 1 Placer Initialization

Phase 1.1 Placer Initialization Netlist Sorting
Netlist sorting complete. Time (s): cpu = 00:00:00 ; elapsed = 00:00:00 . Memory (MB): peak = 2867.355 ; gain = 0.000 ; free physical = 14689 ; free virtual = 42459
Phase 1.1 Placer Initialization Netlist Sorting | Checksum: 18983e870

Time (s): cpu = 00:00:00 ; elapsed = 00:00:00 . Memory (MB): peak = 2867.355 ; gain = 0.000 ; free physical = 14689 ; free virtual = 42459
Netlist sorting complete. Time (s): cpu = 00:00:00 ; elapsed = 00:00:00 . Memory (MB): peak = 2867.355 ; gain = 0.000 ; free physical = 14689 ; free virtual = 42459

Phase 1.2 IO Placement/ Clock Placement/ Build Placer Device
Phase 1.2 IO Placement/ Clock Placement/ Build Placer Device | Checksum: 18983e870

Time (s): cpu = 00:00:00.15 ; elapsed = 00:00:00.05 . Memory (MB): peak = 2867.355 ; gain = 0.000 ; free physical = 14689 ; free virtual = 42459

Phase 1.3 Build Placer Netlist Model
Phase 1.3 Build Placer Netlist Model | Checksum: 2415a110a

Time (s): cpu = 00:00:00.19 ; elapsed = 00:00:00.07 . Memory (MB): peak = 2867.355 ; gain = 0.000 ; free physical = 14689 ; free virtual = 42459

Phase 1.4 Constrain Clocks/Macros
Phase 1.4 Constrain Clocks/Macros | Checksum: 2415a110a

Time (s): cpu = 00:00:00.2 ; elapsed = 00:00:00.07 . Memory (MB): peak = 2867.355 ; gain = 0.000 ; free physical = 14689 ; free virtual = 42459
Phase 1 Placer Initialization | Checksum: 2415a110a

Time (s): cpu = 00:00:00.2 ; elapsed = 00:00:00.07 . Memory (MB): peak = 2867.355 ; gain = 0.000 ; free physical = 14689 ; free virtual = 42459

Phase 2 Global Placement

Phase 2.1 Floorplanning
Phase 2.1 Floorplanning | Checksum: 2415a110a

Time (s): cpu = 00:00:00.2 ; elapsed = 00:00:00.07 . Memory (MB): peak = 2867.355 ; gain = 0.000 ; free physical = 14689 ; free virtual = 42459

Phase 2.2 Update Timing before SLR Path Opt
Phase 2.2 Update Timing before SLR Path Opt | Checksum: 2415a110a

Time (s): cpu = 00:00:00.2 ; elapsed = 00:00:00.07 . Memory (MB): peak = 2867.355 ; gain = 0.000 ; free physical = 14689 ; free virtual = 42459

Phase 2.3 Post-Processing in Floorplanning
Phase 2.3 Post-Processing in Floorplanning | Checksum: 2415a110a

Time (s): cpu = 00:00:00.2 ; elapsed = 00:00:00.07 . Memory (MB): peak = 2867.355 ; gain = 0.000 ; free physical = 14689 ; free virtual = 42459

Phase 2.4 Global Place Phase1
Phase 2.4 Global Place Phase1 | Checksum: 1cccca83c

Time (s): cpu = 00:00:00.71 ; elapsed = 00:00:00.2 . Memory (MB): peak = 2899.371 ; gain = 32.016 ; free physical = 14608 ; free virtual = 42377

Phase 2.5 Global Place Phase2
WARNING: [Place 46-29] Timing had been disabled during Placer and, therefore, physical synthesis in Placer will be skipped.
Phase 2.5 Global Place Phase2 | Checksum: 1ecb22d0a

Time (s): cpu = 00:00:00.82 ; elapsed = 00:00:00.23 . Memory (MB): peak = 2899.371 ; gain = 32.016 ; free physical = 14612 ; free virtual = 42382
Phase 2 Global Placement | Checksum: 1ecb22d0a

Time (s): cpu = 00:00:00.82 ; elapsed = 00:00:00.23 . Memory (MB): peak = 2899.371 ; gain = 32.016 ; free physical = 14612 ; free virtual = 42382

Phase 3 Detail Placement

Phase 3.1 Commit Multi Column Macros
Phase 3.1 Commit Multi Column Macros | Checksum: 1ecb22d0a

Time (s): cpu = 00:00:00.84 ; elapsed = 00:00:00.23 . Memory (MB): peak = 2899.371 ; gain = 32.016 ; free physical = 14612 ; free virtual = 42382

Phase 3.2 Commit Most Macros & LUTRAMs
Phase 3.2 Commit Most Macros & LUTRAMs | Checksum: 2f1050d6b

Time (s): cpu = 00:00:00.86 ; elapsed = 00:00:00.24 . Memory (MB): peak = 2899.371 ; gain = 32.016 ; free physical = 14612 ; free virtual = 42382

Phase 3.3 Area Swap Optimization
Phase 3.3 Area Swap Optimization | Checksum: 2017c7d46

Time (s): cpu = 00:00:00.89 ; elapsed = 00:00:00.25 . Memory (MB): peak = 2899.371 ; gain = 32.016 ; free physical = 14612 ; free virtual = 42382

Phase 3.4 Pipeline Register Optimization
Phase 3.4 Pipeline Register Optimization | Checksum: 2017c7d46

Time (s): cpu = 00:00:00.89 ; elapsed = 00:00:00.25 . Memory (MB): peak = 2899.371 ; gain = 32.016 ; free physical = 14612 ; free virtual = 42382

Phase 3.5 Small Shape Detail Placement
Phase 3.5 Small Shape Detail Placement | Checksum: 234a048e9

Time (s): cpu = 00:00:01 ; elapsed = 00:00:00.32 . Memory (MB): peak = 2899.371 ; gain = 32.016 ; free physical = 14612 ; free virtual = 42383

Phase 3.6 Re-assign LUT pins
Phase 3.6 Re-assign LUT pins | Checksum: 234a048e9

Time (s): cpu = 00:00:01 ; elapsed = 00:00:00.32 . Memory (MB): peak = 2899.371 ; gain = 32.016 ; free physical = 14612 ; free virtual = 42383

Phase 3.7 Pipeline Register Optimization
Phase 3.7 Pipeline Register Optimization | Checksum: 234a048e9

Time (s): cpu = 00:00:01 ; elapsed = 00:00:00.32 . Memory (MB): peak = 2899.371 ; gain = 32.016 ; free physical = 14612 ; free virtual = 42383
Phase 3 Detail Placement | Checksum: 234a048e9

Time (s): cpu = 00:00:01 ; elapsed = 00:00:00.32 . Memory (MB): peak = 2899.371 ; gain = 32.016 ; free physical = 14612 ; free virtual = 42383

Phase 4 Post Placement Optimization and Clean-Up

Phase 4.1 Post Commit Optimization
Phase 4.1 Post Commit Optimization | Checksum: 234a048e9

Time (s): cpu = 00:00:01 ; elapsed = 00:00:00.34 . Memory (MB): peak = 2899.371 ; gain = 32.016 ; free physical = 14612 ; free virtual = 42383

Phase 4.2 Post Placement Cleanup
Phase 4.2 Post Placement Cleanup | Checksum: 234a048e9

Time (s): cpu = 00:00:01 ; elapsed = 00:00:00.35 . Memory (MB): peak = 2899.371 ; gain = 32.016 ; free physical = 14612 ; free virtual = 42383

Phase 4.3 Placer Reporting

Phase 4.3.1 Print Estimated Congestion
INFO: [Place 30-612] Post-Placement Estimated Congestion 
 ____________________________________________________
|           | Global Congestion | Short Congestion  |
| Direction | Region Size       | Region Size       |
|___________|___________________|___________________|
|      North|                1x1|                1x1|
|___________|___________________|___________________|
|      South|                1x1|                1x1|
|___________|___________________|___________________|
|       East|                1x1|                1x1|
|___________|___________________|___________________|
|       West|                1x1|                1x1|
|___________|___________________|___________________|

Phase 4.3.1 Print Estimated Congestion | Checksum: 234a048e9

Time (s): cpu = 00:00:01 ; elapsed = 00:00:00.35 . Memory (MB): peak = 2899.371 ; gain = 32.016 ; free physical = 14612 ; free virtual = 42383
Phase 4.3 Placer Reporting | Checksum: 234a048e9

Time (s): cpu = 00:00:01 ; elapsed = 00:00:00.35 . Memory (MB): peak = 2899.371 ; gain = 32.016 ; free physical = 14612 ; free virtual = 42383

Phase 4.4 Final Placement Cleanup
Netlist sorting complete. Time (s): cpu = 00:00:00 ; elapsed = 00:00:00 . Memory (MB): peak = 2899.371 ; gain = 0.000 ; free physical = 14612 ; free virtual = 42383

Time (s): cpu = 00:00:01 ; elapsed = 00:00:00.35 . Memory (MB): peak = 2899.371 ; gain = 32.016 ; free physical = 14612 ; free virtual = 42383
Phase 4 Post Placement Optimization and Clean-Up | Checksum: 234a048e9

Time (s): cpu = 00:00:01 ; elapsed = 00:00:00.35 . Memory (MB): peak = 2899.371 ; gain = 32.016 ; free physical = 14612 ; free virtual = 42383
Ending Placer Task | Checksum: 16181e7c7

Time (s): cpu = 00:00:01 ; elapsed = 00:00:00.35 . Memory (MB): peak = 2899.371 ; gain = 32.016 ; free physical = 14612 ; free virtual = 42383
46 Infos, 1 Warnings, 0 Critical Warnings and 0 Errors encountered.
place_design completed successfully
INFO: [Vivado 12-24838] Running report commands "report_control_sets, report_io, report_utilization" in parallel.
Running report generation with 3 threads.
INFO: [Vivado 12-24828] Executing command : report_control_sets -verbose -file alu_pw8_control_sets_placed.rpt
report_control_sets: Time (s): cpu = 00:00:00.06 ; elapsed = 00:00:00.05 . Memory (MB): peak = 2899.371 ; gain = 0.000 ; free physical = 14598 ; free virtual = 42369
INFO: [Vivado 12-24828] Executing command : report_utilization -file alu_pw8_utilization_placed.rpt -pb alu_pw8_utilization_placed.pb
INFO: [Vivado 12-24828] Executing command : report_io -file alu_pw8_io_placed.rpt
report_io: Time (s): cpu = 00:00:00.11 ; elapsed = 00:00:00.1 . Memory (MB): peak = 2899.371 ; gain = 0.000 ; free physical = 14594 ; free virtual = 42365
INFO: [Timing 38-480] Writing timing data to binary archive.
Wrote PlaceDB: Time (s): cpu = 00:00:00 ; elapsed = 00:00:00 . Memory (MB): peak = 2899.371 ; gain = 0.000 ; free physical = 14594 ; free virtual = 42365
Write ShapeDB Complete: Time (s): cpu = 00:00:00 ; elapsed = 00:00:00 . Memory (MB): peak = 2899.371 ; gain = 0.000 ; free physical = 14594 ; free virtual = 42365
Wrote PulsedLatchDB: Time (s): cpu = 00:00:00 ; elapsed = 00:00:00 . Memory (MB): peak = 2899.371 ; gain = 0.000 ; free physical = 14594 ; free virtual = 42365
Writing XDEF routing.
Writing XDEF routing logical nets.
Writing XDEF routing special nets.
Wrote RouteStorage: Time (s): cpu = 00:00:00.01 ; elapsed = 00:00:00 . Memory (MB): peak = 2899.371 ; gain = 0.000 ; free physical = 14594 ; free virtual = 42365
Wrote PlaceStorage: Time (s): cpu = 00:00:00.01 ; elapsed = 00:00:00 . Memory (MB): peak = 2899.371 ; gain = 0.000 ; free physical = 14594 ; free virtual = 42365
Wrote Netlist Cache: Time (s): cpu = 00:00:00 ; elapsed = 00:00:00 . Memory (MB): peak = 2899.371 ; gain = 0.000 ; free physical = 14594 ; free virtual = 42365
Wrote Device Cache: Time (s): cpu = 00:00:00 ; elapsed = 00:00:00.01 . Memory (MB): peak = 2899.371 ; gain = 0.000 ; free physical = 14594 ; free virtual = 42365
Write Physdb Complete: Time (s): cpu = 00:00:00.02 ; elapsed = 00:00:00.01 . Memory (MB): peak = 2899.371 ; gain = 0.000 ; free physical = 14594 ; free virtual = 42365
INFO: [Common 17-1381] The checkpoint '/home/randomguy/Documents/School/TT/Vivado/ALU/ALU.runs/impl_1/alu_pw8_placed.dcp' has been generated.
Command: phys_opt_design
Attempting to get a license for feature 'Implementation' and/or device 'xc7a100t'
INFO: [Common 17-349] Got license for feature 'Implementation' and/or device 'xc7a100t'

Starting Initial Update Timing Task

Time (s): cpu = 00:00:00 ; elapsed = 00:00:00.01 . Memory (MB): peak = 2899.371 ; gain = 0.000 ; free physical = 14588 ; free virtual = 42359
INFO: [Vivado_Tcl 4-235] No timing constraint found. The netlist was not modified.
INFO: [Common 17-83] Releasing license: Implementation
55 Infos, 1 Warnings, 0 Critical Warnings and 0 Errors encountered.
phys_opt_design completed successfully
INFO: [Timing 38-480] Writing timing data to binary archive.
Write ShapeDB Complete: Time (s): cpu = 00:00:00.01 ; elapsed = 00:00:00 . Memory (MB): peak = 2899.371 ; gain = 0.000 ; free physical = 14588 ; free virtual = 42359
Wrote PlaceDB: Time (s): cpu = 00:00:00 ; elapsed = 00:00:00 . Memory (MB): peak = 2899.371 ; gain = 0.000 ; free physical = 14588 ; free virtual = 42359
Wrote PulsedLatchDB: Time (s): cpu = 00:00:00 ; elapsed = 00:00:00 . Memory (MB): peak = 2899.371 ; gain = 0.000 ; free physical = 14588 ; free virtual = 42359
Writing XDEF routing.
Writing XDEF routing logical nets.
Writing XDEF routing special nets.
Wrote RouteStorage: Time (s): cpu = 00:00:00.01 ; elapsed = 00:00:00.01 . Memory (MB): peak = 2899.371 ; gain = 0.000 ; free physical = 14588 ; free virtual = 42360
Wrote PlaceStorage: Time (s): cpu = 00:00:00 ; elapsed = 00:00:00 . Memory (MB): peak = 2899.371 ; gain = 0.000 ; free physical = 14588 ; free virtual = 42360
Wrote Netlist Cache: Time (s): cpu = 00:00:00 ; elapsed = 00:00:00 . Memory (MB): peak = 2899.371 ; gain = 0.000 ; free physical = 14588 ; free virtual = 42360
Wrote Device Cache: Time (s): cpu = 00:00:00.01 ; elapsed = 00:00:00 . Memory (MB): peak = 2899.371 ; gain = 0.000 ; free physical = 14588 ; free virtual = 42360
Write Physdb Complete: Time (s): cpu = 00:00:00.02 ; elapsed = 00:00:00.01 . Memory (MB): peak = 2899.371 ; gain = 0.000 ; free physical = 14588 ; free virtual = 42360
INFO: [Common 17-1381] The checkpoint '/home/randomguy/Documents/School/TT/Vivado/ALU/ALU.runs/impl_1/alu_pw8_physopt.dcp' has been generated.
Command: route_design
Attempting to get a license for feature 'Implementation' and/or device 'xc7a100t'
INFO: [Common 17-349] Got license for feature 'Implementation' and/or device 'xc7a100t'


Starting Routing Task
INFO: [Route 35-254] Multithreading enabled for route_design using a maximum of 8 CPUs

Phase 1 Build RT Design
Checksum: PlaceDB: 55e826ae ConstDB: 0 ShapeSum: 59c76183 RouteDB: b1d25f96
Post Restoration Checksum: NetGraph: d8de83f4 | NumContArr: ac000d9c | Constraints: c2a8fa9d | Timing: c2a8fa9d
Phase 1 Build RT Design | Checksum: 30a3086ca

Time (s): cpu = 00:00:12 ; elapsed = 00:00:10 . Memory (MB): peak = 2899.371 ; gain = 0.000 ; free physical = 14608 ; free virtual = 42387

Phase 2 Router Initialization
INFO: [Route 35-64] No timing constraints were detected. The router will operate in resource-optimization mode.

Phase 2.1 Fix Topology Constraints
Phase 2.1 Fix Topology Constraints | Checksum: 30a3086ca

Time (s): cpu = 00:00:12 ; elapsed = 00:00:10 . Memory (MB): peak = 2899.371 ; gain = 0.000 ; free physical = 14608 ; free virtual = 42387

Phase 2.2 Pre Route Cleanup
Phase 2.2 Pre Route Cleanup | Checksum: 30a3086ca

Time (s): cpu = 00:00:12 ; elapsed = 00:00:10 . Memory (MB): peak = 2899.371 ; gain = 0.000 ; free physical = 14608 ; free virtual = 42387
 Number of Nodes with overlaps = 0

Router Utilization Summary
  Global Vertical Routing Utilization    = 0 %
  Global Horizontal Routing Utilization  = 0 %
  Routable Net Status*
  *Does not include unroutable nets such as driverless and loadless.
  Run report_route_status for detailed report.
  Number of Failed Nets               = 104
    (Failed Nets is the sum of unrouted and partially routed nets)
  Number of Unrouted Nets             = 104
  Number of Partially Routed Nets     = 0
  Number of Node Overlaps             = 0

Phase 2 Router Initialization | Checksum: 224950640

Time (s): cpu = 00:00:12 ; elapsed = 00:00:10 . Memory (MB): peak = 2899.371 ; gain = 0.000 ; free physical = 14607 ; free virtual = 42386

Phase 3 Global Routing
Phase 3 Global Routing | Checksum: 224950640

Time (s): cpu = 00:00:12 ; elapsed = 00:00:10 . Memory (MB): peak = 2899.371 ; gain = 0.000 ; free physical = 14607 ; free virtual = 42386

Phase 4 Initial Routing

Phase 4.1 Initial Net Routing Pass
Phase 4.1 Initial Net Routing Pass | Checksum: 2817e9fdd

Time (s): cpu = 00:00:12 ; elapsed = 00:00:10 . Memory (MB): peak = 2899.371 ; gain = 0.000 ; free physical = 14607 ; free virtual = 42386
Phase 4 Initial Routing | Checksum: 2817e9fdd

Time (s): cpu = 00:00:12 ; elapsed = 00:00:10 . Memory (MB): peak = 2899.371 ; gain = 0.000 ; free physical = 14607 ; free virtual = 42386

Phase 5 Rip-up And Reroute

Phase 5.1 Global Iteration 0
 Number of Nodes with overlaps = 5
 Number of Nodes with overlaps = 0
Phase 5.1 Global Iteration 0 | Checksum: 1ee75474d

Time (s): cpu = 00:00:12 ; elapsed = 00:00:10 . Memory (MB): peak = 2899.371 ; gain = 0.000 ; free physical = 14607 ; free virtual = 42390
Phase 5 Rip-up And Reroute | Checksum: 1ee75474d

Time (s): cpu = 00:00:12 ; elapsed = 00:00:10 . Memory (MB): peak = 2899.371 ; gain = 0.000 ; free physical = 14607 ; free virtual = 42390

Phase 6 Delay and Skew Optimization
Phase 6 Delay and Skew Optimization | Checksum: 1ee75474d

Time (s): cpu = 00:00:12 ; elapsed = 00:00:10 . Memory (MB): peak = 2899.371 ; gain = 0.000 ; free physical = 14607 ; free virtual = 42390

Phase 7 Post Hold Fix

Phase 7.1 Hold Fix Iter
Phase 7.1 Hold Fix Iter | Checksum: 1ee75474d

Time (s): cpu = 00:00:12 ; elapsed = 00:00:10 . Memory (MB): peak = 2899.371 ; gain = 0.000 ; free physical = 14607 ; free virtual = 42390
Phase 7 Post Hold Fix | Checksum: 1ee75474d

Time (s): cpu = 00:00:12 ; elapsed = 00:00:10 . Memory (MB): peak = 2899.371 ; gain = 0.000 ; free physical = 14607 ; free virtual = 42390

Phase 8 Route finalize

Router Utilization Summary
  Global Vertical Routing Utilization    = 0.0294207 %
  Global Horizontal Routing Utilization  = 0.0156294 %
  Routable Net Status*
  *Does not include unroutable nets such as driverless and loadless.
  Run report_route_status for detailed report.
  Number of Failed Nets               = 0
    (Failed Nets is the sum of unrouted and partially routed nets)
  Number of Unrouted Nets             = 0
  Number of Partially Routed Nets     = 0
  Number of Node Overlaps             = 0


--GLOBAL Congestion:
Utilization threshold used for congestion level computation: 0.85
Congestion Report
North Dir 1x1 Area, Max Cong = 19.8198%, No Congested Regions.
South Dir 1x1 Area, Max Cong = 11.7117%, No Congested Regions.
East Dir 1x1 Area, Max Cong = 23.5294%, No Congested Regions.
West Dir 1x1 Area, Max Cong = 16.1765%, No Congested Regions.

------------------------------
Reporting congestion hotspots
------------------------------
Direction: North
----------------
Congested clusters found at Level 0
Effective congestion level: 0 Aspect Ratio: 1 Sparse Ratio: 0
Direction: South
----------------
Congested clusters found at Level 0
Effective congestion level: 0 Aspect Ratio: 1 Sparse Ratio: 0
Direction: East
----------------
Congested clusters found at Level 0
Effective congestion level: 0 Aspect Ratio: 1 Sparse Ratio: 0
Direction: West
----------------
Congested clusters found at Level 0
Effective congestion level: 0 Aspect Ratio: 1 Sparse Ratio: 0

Phase 8 Route finalize | Checksum: 1ee75474d

Time (s): cpu = 00:00:12 ; elapsed = 00:00:10 . Memory (MB): peak = 2899.371 ; gain = 0.000 ; free physical = 14583 ; free virtual = 42382

Phase 9 Verifying routed nets

 Verification completed successfully
Phase 9 Verifying routed nets | Checksum: 1ee75474d

Time (s): cpu = 00:00:12 ; elapsed = 00:00:10 . Memory (MB): peak = 2899.371 ; gain = 0.000 ; free physical = 14583 ; free virtual = 42382

Phase 10 Depositing Routes
Phase 10 Depositing Routes | Checksum: 26abf8b93

Time (s): cpu = 00:00:12 ; elapsed = 00:00:10 . Memory (MB): peak = 2899.371 ; gain = 0.000 ; free physical = 14593 ; free virtual = 42384

Phase 11 Post Process Routing
Phase 11 Post Process Routing | Checksum: 26abf8b93

Time (s): cpu = 00:00:12 ; elapsed = 00:00:10 . Memory (MB): peak = 2899.371 ; gain = 0.000 ; free physical = 14593 ; free virtual = 42384
Total Elapsed time in route_design: 10.01 secs

Phase 12 Post-Route Event Processing
Phase 12 Post-Route Event Processing | Checksum: 174d021bb

Time (s): cpu = 00:00:12 ; elapsed = 00:00:10 . Memory (MB): peak = 2899.371 ; gain = 0.000 ; free physical = 14593 ; free virtual = 42384
INFO: [Route 35-16] Router Completed Successfully
Ending Routing Task | Checksum: 174d021bb

Time (s): cpu = 00:00:12 ; elapsed = 00:00:10 . Memory (MB): peak = 2899.371 ; gain = 0.000 ; free physical = 14593 ; free virtual = 42384

Routing Is Done.
INFO: [Common 17-83] Releasing license: Implementation
62 Infos, 1 Warnings, 0 Critical Warnings and 0 Errors encountered.
route_design completed successfully
route_design: Time (s): cpu = 00:00:12 ; elapsed = 00:00:10 . Memory (MB): peak = 2899.371 ; gain = 0.000 ; free physical = 14593 ; free virtual = 42384
INFO: [Vivado 12-24828] Executing command : report_drc -file alu_pw8_drc_routed.rpt -pb alu_pw8_drc_routed.pb -rpx alu_pw8_drc_routed.rpx
Command: report_drc -file alu_pw8_drc_routed.rpt -pb alu_pw8_drc_routed.pb -rpx alu_pw8_drc_routed.rpx
INFO: [IP_Flow 19-1839] IP Catalog is up to date.
INFO: [DRC 23-27] Running DRC with 8 threads
INFO: [Vivado_Tcl 2-168] The results of DRC are in file /home/randomguy/Documents/School/TT/Vivado/ALU/ALU.runs/impl_1/alu_pw8_drc_routed.rpt.
report_drc completed successfully
INFO: [Vivado 12-24828] Executing command : report_methodology -file alu_pw8_methodology_drc_routed.rpt -pb alu_pw8_methodology_drc_routed.pb -rpx alu_pw8_methodology_drc_routed.rpx
Command: report_methodology -file alu_pw8_methodology_drc_routed.rpt -pb alu_pw8_methodology_drc_routed.pb -rpx alu_pw8_methodology_drc_routed.rpx
INFO: [Timing 38-35] Done setting XDC timing constraints.
INFO: [DRC 23-133] Running Methodology with 8 threads
INFO: [Vivado_Tcl 2-1520] The results of Report Methodology are in file /home/randomguy/Documents/School/TT/Vivado/ALU/ALU.runs/impl_1/alu_pw8_methodology_drc_routed.rpt.
report_methodology completed successfully
INFO: [Vivado 12-24828] Executing command : report_timing_summary -max_paths 10 -routable_nets -report_unconstrained -file alu_pw8_timing_summary_routed.rpt -pb alu_pw8_timing_summary_routed.pb -rpx alu_pw8_timing_summary_routed.rpx -warn_on_violation 
INFO: [Timing 38-35] Done setting XDC timing constraints.
INFO: [Timing 38-91] UpdateTimingParams: Speed grade: -2, Delay Type: min_max.
INFO: [Timing 38-191] Multithreading enabled for timing update using a maximum of 8 CPUs
WARNING: [Timing 38-313] There are no user specified timing constraints. Timing constraints are needed for proper timing analysis.
INFO: [Vivado 12-24838] Running report commands "report_bus_skew, report_incremental_reuse, report_route_status" in parallel.
Running report generation with 3 threads.
INFO: [Vivado 12-24828] Executing command : report_incremental_reuse -file alu_pw8_incremental_reuse_routed.rpt
INFO: [Vivado_Tcl 4-1062] Incremental flow is disabled. No incremental reuse Info to report.
INFO: [Vivado 12-24828] Executing command : report_route_status -file alu_pw8_route_status.rpt -pb alu_pw8_route_status.pb
INFO: [Vivado 12-24828] Executing command : report_bus_skew -warn_on_violation -file alu_pw8_bus_skew_routed.rpt -pb alu_pw8_bus_skew_routed.pb -rpx alu_pw8_bus_skew_routed.rpx
INFO: [Timing 38-91] UpdateTimingParams: Speed grade: -2, Delay Type: min_max.
INFO: [Timing 38-191] Multithreading enabled for timing update using a maximum of 8 CPUs
INFO: [Vivado 12-24828] Executing command : report_power -file alu_pw8_power_routed.rpt -pb alu_pw8_power_summary_routed.pb -rpx alu_pw8_power_routed.rpx
Command: report_power -file alu_pw8_power_routed.rpt -pb alu_pw8_power_summary_routed.pb -rpx alu_pw8_power_routed.rpx
WARNING: [Power 33-232] No user defined clocks were found in the design! Power estimation will be inaccurate until this is corrected.
Resolution: Please specify clocks using create_clock/create_generated_clock for sequential elements. For pure combinatorial circuits, please specify a virtual clock, otherwise the vectorless estimation might be inaccurate
Running Vector-less Activity Propagation...

Finished Running Vector-less Activity Propagation
82 Infos, 3 Warnings, 0 Critical Warnings and 0 Errors encountered.
report_power completed successfully
INFO: [Vivado 12-24828] Executing command : report_clock_utilization -file alu_pw8_clock_utilization_routed.rpt
INFO: [Timing 38-480] Writing timing data to binary archive.
Wrote PlaceDB: Time (s): cpu = 00:00:00 ; elapsed = 00:00:00 . Memory (MB): peak = 2910.438 ; gain = 0.000 ; free physical = 14530 ; free virtual = 42322
Wrote PulsedLatchDB: Time (s): cpu = 00:00:00 ; elapsed = 00:00:00 . Memory (MB): peak = 2910.438 ; gain = 0.000 ; free physical = 14530 ; free virtual = 42322
Writing XDEF routing.
Write ShapeDB Complete: Time (s): cpu = 00:00:00 ; elapsed = 00:00:00 . Memory (MB): peak = 2910.438 ; gain = 0.000 ; free physical = 14530 ; free virtual = 42322
Writing XDEF routing logical nets.
Writing XDEF routing special nets.
Wrote RouteStorage: Time (s): cpu = 00:00:00.01 ; elapsed = 00:00:00.01 . Memory (MB): peak = 2910.438 ; gain = 0.000 ; free physical = 14530 ; free virtual = 42322
Wrote PlaceStorage: Time (s): cpu = 00:00:00.01 ; elapsed = 00:00:00 . Memory (MB): peak = 2910.438 ; gain = 0.000 ; free physical = 14530 ; free virtual = 42322
Wrote Netlist Cache: Time (s): cpu = 00:00:00 ; elapsed = 00:00:00 . Memory (MB): peak = 2910.438 ; gain = 0.000 ; free physical = 14530 ; free virtual = 42322
Wrote Device Cache: Time (s): cpu = 00:00:00 ; elapsed = 00:00:00 . Memory (MB): peak = 2910.438 ; gain = 0.000 ; free physical = 14530 ; free virtual = 42322
Write Physdb Complete: Time (s): cpu = 00:00:00.02 ; elapsed = 00:00:00.01 . Memory (MB): peak = 2910.438 ; gain = 0.000 ; free physical = 14530 ; free virtual = 42322
INFO: [Common 17-1381] The checkpoint '/home/randomguy/Documents/School/TT/Vivado/ALU/ALU.runs/impl_1/alu_pw8_routed.dcp' has been generated.
INFO: [Common 17-206] Exiting Vivado at Thu Apr  2 18:57:37 2026...

*** Running vivado
    with args -log alu_pw8.vdi -applog -m64 -product Vivado -messageDb vivado.pb -mode batch -source alu_pw8.tcl -notrace


****** Vivado v2025.2 (64-bit)
  **** SW Build 6299465 on Fri Nov 14 12:34:56 MST 2025
  **** IP Build 6300035 on Fri Nov 14 10:48:45 MST 2025
  **** SharedData Build 6298862 on Thu Nov 13 04:50:51 MST 2025
  **** Start of session at: Thu Apr  2 18:59:17 2026
    ** Copyright 1986-2022 Xilinx, Inc. All Rights Reserved.
    ** Copyright 2022-2025 Advanced Micro Devices, Inc. All Rights Reserved.

source alu_pw8.tcl -notrace
Command: open_checkpoint alu_pw8_routed.dcp
INFO: [Device 21-403] Loading part xc7a100tcsg324-2
Netlist sorting complete. Time (s): cpu = 00:00:00 ; elapsed = 00:00:00 . Memory (MB): peak = 1751.531 ; gain = 0.000 ; free physical = 15497 ; free virtual = 43274
INFO: [Netlist 29-17] Analyzing 5 Unisim elements for replacement
INFO: [Netlist 29-28] Unisim Transformation completed in 0 CPU seconds
INFO: [Project 1-479] Netlist was created with Vivado 2025.2
INFO: [Project 1-570] Preparing netlist for logic optimization
Read ShapeDB Complete: Time (s): cpu = 00:00:00 ; elapsed = 00:00:00 . Memory (MB): peak = 1822.344 ; gain = 0.000 ; free physical = 15388 ; free virtual = 43170
INFO: [Timing 38-478] Restoring timing data from binary archive.
INFO: [Timing 38-479] Binary timing data restore complete.
INFO: [Project 1-856] Restoring constraints from binary archive.
INFO: [Project 1-853] Binary constraint restore complete.
INFO: [Designutils 20-5722] Start Reading Physical Databases.
Reading placement.
Read Netlist Cache: Time (s): cpu = 00:00:00 ; elapsed = 00:00:00 . Memory (MB): peak = 2389.906 ; gain = 0.000 ; free physical = 14886 ; free virtual = 42666
Reading placer database...
Read Device Cache: Time (s): cpu = 00:00:00 ; elapsed = 00:00:00 . Memory (MB): peak = 2389.906 ; gain = 0.000 ; free physical = 14886 ; free virtual = 42666
Read PlaceDB: Time (s): cpu = 00:00:00 ; elapsed = 00:00:00 . Memory (MB): peak = 2389.906 ; gain = 0.000 ; free physical = 14886 ; free virtual = 42666
Read placeStorage: Time (s): cpu = 00:00:00 ; elapsed = 00:00:00 . Memory (MB): peak = 2389.906 ; gain = 0.000 ; free physical = 14886 ; free virtual = 42666
Read PulsedLatchDB: Time (s): cpu = 00:00:00 ; elapsed = 00:00:00 . Memory (MB): peak = 2389.906 ; gain = 0.000 ; free physical = 14886 ; free virtual = 42666
Reading routing.
Read RouteStorage: Time (s): cpu = 00:00:00.01 ; elapsed = 00:00:00 . Memory (MB): peak = 2389.906 ; gain = 0.000 ; free physical = 14886 ; free virtual = 42666
Read Physdb Files: Time (s): cpu = 00:00:00.01 ; elapsed = 00:00:00.01 . Memory (MB): peak = 2389.906 ; gain = 0.000 ; free physical = 14886 ; free virtual = 42666
Restored from archive | CPU: 0.030000 secs | Memory: 1.267944 MB |
Finished XDEF File Restore: Time (s): cpu = 00:00:00.03 ; elapsed = 00:00:00.03 . Memory (MB): peak = 2389.906 ; gain = 26.812 ; free physical = 14886 ; free virtual = 42666
Netlist sorting complete. Time (s): cpu = 00:00:00 ; elapsed = 00:00:00 . Memory (MB): peak = 2389.906 ; gain = 0.000 ; free physical = 14886 ; free virtual = 42666
INFO: [Project 1-111] Unisim Transformation Summary:
No Unisim elements were transformed.

INFO: [Project 1-604] Checkpoint was created with Vivado v2025.2 (64-bit) build 6299465
Command: write_bitstream -force alu_pw8.bit
Attempting to get a license for feature 'Implementation' and/or device 'xc7a100t'
INFO: [Common 17-349] Got license for feature 'Implementation' and/or device 'xc7a100t'
Running DRC as a precondition to command write_bitstream
INFO: [IP_Flow 19-234] Refreshing IP repositories
INFO: [IP_Flow 19-1704] No user IP repositories specified
INFO: [IP_Flow 19-2313] Loaded Vivado IP repository '/home/randomguy/Documents/Vivado/2025.2/data/ip'.
INFO: [DRC 23-27] Running DRC with 8 threads
INFO: [Vivado 12-3199] DRC finished with 0 Errors
INFO: [Vivado 12-3200] Please refer to the DRC report (report_drc) for more information.
Integrating Hard IP ELF/MEM with the PDI.
INFO: [Designutils 20-2272] Running write_bitstream with 8 threads.
Loading data files...
Loading site data...
Loading route data...
Processing options...
Creating bitmap...
Creating bitstream...
Writing bitstream ./alu_pw8.bit...
INFO: [Vivado 12-1842] Bitgen Completed Successfully.
INFO: [Common 17-83] Releasing license: Implementation
22 Infos, 0 Warnings, 0 Critical Warnings and 0 Errors encountered.
write_bitstream completed successfully
write_bitstream: Time (s): cpu = 00:00:03 ; elapsed = 00:00:09 . Memory (MB): peak = 2826.609 ; gain = 436.668 ; free physical = 14458 ; free virtual = 42240
INFO: [Common 17-206] Exiting Vivado at Thu Apr  2 18:59:31 2026...
