Copyright 1986-2022 Xilinx, Inc. All Rights Reserved. Copyright 2022-2025 Advanced Micro Devices, Inc. All Rights Reserved.
------------------------------------------------------------------------------------------------------------------------------------------------------------------------------------------------------------------------------------------
| Tool Version : Vivado v.2025.2 (lin64) Build 6299465 Fri Nov 14 12:34:56 MST 2025
| Date         : Thu Apr  9 17:17:58 2026
| Host         : pop-os running 64-bit Pop!_OS 22.04 LTS
| Command      : report_timing_summary -max_paths 10 -routable_nets -report_unconstrained -file MemInstruc_timing_summary_routed.rpt -pb MemInstruc_timing_summary_routed.pb -rpx MemInstruc_timing_summary_routed.rpx -warn_on_violation
| Design       : MemInstruc
| Device       : 7a100t-csg324
| Speed File   : -2  PRODUCTION 1.23 2018-06-13
| Design State : Routed
------------------------------------------------------------------------------------------------------------------------------------------------------------------------------------------------------------------------------------------

Timing Summary Report

------------------------------------------------------------------------------------------------
| Timer Settings
| --------------
------------------------------------------------------------------------------------------------

  Enable Multi Corner Analysis               :  Yes
  Enable Pessimism Removal                   :  Yes
  Pessimism Removal Resolution               :  Nearest Common Node
  Enable Input Delay Default Clock           :  No
  Enable Preset / Clear Arcs                 :  No
  Disable Flight Delays                      :  No
  Ignore I/O Paths                           :  No
  Timing Early Launch at Borrowing Latches   :  No
  Borrow Time for Max Delay Exceptions       :  Yes
  Merge Timing Exceptions                    :  Yes
  Inter-SLR Compensation                     :  Conservative

  Corner  Analyze    Analyze    
  Name    Max Paths  Min Paths  
  ------  ---------  ---------  
  Slow    Yes        Yes        
  Fast    Yes        Yes        


------------------------------------------------------------------------------------------------
| Report Methodology
| ------------------
------------------------------------------------------------------------------------------------

No report available as report_methodology has not been run prior. Run report_methodology on the current design for the summary of methodology violations.



check_timing report

Table of Contents
-----------------
1. checking no_clock (0)
2. checking constant_clock (0)
3. checking pulse_width_clock (0)
4. checking unconstrained_internal_endpoints (0)
5. checking no_input_delay (0)
6. checking no_output_delay (0)
7. checking multiple_clock (0)
8. checking generated_clocks (0)
9. checking loops (0)
10. checking partial_input_delay (0)
11. checking partial_output_delay (0)
12. checking latch_loops (0)

1. checking no_clock (0)
------------------------
 There are 0 register/latch pins with no clock.


2. checking constant_clock (0)
------------------------------
 There are 0 register/latch pins with constant_clock.


3. checking pulse_width_clock (0)
---------------------------------
 There are 0 register/latch pins which need pulse_width check


4. checking unconstrained_internal_endpoints (0)
------------------------------------------------
 There are 0 pins that are not constrained for maximum delay.

 There are 0 pins that are not constrained for maximum delay due to constant clock.


5. checking no_input_delay (0)
------------------------------
 There are 0 input ports with no input delay specified.

 There are 0 input ports with no input delay but user has a false path constraint.


6. checking no_output_delay (0)
-------------------------------
 There are 0 ports with no output delay specified.

 There are 0 ports with no output delay but user has a false path constraint

 There are 0 ports with no output delay but with a timing clock defined on it or propagating through it


7. checking multiple_clock (0)
------------------------------
 There are 0 register/latch pins with multiple clocks.


8. checking generated_clocks (0)
--------------------------------
 There are 0 generated clocks that are not connected to a clock source.


9. checking loops (0)
---------------------
 There are 0 combinational loops in the design.


10. checking partial_input_delay (0)
------------------------------------
 There are 0 input ports with partial input delay specified.


11. checking partial_output_delay (0)
-------------------------------------
 There are 0 ports with partial output delay specified.


12. checking latch_loops (0)
----------------------------
 There are 0 combinational latch loops in the design through latch input



------------------------------------------------------------------------------------------------
| Design Timing Summary
| ---------------------
------------------------------------------------------------------------------------------------

    WNS(ns)      TNS(ns)  TNS Failing Endpoints  TNS Total Endpoints      WHS(ns)      THS(ns)  THS Failing Endpoints  THS Total Endpoints     WPWS(ns)     TPWS(ns)  TPWS Failing Endpoints  TPWS Total Endpoints  
    -------      -------  ---------------------  -------------------      -------      -------  ---------------------  -------------------     --------     --------  ----------------------  --------------------  
        inf        0.000                      0                    3          inf        0.000                      0                    3           NA           NA                      NA                    NA  


There are no user specified timing constraints.


------------------------------------------------------------------------------------------------
| Clock Summary
| -------------
------------------------------------------------------------------------------------------------


------------------------------------------------------------------------------------------------
| Intra Clock Table
| -----------------
------------------------------------------------------------------------------------------------

Clock             WNS(ns)      TNS(ns)  TNS Failing Endpoints  TNS Total Endpoints      WHS(ns)      THS(ns)  THS Failing Endpoints  THS Total Endpoints     WPWS(ns)     TPWS(ns)  TPWS Failing Endpoints  TPWS Total Endpoints  
-----             -------      -------  ---------------------  -------------------      -------      -------  ---------------------  -------------------     --------     --------  ----------------------  --------------------  


------------------------------------------------------------------------------------------------
| Inter Clock Table
| -----------------
------------------------------------------------------------------------------------------------

From Clock    To Clock          WNS(ns)      TNS(ns)  TNS Failing Endpoints  TNS Total Endpoints      WHS(ns)      THS(ns)  THS Failing Endpoints  THS Total Endpoints  
----------    --------          -------      -------  ---------------------  -------------------      -------      -------  ---------------------  -------------------  


------------------------------------------------------------------------------------------------
| Other Path Groups Table
| -----------------------
------------------------------------------------------------------------------------------------

Path Group    From Clock    To Clock          WNS(ns)      TNS(ns)  TNS Failing Endpoints  TNS Total Endpoints      WHS(ns)      THS(ns)  THS Failing Endpoints  THS Total Endpoints  
----------    ----------    --------          -------      -------  ---------------------  -------------------      -------      -------  ---------------------  -------------------  


------------------------------------------------------------------------------------------------
| User Ignored Path Table
| -----------------------
------------------------------------------------------------------------------------------------

Path Group    From Clock    To Clock    
----------    ----------    --------    


------------------------------------------------------------------------------------------------
| Unconstrained Path Table
| ------------------------
------------------------------------------------------------------------------------------------

Path Group    From Clock    To Clock    
----------    ----------    --------    
(none)                                    


------------------------------------------------------------------------------------------------
| Timing Details
| --------------
------------------------------------------------------------------------------------------------


--------------------------------------------------------------------------------------
Path Group:  (none)
From Clock:  
  To Clock:  

Max Delay             3 Endpoints
Min Delay             3 Endpoints
--------------------------------------------------------------------------------------


Max Delay Paths
--------------------------------------------------------------------------------------
Slack:                    inf
  Source:                 A[3]
                            (input port)
  Destination:            RD[1]
                            (output port)
  Path Group:             (none)
  Path Type:              Max at Slow Process Corner
  Data Path Delay:        8.744ns  (logic 4.897ns (55.999%)  route 3.848ns (44.001%))
  Logic Levels:           4  (IBUF=1 LUT3=1 LUT5=1 OBUF=1)

    Location             Delay type                Incr(ns)  Path(ns)    Netlist Resource(s)
  -------------------------------------------------------------------    -------------------
    G13                                               0.000     0.000 f  A[3] (IN)
                         net (fo=0)                   0.000     0.000    A[3]
    G13                  IBUF (Prop_ibuf_I_O)         1.406     1.406 f  A_IBUF[3]_inst/O
                         net (fo=2, routed)           1.566     2.972    A_IBUF[3]
    SLICE_X0Y123         LUT3 (Prop_lut3_I1_O)        0.105     3.077 f  RD_OBUF[2]_inst_i_2/O
                         net (fo=2, routed)           0.227     3.304    RD_OBUF[2]_inst_i_2_n_0
    SLICE_X0Y123         LUT5 (Prop_lut5_I4_O)        0.105     3.409 r  RD_OBUF[1]_inst_i_1/O
                         net (fo=1, routed)           2.054     5.463    RD_OBUF[1]
    K15                  OBUF (Prop_obuf_I_O)         3.281     8.744 r  RD_OBUF[1]_inst/O
                         net (fo=0)                   0.000     8.744    RD[1]
    K15                                                               r  RD[1] (OUT)
  -------------------------------------------------------------------    -------------------

Slack:                    inf
  Source:                 A[3]
                            (input port)
  Destination:            RD[2]
                            (output port)
  Path Group:             (none)
  Path Type:              Max at Slow Process Corner
  Data Path Delay:        8.578ns  (logic 4.914ns (57.285%)  route 3.664ns (42.715%))
  Logic Levels:           4  (IBUF=1 LUT3=1 LUT6=1 OBUF=1)

    Location             Delay type                Incr(ns)  Path(ns)    Netlist Resource(s)
  -------------------------------------------------------------------    -------------------
    G13                                               0.000     0.000 f  A[3] (IN)
                         net (fo=0)                   0.000     0.000    A[3]
    G13                  IBUF (Prop_ibuf_I_O)         1.406     1.406 f  A_IBUF[3]_inst/O
                         net (fo=2, routed)           1.566     2.972    A_IBUF[3]
    SLICE_X0Y123         LUT3 (Prop_lut3_I1_O)        0.105     3.077 f  RD_OBUF[2]_inst_i_2/O
                         net (fo=2, routed)           0.555     3.633    RD_OBUF[2]_inst_i_2_n_0
    SLICE_X0Y123         LUT6 (Prop_lut6_I5_O)        0.105     3.738 r  RD_OBUF[2]_inst_i_1/O
                         net (fo=1, routed)           1.542     5.280    RD_OBUF[2]
    J13                  OBUF (Prop_obuf_I_O)         3.298     8.578 r  RD_OBUF[2]_inst/O
                         net (fo=0)                   0.000     8.578    RD[2]
    J13                                                               r  RD[2] (OUT)
  -------------------------------------------------------------------    -------------------

Slack:                    inf
  Source:                 A[3]
                            (input port)
  Destination:            RD[0]
                            (output port)
  Path Group:             (none)
  Path Type:              Max at Slow Process Corner
  Data Path Delay:        8.212ns  (logic 4.777ns (58.171%)  route 3.435ns (41.829%))
  Logic Levels:           3  (IBUF=1 LUT6=1 OBUF=1)

    Location             Delay type                Incr(ns)  Path(ns)    Netlist Resource(s)
  -------------------------------------------------------------------    -------------------
    G13                                               0.000     0.000 f  A[3] (IN)
                         net (fo=0)                   0.000     0.000    A[3]
    G13                  IBUF (Prop_ibuf_I_O)         1.406     1.406 f  A_IBUF[3]_inst/O
                         net (fo=2, routed)           1.839     3.245    A_IBUF[3]
    SLICE_X0Y123         LUT6 (Prop_lut6_I4_O)        0.105     3.350 r  RD_OBUF[0]_inst_i_1/O
                         net (fo=1, routed)           1.596     4.946    RD_OBUF[0]
    H17                  OBUF (Prop_obuf_I_O)         3.266     8.212 r  RD_OBUF[0]_inst/O
                         net (fo=0)                   0.000     8.212    RD[0]
    H17                                                               r  RD[0] (OUT)
  -------------------------------------------------------------------    -------------------





Min Delay Paths
--------------------------------------------------------------------------------------
Slack:                    inf
  Source:                 A[1]
                            (input port)
  Destination:            RD[2]
                            (output port)
  Path Group:             (none)
  Path Type:              Min at Fast Process Corner
  Data Path Delay:        2.297ns  (logic 1.537ns (66.929%)  route 0.760ns (33.071%))
  Logic Levels:           3  (IBUF=1 LUT6=1 OBUF=1)

    Location             Delay type                Incr(ns)  Path(ns)    Netlist Resource(s)
  -------------------------------------------------------------------    -------------------
    H16                                               0.000     0.000 r  A[1] (IN)
                         net (fo=0)                   0.000     0.000    A[1]
    H16                  IBUF (Prop_ibuf_I_O)         0.239     0.239 r  A_IBUF[1]_inst/O
                         net (fo=2, routed)           0.344     0.583    A_IBUF[1]
    SLICE_X0Y123         LUT6 (Prop_lut6_I0_O)        0.045     0.628 r  RD_OBUF[2]_inst_i_1/O
                         net (fo=1, routed)           0.415     1.044    RD_OBUF[2]
    J13                  OBUF (Prop_obuf_I_O)         1.253     2.297 r  RD_OBUF[2]_inst/O
                         net (fo=0)                   0.000     2.297    RD[2]
    J13                                                               r  RD[2] (OUT)
  -------------------------------------------------------------------    -------------------

Slack:                    inf
  Source:                 A[4]
                            (input port)
  Destination:            RD[0]
                            (output port)
  Path Group:             (none)
  Path Type:              Min at Fast Process Corner
  Data Path Delay:        2.322ns  (logic 1.502ns (64.667%)  route 0.820ns (35.333%))
  Logic Levels:           3  (IBUF=1 LUT6=1 OBUF=1)

    Location             Delay type                Incr(ns)  Path(ns)    Netlist Resource(s)
  -------------------------------------------------------------------    -------------------
    F16                                               0.000     0.000 f  A[4] (IN)
                         net (fo=0)                   0.000     0.000    A[4]
    F16                  IBUF (Prop_ibuf_I_O)         0.235     0.235 f  A_IBUF[4]_inst/O
                         net (fo=2, routed)           0.392     0.627    A_IBUF[4]
    SLICE_X0Y123         LUT6 (Prop_lut6_I3_O)        0.045     0.672 r  RD_OBUF[0]_inst_i_1/O
                         net (fo=1, routed)           0.429     1.101    RD_OBUF[0]
    H17                  OBUF (Prop_obuf_I_O)         1.221     2.322 r  RD_OBUF[0]_inst/O
                         net (fo=0)                   0.000     2.322    RD[0]
    H17                                                               r  RD[0] (OUT)
  -------------------------------------------------------------------    -------------------

Slack:                    inf
  Source:                 A[1]
                            (input port)
  Destination:            RD[1]
                            (output port)
  Path Group:             (none)
  Path Type:              Min at Fast Process Corner
  Data Path Delay:        2.598ns  (logic 1.520ns (58.507%)  route 1.078ns (41.493%))
  Logic Levels:           3  (IBUF=1 LUT5=1 OBUF=1)

    Location             Delay type                Incr(ns)  Path(ns)    Netlist Resource(s)
  -------------------------------------------------------------------    -------------------
    H16                                               0.000     0.000 r  A[1] (IN)
                         net (fo=0)                   0.000     0.000    A[1]
    H16                  IBUF (Prop_ibuf_I_O)         0.239     0.239 r  A_IBUF[1]_inst/O
                         net (fo=2, routed)           0.430     0.669    A_IBUF[1]
    SLICE_X0Y123         LUT5 (Prop_lut5_I3_O)        0.045     0.714 r  RD_OBUF[1]_inst_i_1/O
                         net (fo=1, routed)           0.648     1.362    RD_OBUF[1]
    K15                  OBUF (Prop_obuf_I_O)         1.236     2.598 r  RD_OBUF[1]_inst/O
                         net (fo=0)                   0.000     2.598    RD[1]
    K15                                                               r  RD[1] (OUT)
  -------------------------------------------------------------------    -------------------





