
*** Running vivado
    with args -log ArchReg.vds -m64 -product Vivado -mode batch -messageDb vivado.pb -notrace -source ArchReg.tcl


****** Vivado v2025.2 (64-bit)
  **** SW Build 6299465 on Fri Nov 14 12:34:56 MST 2025
  **** IP Build 6300035 on Fri Nov 14 10:48:45 MST 2025
  **** SharedData Build 6298862 on Thu Nov 13 04:50:51 MST 2025
  **** Start of session at: Tue Mar 31 22:00:36 2026
    ** Copyright 1986-2022 Xilinx, Inc. All Rights Reserved.
    ** Copyright 2022-2025 Advanced Micro Devices, Inc. All Rights Reserved.

source ArchReg.tcl -notrace
Command: read_checkpoint -auto_incremental -incremental {/home/randomguy/Documents/School/TT/Vivado/Archivo de Registros/Archivo de Registros.srcs/utils_1/imports/synth_1/ArchReg.dcp}
INFO: [Vivado 12-5825] Read reference checkpoint from /home/randomguy/Documents/School/TT/Vivado/Archivo de Registros/Archivo de Registros.srcs/utils_1/imports/synth_1/ArchReg.dcp for incremental synthesis
INFO: [Vivado 12-7989] Please ensure there are no constraint changes
Command: synth_design -top ArchReg -part xc7a100tcsg324-2
Starting synth_design
Attempting to get a license for feature 'Synthesis' and/or device 'xc7a100t'
INFO: [Common 17-349] Got license for feature 'Synthesis' and/or device 'xc7a100t'
INFO: [Device 21-403] Loading part xc7a100tcsg324-2
INFO: [Designutils 20-5440] No compile time benefit to using incremental synthesis; A full resynthesis will be run
INFO: [Designutils 20-4379] Flow is switching to default flow due to incremental criteria not met. If you would like to alter this behaviour and have the flow terminate instead, please set the following parameter config_implementation {autoIncr.Synth.RejectBehavior Terminate}
INFO: [Synth 8-7079] Multithreading enabled for synth_design using a maximum of 7 processes.
INFO: [Synth 8-7078] Launching helper process for spawning children vivado processes
INFO: [Synth 8-7075] Helper process launched with PID 24167
---------------------------------------------------------------------------------
Starting RTL Elaboration : Time (s): cpu = 00:00:02 ; elapsed = 00:00:02 . Memory (MB): peak = 2211.906 ; gain = 484.156 ; free physical = 15139 ; free virtual = 42803
---------------------------------------------------------------------------------
INFO: [Synth 8-638] synthesizing module 'ArchReg' [/home/randomguy/Documents/School/TT/Vivado/Archivo de Registros/Archivo de Registros.srcs/sources_1/new/ArchReg.vhd:15]
INFO: [Synth 8-256] done synthesizing module 'ArchReg' (0#1) [/home/randomguy/Documents/School/TT/Vivado/Archivo de Registros/Archivo de Registros.srcs/sources_1/new/ArchReg.vhd:15]
---------------------------------------------------------------------------------
Finished RTL Elaboration : Time (s): cpu = 00:00:02 ; elapsed = 00:00:03 . Memory (MB): peak = 2296.875 ; gain = 569.125 ; free physical = 15036 ; free virtual = 42700
---------------------------------------------------------------------------------
---------------------------------------------------------------------------------
Start Handling Custom Attributes
---------------------------------------------------------------------------------
---------------------------------------------------------------------------------
Finished Handling Custom Attributes : Time (s): cpu = 00:00:03 ; elapsed = 00:00:03 . Memory (MB): peak = 2308.750 ; gain = 581.000 ; free physical = 15036 ; free virtual = 42700
---------------------------------------------------------------------------------
---------------------------------------------------------------------------------
Finished RTL Optimization Phase 1 : Time (s): cpu = 00:00:03 ; elapsed = 00:00:03 . Memory (MB): peak = 2308.750 ; gain = 581.000 ; free physical = 15036 ; free virtual = 42700
---------------------------------------------------------------------------------
Netlist sorting complete. Time (s): cpu = 00:00:00 ; elapsed = 00:00:00 . Memory (MB): peak = 2308.750 ; gain = 0.000 ; free physical = 15036 ; free virtual = 42700
INFO: [Project 1-570] Preparing netlist for logic optimization

Processing XDC Constraints
Initializing timing engine
Parsing XDC File [/home/randomguy/Desktop/Nexys4DDR_LabRemoto_ArchReg.xdc]
Finished Parsing XDC File [/home/randomguy/Desktop/Nexys4DDR_LabRemoto_ArchReg.xdc]
INFO: [Project 1-236] Implementation specific constraints were found while reading constraint file [/home/randomguy/Desktop/Nexys4DDR_LabRemoto_ArchReg.xdc]. These constraints will be ignored for synthesis but will be used in implementation. Impacted constraints are listed in the file [.Xil/ArchReg_propImpl.xdc].
Resolution: To avoid this warning, move constraints listed in [.Xil/ArchReg_propImpl.xdc] to another XDC file and exclude this new file from synthesis with the used_in_synthesis property (File Properties dialog in GUI) and re-run elaboration/synthesis.
Completed Processing XDC Constraints

Netlist sorting complete. Time (s): cpu = 00:00:00 ; elapsed = 00:00:00 . Memory (MB): peak = 2395.488 ; gain = 0.000 ; free physical = 15032 ; free virtual = 42696
INFO: [Project 1-111] Unisim Transformation Summary:
No Unisim elements were transformed.

sh: 1: cannot create /home/randomguy/Documents/School/TT/Vivado/Archivo: Is a directory
Constraint Validation Runtime : Time (s): cpu = 00:00:00 ; elapsed = 00:00:00.01 . Memory (MB): peak = 2395.523 ; gain = 0.000 ; free physical = 15032 ; free virtual = 42696
INFO: [Designutils 20-5440] No compile time benefit to using incremental synthesis; A full resynthesis will be run
INFO: [Designutils 20-4379] Flow is switching to default flow due to incremental criteria not met. If you would like to alter this behaviour and have the flow terminate instead, please set the following parameter config_implementation {autoIncr.Synth.RejectBehavior Terminate}
---------------------------------------------------------------------------------
Finished Constraint Validation : Time (s): cpu = 00:00:05 ; elapsed = 00:00:06 . Memory (MB): peak = 2395.523 ; gain = 667.773 ; free physical = 15042 ; free virtual = 42709
---------------------------------------------------------------------------------
---------------------------------------------------------------------------------
Start Loading Part and Timing Information
---------------------------------------------------------------------------------
Loading part: xc7a100tcsg324-2
---------------------------------------------------------------------------------
Finished Loading Part and Timing Information : Time (s): cpu = 00:00:05 ; elapsed = 00:00:06 . Memory (MB): peak = 2403.492 ; gain = 675.742 ; free physical = 15042 ; free virtual = 42709
---------------------------------------------------------------------------------
---------------------------------------------------------------------------------
Start Applying 'set_property' XDC Constraints
---------------------------------------------------------------------------------
---------------------------------------------------------------------------------
Finished applying 'set_property' XDC Constraints : Time (s): cpu = 00:00:05 ; elapsed = 00:00:06 . Memory (MB): peak = 2403.492 ; gain = 675.742 ; free physical = 15042 ; free virtual = 42709
---------------------------------------------------------------------------------
---------------------------------------------------------------------------------
Finished RTL Optimization Phase 2 : Time (s): cpu = 00:00:06 ; elapsed = 00:00:06 . Memory (MB): peak = 2403.492 ; gain = 675.742 ; free physical = 15042 ; free virtual = 42709
---------------------------------------------------------------------------------
---------------------------------------------------------------------------------
Start RTL Component Statistics 
---------------------------------------------------------------------------------
Detailed RTL Component Info : 
+---RAMs : 
	               64 Bit	(8 X 8 bit)          RAMs := 1     
---------------------------------------------------------------------------------
Finished RTL Component Statistics 
---------------------------------------------------------------------------------
---------------------------------------------------------------------------------
Start Part Resource Summary
---------------------------------------------------------------------------------
Part Resources:
DSPs: 240 (col length:80)
BRAMs: 270 (col length: RAMB18 80 RAMB36 40)
---------------------------------------------------------------------------------
Finished Part Resource Summary
---------------------------------------------------------------------------------
---------------------------------------------------------------------------------
Start Cross Boundary and Area Optimization
---------------------------------------------------------------------------------
---------------------------------------------------------------------------------
Finished Cross Boundary and Area Optimization : Time (s): cpu = 00:00:06 ; elapsed = 00:00:06 . Memory (MB): peak = 2403.492 ; gain = 675.742 ; free physical = 15034 ; free virtual = 42706
---------------------------------------------------------------------------------
---------------------------------------------------------------------------------
Start ROM, RAM, DSP, Shift Register and Retiming Reporting
---------------------------------------------------------------------------------

Distributed RAM: Preliminary Mapping Report (see note below)
+------------+---------------+-----------+----------------------+-------------+
|Module Name | RTL Object    | Inference | Size (Depth x Width) | Primitives  | 
+------------+---------------+-----------+----------------------+-------------+
|ArchReg     | REGISTROS_reg | Implied   | 8 x 8                | RAM32M x 4  | 
+------------+---------------+-----------+----------------------+-------------+

Note: The table above is a preliminary report that shows the Distributed RAMs at the current stage of the synthesis flow. Some Distributed RAMs may be reimplemented as non Distributed RAM primitives later in the synthesis flow. Multiple instantiated RAMs are reported only once.
---------------------------------------------------------------------------------
Finished ROM, RAM, DSP, Shift Register and Retiming Reporting
---------------------------------------------------------------------------------
---------------------------------------------------------------------------------
Start Applying XDC Timing Constraints
---------------------------------------------------------------------------------
---------------------------------------------------------------------------------
Finished Applying XDC Timing Constraints : Time (s): cpu = 00:00:08 ; elapsed = 00:00:08 . Memory (MB): peak = 2482.492 ; gain = 754.742 ; free physical = 14939 ; free virtual = 42608
---------------------------------------------------------------------------------
---------------------------------------------------------------------------------
Start Timing Optimization
---------------------------------------------------------------------------------
---------------------------------------------------------------------------------
Finished Timing Optimization : Time (s): cpu = 00:00:08 ; elapsed = 00:00:08 . Memory (MB): peak = 2482.492 ; gain = 754.742 ; free physical = 14939 ; free virtual = 42608
---------------------------------------------------------------------------------
---------------------------------------------------------------------------------
Start ROM, RAM, DSP, Shift Register and Retiming Reporting
---------------------------------------------------------------------------------

Distributed RAM: Final Mapping Report
+------------+---------------+-----------+----------------------+-------------+
|Module Name | RTL Object    | Inference | Size (Depth x Width) | Primitives  | 
+------------+---------------+-----------+----------------------+-------------+
|ArchReg     | REGISTROS_reg | Implied   | 8 x 8                | RAM32M x 4  | 
+------------+---------------+-----------+----------------------+-------------+

---------------------------------------------------------------------------------
Finished ROM, RAM, DSP, Shift Register and Retiming Reporting
---------------------------------------------------------------------------------
---------------------------------------------------------------------------------
Start Technology Mapping
---------------------------------------------------------------------------------
---------------------------------------------------------------------------------
Finished Technology Mapping : Time (s): cpu = 00:00:08 ; elapsed = 00:00:08 . Memory (MB): peak = 2492.508 ; gain = 764.758 ; free physical = 14931 ; free virtual = 42600
---------------------------------------------------------------------------------
---------------------------------------------------------------------------------
Start IO Insertion
---------------------------------------------------------------------------------
---------------------------------------------------------------------------------
Start Flattening Before IO Insertion
---------------------------------------------------------------------------------
---------------------------------------------------------------------------------
Finished Flattening Before IO Insertion
---------------------------------------------------------------------------------
---------------------------------------------------------------------------------
Start Final Netlist Cleanup
---------------------------------------------------------------------------------
---------------------------------------------------------------------------------
Finished Final Netlist Cleanup
---------------------------------------------------------------------------------
---------------------------------------------------------------------------------
Finished IO Insertion : Time (s): cpu = 00:00:10 ; elapsed = 00:00:10 . Memory (MB): peak = 2679.320 ; gain = 951.570 ; free physical = 14779 ; free virtual = 42449
---------------------------------------------------------------------------------
---------------------------------------------------------------------------------
Start Renaming Generated Instances
---------------------------------------------------------------------------------
---------------------------------------------------------------------------------
Finished Renaming Generated Instances : Time (s): cpu = 00:00:10 ; elapsed = 00:00:10 . Memory (MB): peak = 2679.320 ; gain = 951.570 ; free physical = 14779 ; free virtual = 42449
---------------------------------------------------------------------------------
---------------------------------------------------------------------------------
Start Rebuilding User Hierarchy
---------------------------------------------------------------------------------
---------------------------------------------------------------------------------
Finished Rebuilding User Hierarchy : Time (s): cpu = 00:00:10 ; elapsed = 00:00:10 . Memory (MB): peak = 2679.320 ; gain = 951.570 ; free physical = 14779 ; free virtual = 42449
---------------------------------------------------------------------------------
---------------------------------------------------------------------------------
Start Renaming Generated Ports
---------------------------------------------------------------------------------
---------------------------------------------------------------------------------
Finished Renaming Generated Ports : Time (s): cpu = 00:00:10 ; elapsed = 00:00:10 . Memory (MB): peak = 2679.320 ; gain = 951.570 ; free physical = 14779 ; free virtual = 42451
---------------------------------------------------------------------------------
---------------------------------------------------------------------------------
Start Handling Custom Attributes
---------------------------------------------------------------------------------
---------------------------------------------------------------------------------
Finished Handling Custom Attributes : Time (s): cpu = 00:00:10 ; elapsed = 00:00:10 . Memory (MB): peak = 2679.320 ; gain = 951.570 ; free physical = 14779 ; free virtual = 42451
---------------------------------------------------------------------------------
---------------------------------------------------------------------------------
Start Renaming Generated Nets
---------------------------------------------------------------------------------
---------------------------------------------------------------------------------
Finished Renaming Generated Nets : Time (s): cpu = 00:00:10 ; elapsed = 00:00:10 . Memory (MB): peak = 2679.320 ; gain = 951.570 ; free physical = 14779 ; free virtual = 42451
---------------------------------------------------------------------------------
---------------------------------------------------------------------------------
Start Writing Synthesis Report
---------------------------------------------------------------------------------

Report BlackBoxes: 
+-+--------------+----------+
| |BlackBox name |Instances |
+-+--------------+----------+
+-+--------------+----------+

Report Cell Usage: 
+------+---------+------+
|      |Cell     |Count |
+------+---------+------+
|1     |BUFG     |     1|
|2     |LUT4     |     1|
|3     |RAM32M   |     2|
|4     |RAM32X1D |     4|
|5     |IBUF     |    19|
|6     |OBUF     |    16|
+------+---------+------+
---------------------------------------------------------------------------------
Finished Writing Synthesis Report : Time (s): cpu = 00:00:10 ; elapsed = 00:00:10 . Memory (MB): peak = 2679.320 ; gain = 951.570 ; free physical = 14779 ; free virtual = 42451
---------------------------------------------------------------------------------
Synthesis finished with 0 errors, 0 critical warnings and 0 warnings.
Synthesis Optimization Runtime : Time (s): cpu = 00:00:09 ; elapsed = 00:00:10 . Memory (MB): peak = 2679.320 ; gain = 864.797 ; free physical = 14779 ; free virtual = 42451
Synthesis Optimization Complete : Time (s): cpu = 00:00:10 ; elapsed = 00:00:10 . Memory (MB): peak = 2679.328 ; gain = 951.570 ; free physical = 14779 ; free virtual = 42451
INFO: [Project 1-571] Translating synthesized netlist
Netlist sorting complete. Time (s): cpu = 00:00:00 ; elapsed = 00:00:00 . Memory (MB): peak = 2679.328 ; gain = 0.000 ; free physical = 14779 ; free virtual = 42451
INFO: [Netlist 29-17] Analyzing 6 Unisim elements for replacement
INFO: [Netlist 29-28] Unisim Transformation completed in 0 CPU seconds
INFO: [Project 1-570] Preparing netlist for logic optimization
INFO: [Opt 31-138] Pushed 0 inverter(s) to 0 load pin(s).
Netlist sorting complete. Time (s): cpu = 00:00:00 ; elapsed = 00:00:00 . Memory (MB): peak = 2679.328 ; gain = 0.000 ; free physical = 14939 ; free virtual = 42611
INFO: [Project 1-111] Unisim Transformation Summary:
  A total of 6 instances were transformed.
  RAM32M => RAM32M (RAMD32(x6), RAMS32(x2)): 2 instances
  RAM32X1D => RAM32X1D (RAMD32(x2)): 4 instances

sh: 1: cannot create /home/randomguy/Documents/School/TT/Vivado/Archivo: Is a directory
Synth Design complete | Checksum: b2d608d8
INFO: [Common 17-83] Releasing license: Synthesis
23 Infos, 0 Warnings, 0 Critical Warnings and 0 Errors encountered.
synth_design completed successfully
synth_design: Time (s): cpu = 00:00:13 ; elapsed = 00:00:12 . Memory (MB): peak = 2679.355 ; gain = 1047.004 ; free physical = 14939 ; free virtual = 42611
INFO: [Common 17-2834] synth_design peak Physical Memory [PSS] (MB): overall = 2016.337; main = 1806.883; forked = 282.414
INFO: [Common 17-2834] synth_design peak Virtual Memory [VSS] (MB): overall = 3670.609; main = 2679.324; forked = 1024.098
Write ShapeDB Complete: Time (s): cpu = 00:00:00 ; elapsed = 00:00:00 . Memory (MB): peak = 2703.332 ; gain = 0.000 ; free physical = 14939 ; free virtual = 42611
INFO: [Common 17-1381] The checkpoint '/home/randomguy/Documents/School/TT/Vivado/Archivo de Registros/Archivo de Registros.runs/synth_1/ArchReg.dcp' has been generated.
INFO: [Vivado 12-24828] Executing command : report_utilization -file ArchReg_utilization_synth.rpt -pb ArchReg_utilization_synth.pb
INFO: [Common 17-206] Exiting Vivado at Tue Mar 31 22:00:50 2026...
