
*** Running vivado
    with args -log BCDTo7Seg.vds -m64 -product Vivado -mode batch -messageDb vivado.pb -notrace -source BCDTo7Seg.tcl


****** Vivado v2025.2 (64-bit)
  **** SW Build 6299465 on Fri Nov 14 12:34:56 MST 2025
  **** IP Build 6300035 on Fri Nov 14 10:48:45 MST 2025
  **** SharedData Build 6298862 on Thu Nov 13 04:50:51 MST 2025
  **** Start of session at: Thu May 14 20:18:13 2026
    ** Copyright 1986-2022 Xilinx, Inc. All Rights Reserved.
    ** Copyright 2022-2025 Advanced Micro Devices, Inc. All Rights Reserved.

source BCDTo7Seg.tcl -notrace
Command: read_checkpoint -auto_incremental -incremental /home/randomguy/Documents/School/TT/Vivado/BCDTo7Seg/BCDTo7Seg.srcs/utils_1/imports/synth_1/BCDTo7Seg.dcp
INFO: [Vivado 12-5825] Read reference checkpoint from /home/randomguy/Documents/School/TT/Vivado/BCDTo7Seg/BCDTo7Seg.srcs/utils_1/imports/synth_1/BCDTo7Seg.dcp for incremental synthesis
INFO: [Vivado 12-7989] Please ensure there are no constraint changes
Command: synth_design -top BCDTo7Seg -part xc7a100tcsg324-2
Starting synth_design
Attempting to get a license for feature 'Synthesis' and/or device 'xc7a100t'
INFO: [Common 17-349] Got license for feature 'Synthesis' and/or device 'xc7a100t'
INFO: [Device 21-403] Loading part xc7a100tcsg324-2
INFO: [Designutils 20-5440] No compile time benefit to using incremental synthesis; A full resynthesis will be run
INFO: [Designutils 20-4379] Flow is switching to default flow due to incremental criteria not met. If you would like to alter this behaviour and have the flow terminate instead, please set the following parameter config_implementation {autoIncr.Synth.RejectBehavior Terminate}
INFO: [Synth 8-7079] Multithreading enabled for synth_design using a maximum of 7 processes.
INFO: [Synth 8-7078] Launching helper process for spawning children vivado processes
INFO: [Synth 8-7075] Helper process launched with PID 100473
---------------------------------------------------------------------------------
Starting RTL Elaboration : Time (s): cpu = 00:00:02 ; elapsed = 00:00:02 . Memory (MB): peak = 2214.527 ; gain = 485.812 ; free physical = 13136 ; free virtual = 41010
---------------------------------------------------------------------------------
INFO: [Synth 8-638] synthesizing module 'BCDTo7Seg' [/home/randomguy/Documents/School/TT/Vivado/BCDTo7Seg/BCDTo7Seg.srcs/sources_1/new/BCDTo7Seg.vhd:15]
INFO: [Synth 8-256] done synthesizing module 'BCDTo7Seg' (0#1) [/home/randomguy/Documents/School/TT/Vivado/BCDTo7Seg/BCDTo7Seg.srcs/sources_1/new/BCDTo7Seg.vhd:15]
---------------------------------------------------------------------------------
Finished RTL Elaboration : Time (s): cpu = 00:00:03 ; elapsed = 00:00:03 . Memory (MB): peak = 2305.496 ; gain = 576.781 ; free physical = 13033 ; free virtual = 40908
---------------------------------------------------------------------------------
---------------------------------------------------------------------------------
Start Handling Custom Attributes
---------------------------------------------------------------------------------
---------------------------------------------------------------------------------
Finished Handling Custom Attributes : Time (s): cpu = 00:00:03 ; elapsed = 00:00:03 . Memory (MB): peak = 2317.371 ; gain = 588.656 ; free physical = 13032 ; free virtual = 40906
---------------------------------------------------------------------------------
---------------------------------------------------------------------------------
Finished RTL Optimization Phase 1 : Time (s): cpu = 00:00:03 ; elapsed = 00:00:03 . Memory (MB): peak = 2317.371 ; gain = 588.656 ; free physical = 13032 ; free virtual = 40906
---------------------------------------------------------------------------------
Netlist sorting complete. Time (s): cpu = 00:00:00.01 ; elapsed = 00:00:00 . Memory (MB): peak = 2317.371 ; gain = 0.000 ; free physical = 13032 ; free virtual = 40906
INFO: [Project 1-570] Preparing netlist for logic optimization

Processing XDC Constraints
Initializing timing engine
Parsing XDC File [/home/randomguy/Documents/School/TT/Vivado/BCDTo7Seg/BCDTo7Seg.srcs/constrs_1/new/BCDTo7Seg_Res.xdc]
Finished Parsing XDC File [/home/randomguy/Documents/School/TT/Vivado/BCDTo7Seg/BCDTo7Seg.srcs/constrs_1/new/BCDTo7Seg_Res.xdc]
INFO: [Project 1-236] Implementation specific constraints were found while reading constraint file [/home/randomguy/Documents/School/TT/Vivado/BCDTo7Seg/BCDTo7Seg.srcs/constrs_1/new/BCDTo7Seg_Res.xdc]. These constraints will be ignored for synthesis but will be used in implementation. Impacted constraints are listed in the file [.Xil/BCDTo7Seg_propImpl.xdc].
Resolution: To avoid this warning, move constraints listed in [.Xil/BCDTo7Seg_propImpl.xdc] to another XDC file and exclude this new file from synthesis with the used_in_synthesis property (File Properties dialog in GUI) and re-run elaboration/synthesis.
Completed Processing XDC Constraints

Netlist sorting complete. Time (s): cpu = 00:00:00 ; elapsed = 00:00:00 . Memory (MB): peak = 2409.109 ; gain = 0.000 ; free physical = 13021 ; free virtual = 40893
INFO: [Project 1-111] Unisim Transformation Summary:
No Unisim elements were transformed.

Constraint Validation Runtime : Time (s): cpu = 00:00:00 ; elapsed = 00:00:00 . Memory (MB): peak = 2409.145 ; gain = 0.000 ; free physical = 13021 ; free virtual = 40893
INFO: [Designutils 20-5440] No compile time benefit to using incremental synthesis; A full resynthesis will be run
INFO: [Designutils 20-4379] Flow is switching to default flow due to incremental criteria not met. If you would like to alter this behaviour and have the flow terminate instead, please set the following parameter config_implementation {autoIncr.Synth.RejectBehavior Terminate}
---------------------------------------------------------------------------------
Finished Constraint Validation : Time (s): cpu = 00:00:06 ; elapsed = 00:00:06 . Memory (MB): peak = 2409.145 ; gain = 680.430 ; free physical = 13024 ; free virtual = 40898
---------------------------------------------------------------------------------
---------------------------------------------------------------------------------
Start Loading Part and Timing Information
---------------------------------------------------------------------------------
Loading part: xc7a100tcsg324-2
---------------------------------------------------------------------------------
Finished Loading Part and Timing Information : Time (s): cpu = 00:00:06 ; elapsed = 00:00:06 . Memory (MB): peak = 2417.113 ; gain = 688.398 ; free physical = 13024 ; free virtual = 40898
---------------------------------------------------------------------------------
---------------------------------------------------------------------------------
Start Applying 'set_property' XDC Constraints
---------------------------------------------------------------------------------
---------------------------------------------------------------------------------
Finished applying 'set_property' XDC Constraints : Time (s): cpu = 00:00:06 ; elapsed = 00:00:06 . Memory (MB): peak = 2417.113 ; gain = 688.398 ; free physical = 13024 ; free virtual = 40898
---------------------------------------------------------------------------------
---------------------------------------------------------------------------------
Finished RTL Optimization Phase 2 : Time (s): cpu = 00:00:06 ; elapsed = 00:00:06 . Memory (MB): peak = 2417.113 ; gain = 688.398 ; free physical = 13023 ; free virtual = 40899
---------------------------------------------------------------------------------
---------------------------------------------------------------------------------
Start RTL Component Statistics 
---------------------------------------------------------------------------------
Detailed RTL Component Info : 
+---Adders : 
	   2 Input    3 Bit       Adders := 1     
+---Registers : 
	                3 Bit    Registers := 1     
+---Muxes : 
	   8 Input    8 Bit        Muxes := 1     
	   2 Input    7 Bit        Muxes := 1     
	   2 Input    3 Bit        Muxes := 1     
---------------------------------------------------------------------------------
Finished RTL Component Statistics 
---------------------------------------------------------------------------------
---------------------------------------------------------------------------------
Start Part Resource Summary
---------------------------------------------------------------------------------
Part Resources:
DSPs: 240 (col length:80)
BRAMs: 270 (col length: RAMB18 80 RAMB36 40)
---------------------------------------------------------------------------------
Finished Part Resource Summary
---------------------------------------------------------------------------------
---------------------------------------------------------------------------------
Start Cross Boundary and Area Optimization
---------------------------------------------------------------------------------
---------------------------------------------------------------------------------
Finished Cross Boundary and Area Optimization : Time (s): cpu = 00:00:06 ; elapsed = 00:00:07 . Memory (MB): peak = 2417.113 ; gain = 688.398 ; free physical = 13008 ; free virtual = 40893
---------------------------------------------------------------------------------
---------------------------------------------------------------------------------
Start Applying XDC Timing Constraints
---------------------------------------------------------------------------------
---------------------------------------------------------------------------------
Finished Applying XDC Timing Constraints : Time (s): cpu = 00:00:09 ; elapsed = 00:00:09 . Memory (MB): peak = 2482.113 ; gain = 753.398 ; free physical = 13025 ; free virtual = 40911
---------------------------------------------------------------------------------
---------------------------------------------------------------------------------
Start Timing Optimization
---------------------------------------------------------------------------------
---------------------------------------------------------------------------------
Finished Timing Optimization : Time (s): cpu = 00:00:09 ; elapsed = 00:00:09 . Memory (MB): peak = 2501.145 ; gain = 772.430 ; free physical = 13010 ; free virtual = 40896
---------------------------------------------------------------------------------
---------------------------------------------------------------------------------
Start Technology Mapping
---------------------------------------------------------------------------------
---------------------------------------------------------------------------------
Finished Technology Mapping : Time (s): cpu = 00:00:09 ; elapsed = 00:00:09 . Memory (MB): peak = 2501.145 ; gain = 772.430 ; free physical = 13010 ; free virtual = 40896
---------------------------------------------------------------------------------
---------------------------------------------------------------------------------
Start IO Insertion
---------------------------------------------------------------------------------
---------------------------------------------------------------------------------
Start Flattening Before IO Insertion
---------------------------------------------------------------------------------
---------------------------------------------------------------------------------
Finished Flattening Before IO Insertion
---------------------------------------------------------------------------------
---------------------------------------------------------------------------------
Start Final Netlist Cleanup
---------------------------------------------------------------------------------
---------------------------------------------------------------------------------
Finished Final Netlist Cleanup
---------------------------------------------------------------------------------
---------------------------------------------------------------------------------
Finished IO Insertion : Time (s): cpu = 00:00:10 ; elapsed = 00:00:10 . Memory (MB): peak = 2678.957 ; gain = 950.242 ; free physical = 12860 ; free virtual = 40748
---------------------------------------------------------------------------------
---------------------------------------------------------------------------------
Start Renaming Generated Instances
---------------------------------------------------------------------------------
---------------------------------------------------------------------------------
Finished Renaming Generated Instances : Time (s): cpu = 00:00:10 ; elapsed = 00:00:10 . Memory (MB): peak = 2678.957 ; gain = 950.242 ; free physical = 12860 ; free virtual = 40748
---------------------------------------------------------------------------------
---------------------------------------------------------------------------------
Start Rebuilding User Hierarchy
---------------------------------------------------------------------------------
---------------------------------------------------------------------------------
Finished Rebuilding User Hierarchy : Time (s): cpu = 00:00:10 ; elapsed = 00:00:10 . Memory (MB): peak = 2678.957 ; gain = 950.242 ; free physical = 12860 ; free virtual = 40748
---------------------------------------------------------------------------------
---------------------------------------------------------------------------------
Start Renaming Generated Ports
---------------------------------------------------------------------------------
---------------------------------------------------------------------------------
Finished Renaming Generated Ports : Time (s): cpu = 00:00:10 ; elapsed = 00:00:10 . Memory (MB): peak = 2678.957 ; gain = 950.242 ; free physical = 12860 ; free virtual = 40748
---------------------------------------------------------------------------------
---------------------------------------------------------------------------------
Start Handling Custom Attributes
---------------------------------------------------------------------------------
---------------------------------------------------------------------------------
Finished Handling Custom Attributes : Time (s): cpu = 00:00:10 ; elapsed = 00:00:10 . Memory (MB): peak = 2678.957 ; gain = 950.242 ; free physical = 12860 ; free virtual = 40748
---------------------------------------------------------------------------------
---------------------------------------------------------------------------------
Start Renaming Generated Nets
---------------------------------------------------------------------------------
---------------------------------------------------------------------------------
Finished Renaming Generated Nets : Time (s): cpu = 00:00:10 ; elapsed = 00:00:10 . Memory (MB): peak = 2678.957 ; gain = 950.242 ; free physical = 12860 ; free virtual = 40748
---------------------------------------------------------------------------------
---------------------------------------------------------------------------------
Start Writing Synthesis Report
---------------------------------------------------------------------------------

Report BlackBoxes: 
+-+--------------+----------+
| |BlackBox name |Instances |
+-+--------------+----------+
+-+--------------+----------+

Report Cell Usage: 
+------+-------+------+
|      |Cell   |Count |
+------+-------+------+
|1     |BUFG   |     1|
|2     |CARRY4 |     5|
|3     |LUT1   |     1|
|4     |LUT3   |     8|
|5     |LUT4   |    29|
|6     |LUT5   |    16|
|7     |LUT6   |    10|
|8     |MUXF7  |    14|
|9     |FDRE   |    20|
|10    |IBUF   |    25|
|11    |OBUF   |    15|
+------+-------+------+
---------------------------------------------------------------------------------
Finished Writing Synthesis Report : Time (s): cpu = 00:00:10 ; elapsed = 00:00:10 . Memory (MB): peak = 2678.957 ; gain = 950.242 ; free physical = 12860 ; free virtual = 40748
---------------------------------------------------------------------------------
Synthesis finished with 0 errors, 0 critical warnings and 0 warnings.
Synthesis Optimization Runtime : Time (s): cpu = 00:00:10 ; elapsed = 00:00:10 . Memory (MB): peak = 2678.957 ; gain = 858.469 ; free physical = 12852 ; free virtual = 40740
Synthesis Optimization Complete : Time (s): cpu = 00:00:10 ; elapsed = 00:00:10 . Memory (MB): peak = 2678.965 ; gain = 950.242 ; free physical = 12852 ; free virtual = 40740
INFO: [Project 1-571] Translating synthesized netlist
Netlist sorting complete. Time (s): cpu = 00:00:00 ; elapsed = 00:00:00 . Memory (MB): peak = 2678.965 ; gain = 0.000 ; free physical = 12852 ; free virtual = 40740
INFO: [Netlist 29-17] Analyzing 19 Unisim elements for replacement
INFO: [Netlist 29-28] Unisim Transformation completed in 0 CPU seconds
INFO: [Project 1-570] Preparing netlist for logic optimization
INFO: [Opt 31-138] Pushed 0 inverter(s) to 0 load pin(s).
Netlist sorting complete. Time (s): cpu = 00:00:00 ; elapsed = 00:00:00 . Memory (MB): peak = 2734.984 ; gain = 0.000 ; free physical = 13017 ; free virtual = 40905
INFO: [Project 1-111] Unisim Transformation Summary:
No Unisim elements were transformed.

Synth Design complete | Checksum: 97ff8652
INFO: [Common 17-83] Releasing license: Synthesis
23 Infos, 0 Warnings, 0 Critical Warnings and 0 Errors encountered.
synth_design completed successfully
synth_design: Time (s): cpu = 00:00:14 ; elapsed = 00:00:13 . Memory (MB): peak = 2735.020 ; gain = 1102.672 ; free physical = 13016 ; free virtual = 40904
INFO: [Common 17-2834] synth_design peak Physical Memory [PSS] (MB): overall = 1991.827; main = 1802.453; forked = 281.797
INFO: [Common 17-2834] synth_design peak Virtual Memory [VSS] (MB): overall = 3649.246; main = 2734.988; forked = 1024.098
Write ShapeDB Complete: Time (s): cpu = 00:00:00 ; elapsed = 00:00:00 . Memory (MB): peak = 2758.996 ; gain = 0.000 ; free physical = 13016 ; free virtual = 40905
INFO: [Common 17-1381] The checkpoint '/home/randomguy/Documents/School/TT/Vivado/BCDTo7Seg/BCDTo7Seg.runs/synth_1/BCDTo7Seg.dcp' has been generated.
INFO: [Vivado 12-24828] Executing command : report_utilization -file BCDTo7Seg_utilization_synth.rpt -pb BCDTo7Seg_utilization_synth.pb
INFO: [Common 17-206] Exiting Vivado at Thu May 14 20:18:28 2026...
