Time resolution is 1 ps
Note: INITIAL RESET
Time: 0 ps  Iteration: 0  Process: /Procesador_tb/stim_proc  File: /home/randomguy/Documents/School/TT/Vivado/RV8I/RV8I.srcs/sim_1/new/Procesador_TB.vhd
Note: PCOut: 0PCPlus: 0
Time: 5 ns  Iteration: 1  Process: /Procesador_tb/DUT/line__70  File: /home/randomguy/Documents/School/TT/Vivado/RV8I/RV8I.srcs/sources_1/new/Procesador.vhd
Note: PCOut: 0PCPlus: 0
Time: 15 ns  Iteration: 1  Process: /Procesador_tb/DUT/line__70  File: /home/randomguy/Documents/School/TT/Vivado/RV8I/RV8I.srcs/sources_1/new/Procesador.vhd
Note: PCOut: 0PCPlus: 1
Time: 25 ns  Iteration: 1  Process: /Procesador_tb/DUT/line__70  File: /home/randomguy/Documents/School/TT/Vivado/RV8I/RV8I.srcs/sources_1/new/Procesador.vhd
Note: PCOut: 0PCPlus: 1
Time: 35 ns  Iteration: 1  Process: /Procesador_tb/DUT/line__70  File: /home/randomguy/Documents/School/TT/Vivado/RV8I/RV8I.srcs/sources_1/new/Procesador.vhd
Note: RUNNING
Time: 40 ns  Iteration: 0  Process: /Procesador_tb/stim_proc  File: /home/randomguy/Documents/School/TT/Vivado/RV8I/RV8I.srcs/sim_1/new/Procesador_TB.vhd
Note: PCOut: 0PCPlus: 1
Time: 45 ns  Iteration: 1  Process: /Procesador_tb/DUT/line__70  File: /home/randomguy/Documents/School/TT/Vivado/RV8I/RV8I.srcs/sources_1/new/Procesador.vhd
Note: PCOut: 0PCPlus: 1
Time: 55 ns  Iteration: 1  Process: /Procesador_tb/DUT/line__70  File: /home/randomguy/Documents/School/TT/Vivado/RV8I/RV8I.srcs/sources_1/new/Procesador.vhd
Note: PCOut: 1PCPlus: 2
Time: 65 ns  Iteration: 1  Process: /Procesador_tb/DUT/line__70  File: /home/randomguy/Documents/School/TT/Vivado/RV8I/RV8I.srcs/sources_1/new/Procesador.vhd
Note: PCOut: 2PCPlus: 3
Time: 75 ns  Iteration: 1  Process: /Procesador_tb/DUT/line__70  File: /home/randomguy/Documents/School/TT/Vivado/RV8I/RV8I.srcs/sources_1/new/Procesador.vhd
Note: PCOut: 3PCPlus: 4
Time: 85 ns  Iteration: 1  Process: /Procesador_tb/DUT/line__70  File: /home/randomguy/Documents/School/TT/Vivado/RV8I/RV8I.srcs/sources_1/new/Procesador.vhd
Note: PCOut: 4PCPlus: 5
Time: 95 ns  Iteration: 1  Process: /Procesador_tb/DUT/line__70  File: /home/randomguy/Documents/School/TT/Vivado/RV8I/RV8I.srcs/sources_1/new/Procesador.vhd
Note: PCOut: 5PCPlus: 6
Time: 105 ns  Iteration: 1  Process: /Procesador_tb/DUT/line__70  File: /home/randomguy/Documents/School/TT/Vivado/RV8I/RV8I.srcs/sources_1/new/Procesador.vhd
Note: PCOut: 6PCPlus: 7
Time: 115 ns  Iteration: 1  Process: /Procesador_tb/DUT/line__70  File: /home/randomguy/Documents/School/TT/Vivado/RV8I/RV8I.srcs/sources_1/new/Procesador.vhd
Note: PCOut: 7PCPlus: 8
Time: 125 ns  Iteration: 1  Process: /Procesador_tb/DUT/line__70  File: /home/randomguy/Documents/School/TT/Vivado/RV8I/RV8I.srcs/sources_1/new/Procesador.vhd
Note: PCOut: 8PCPlus: 9
Time: 135 ns  Iteration: 1  Process: /Procesador_tb/DUT/line__70  File: /home/randomguy/Documents/School/TT/Vivado/RV8I/RV8I.srcs/sources_1/new/Procesador.vhd
Note: SECOND RESET
Time: 140 ns  Iteration: 0  Process: /Procesador_tb/stim_proc  File: /home/randomguy/Documents/School/TT/Vivado/RV8I/RV8I.srcs/sim_1/new/Procesador_TB.vhd
Note: PCOut: 9PCPlus: 10
Time: 145 ns  Iteration: 1  Process: /Procesador_tb/DUT/line__70  File: /home/randomguy/Documents/School/TT/Vivado/RV8I/RV8I.srcs/sources_1/new/Procesador.vhd
Note: PCOut: 10PCPlus: 11
Time: 155 ns  Iteration: 1  Process: /Procesador_tb/DUT/line__70  File: /home/randomguy/Documents/School/TT/Vivado/RV8I/RV8I.srcs/sources_1/new/Procesador.vhd
Note: PCOut: 0PCPlus: 1
Time: 165 ns  Iteration: 1  Process: /Procesador_tb/DUT/line__70  File: /home/randomguy/Documents/School/TT/Vivado/RV8I/RV8I.srcs/sources_1/new/Procesador.vhd
Note: PCOut: 0PCPlus: 1
Time: 175 ns  Iteration: 1  Process: /Procesador_tb/DUT/line__70  File: /home/randomguy/Documents/School/TT/Vivado/RV8I/RV8I.srcs/sources_1/new/Procesador.vhd
Note: RUNNING AGAIN
Time: 180 ns  Iteration: 0  Process: /Procesador_tb/stim_proc  File: /home/randomguy/Documents/School/TT/Vivado/RV8I/RV8I.srcs/sim_1/new/Procesador_TB.vhd
Note: PCOut: 0PCPlus: 1
Time: 185 ns  Iteration: 1  Process: /Procesador_tb/DUT/line__70  File: /home/randomguy/Documents/School/TT/Vivado/RV8I/RV8I.srcs/sources_1/new/Procesador.vhd
Note: PCOut: 0PCPlus: 1
Time: 195 ns  Iteration: 1  Process: /Procesador_tb/DUT/line__70  File: /home/randomguy/Documents/School/TT/Vivado/RV8I/RV8I.srcs/sources_1/new/Procesador.vhd
Note: PCOut: 1PCPlus: 2
Time: 205 ns  Iteration: 1  Process: /Procesador_tb/DUT/line__70  File: /home/randomguy/Documents/School/TT/Vivado/RV8I/RV8I.srcs/sources_1/new/Procesador.vhd
Note: PCOut: 2PCPlus: 3
Time: 215 ns  Iteration: 1  Process: /Procesador_tb/DUT/line__70  File: /home/randomguy/Documents/School/TT/Vivado/RV8I/RV8I.srcs/sources_1/new/Procesador.vhd
Note: PCOut: 3PCPlus: 4
Time: 225 ns  Iteration: 1  Process: /Procesador_tb/DUT/line__70  File: /home/randomguy/Documents/School/TT/Vivado/RV8I/RV8I.srcs/sources_1/new/Procesador.vhd
Note: PCOut: 4PCPlus: 5
Time: 235 ns  Iteration: 1  Process: /Procesador_tb/DUT/line__70  File: /home/randomguy/Documents/School/TT/Vivado/RV8I/RV8I.srcs/sources_1/new/Procesador.vhd
Note: PCOut: 5PCPlus: 6
Time: 245 ns  Iteration: 1  Process: /Procesador_tb/DUT/line__70  File: /home/randomguy/Documents/School/TT/Vivado/RV8I/RV8I.srcs/sources_1/new/Procesador.vhd
Note: PCOut: 6PCPlus: 7
Time: 255 ns  Iteration: 1  Process: /Procesador_tb/DUT/line__70  File: /home/randomguy/Documents/School/TT/Vivado/RV8I/RV8I.srcs/sources_1/new/Procesador.vhd
Note: PCOut: 7PCPlus: 8
Time: 265 ns  Iteration: 1  Process: /Procesador_tb/DUT/line__70  File: /home/randomguy/Documents/School/TT/Vivado/RV8I/RV8I.srcs/sources_1/new/Procesador.vhd
Note: PCOut: 8PCPlus: 9
Time: 275 ns  Iteration: 1  Process: /Procesador_tb/DUT/line__70  File: /home/randomguy/Documents/School/TT/Vivado/RV8I/RV8I.srcs/sources_1/new/Procesador.vhd
Note: PCOut: 9PCPlus: 10
Time: 285 ns  Iteration: 1  Process: /Procesador_tb/DUT/line__70  File: /home/randomguy/Documents/School/TT/Vivado/RV8I/RV8I.srcs/sources_1/new/Procesador.vhd
Note: PCOut: 10PCPlus: 11
Time: 295 ns  Iteration: 1  Process: /Procesador_tb/DUT/line__70  File: /home/randomguy/Documents/School/TT/Vivado/RV8I/RV8I.srcs/sources_1/new/Procesador.vhd
Note: PCOut: 4PCPlus: 5
Time: 305 ns  Iteration: 1  Process: /Procesador_tb/DUT/line__70  File: /home/randomguy/Documents/School/TT/Vivado/RV8I/RV8I.srcs/sources_1/new/Procesador.vhd
Note: PCOut: 5PCPlus: 6
Time: 315 ns  Iteration: 1  Process: /Procesador_tb/DUT/line__70  File: /home/randomguy/Documents/School/TT/Vivado/RV8I/RV8I.srcs/sources_1/new/Procesador.vhd
Note: PCOut: 6PCPlus: 7
Time: 325 ns  Iteration: 1  Process: /Procesador_tb/DUT/line__70  File: /home/randomguy/Documents/School/TT/Vivado/RV8I/RV8I.srcs/sources_1/new/Procesador.vhd
Note: END SIMULATION
Time: 330 ns  Iteration: 0  Process: /Procesador_tb/stim_proc  File: /home/randomguy/Documents/School/TT/Vivado/RV8I/RV8I.srcs/sim_1/new/Procesador_TB.vhd
Note: PCOut: 7PCPlus: 8
Time: 335 ns  Iteration: 1  Process: /Procesador_tb/DUT/line__70  File: /home/randomguy/Documents/School/TT/Vivado/RV8I/RV8I.srcs/sources_1/new/Procesador.vhd
Note: PCOut: 8PCPlus: 9
Time: 345 ns  Iteration: 1  Process: /Procesador_tb/DUT/line__70  File: /home/randomguy/Documents/School/TT/Vivado/RV8I/RV8I.srcs/sources_1/new/Procesador.vhd
Note: PCOut: 9PCPlus: 10
Time: 355 ns  Iteration: 1  Process: /Procesador_tb/DUT/line__70  File: /home/randomguy/Documents/School/TT/Vivado/RV8I/RV8I.srcs/sources_1/new/Procesador.vhd
Note: PCOut: 10PCPlus: 11
Time: 365 ns  Iteration: 1  Process: /Procesador_tb/DUT/line__70  File: /home/randomguy/Documents/School/TT/Vivado/RV8I/RV8I.srcs/sources_1/new/Procesador.vhd
Note: PCOut: 4PCPlus: 5
Time: 375 ns  Iteration: 1  Process: /Procesador_tb/DUT/line__70  File: /home/randomguy/Documents/School/TT/Vivado/RV8I/RV8I.srcs/sources_1/new/Procesador.vhd
Note: PCOut: 5PCPlus: 6
Time: 385 ns  Iteration: 1  Process: /Procesador_tb/DUT/line__70  File: /home/randomguy/Documents/School/TT/Vivado/RV8I/RV8I.srcs/sources_1/new/Procesador.vhd
Note: PCOut: 6PCPlus: 7
Time: 395 ns  Iteration: 1  Process: /Procesador_tb/DUT/line__70  File: /home/randomguy/Documents/School/TT/Vivado/RV8I/RV8I.srcs/sources_1/new/Procesador.vhd
Note: PCOut: 7PCPlus: 8
Time: 405 ns  Iteration: 1  Process: /Procesador_tb/DUT/line__70  File: /home/randomguy/Documents/School/TT/Vivado/RV8I/RV8I.srcs/sources_1/new/Procesador.vhd
Note: PCOut: 8PCPlus: 9
Time: 415 ns  Iteration: 1  Process: /Procesador_tb/DUT/line__70  File: /home/randomguy/Documents/School/TT/Vivado/RV8I/RV8I.srcs/sources_1/new/Procesador.vhd
Note: PCOut: 9PCPlus: 10
Time: 425 ns  Iteration: 1  Process: /Procesador_tb/DUT/line__70  File: /home/randomguy/Documents/School/TT/Vivado/RV8I/RV8I.srcs/sources_1/new/Procesador.vhd
Note: PCOut: 10PCPlus: 11
Time: 435 ns  Iteration: 1  Process: /Procesador_tb/DUT/line__70  File: /home/randomguy/Documents/School/TT/Vivado/RV8I/RV8I.srcs/sources_1/new/Procesador.vhd
Note: PCOut: 4PCPlus: 5
Time: 445 ns  Iteration: 1  Process: /Procesador_tb/DUT/line__70  File: /home/randomguy/Documents/School/TT/Vivado/RV8I/RV8I.srcs/sources_1/new/Procesador.vhd
Note: PCOut: 5PCPlus: 6
Time: 455 ns  Iteration: 1  Process: /Procesador_tb/DUT/line__70  File: /home/randomguy/Documents/School/TT/Vivado/RV8I/RV8I.srcs/sources_1/new/Procesador.vhd
Note: PCOut: 6PCPlus: 7
Time: 465 ns  Iteration: 1  Process: /Procesador_tb/DUT/line__70  File: /home/randomguy/Documents/School/TT/Vivado/RV8I/RV8I.srcs/sources_1/new/Procesador.vhd
Note: PCOut: 7PCPlus: 8
Time: 475 ns  Iteration: 1  Process: /Procesador_tb/DUT/line__70  File: /home/randomguy/Documents/School/TT/Vivado/RV8I/RV8I.srcs/sources_1/new/Procesador.vhd
Note: PCOut: 8PCPlus: 9
Time: 485 ns  Iteration: 1  Process: /Procesador_tb/DUT/line__70  File: /home/randomguy/Documents/School/TT/Vivado/RV8I/RV8I.srcs/sources_1/new/Procesador.vhd
Note: PCOut: 9PCPlus: 10
Time: 495 ns  Iteration: 1  Process: /Procesador_tb/DUT/line__70  File: /home/randomguy/Documents/School/TT/Vivado/RV8I/RV8I.srcs/sources_1/new/Procesador.vhd
Note: PCOut: 10PCPlus: 11
Time: 505 ns  Iteration: 1  Process: /Procesador_tb/DUT/line__70  File: /home/randomguy/Documents/School/TT/Vivado/RV8I/RV8I.srcs/sources_1/new/Procesador.vhd
Note: PCOut: 4PCPlus: 5
Time: 515 ns  Iteration: 1  Process: /Procesador_tb/DUT/line__70  File: /home/randomguy/Documents/School/TT/Vivado/RV8I/RV8I.srcs/sources_1/new/Procesador.vhd
Note: PCOut: 5PCPlus: 6
Time: 525 ns  Iteration: 1  Process: /Procesador_tb/DUT/line__70  File: /home/randomguy/Documents/School/TT/Vivado/RV8I/RV8I.srcs/sources_1/new/Procesador.vhd
Note: PCOut: 6PCPlus: 7
Time: 535 ns  Iteration: 1  Process: /Procesador_tb/DUT/line__70  File: /home/randomguy/Documents/School/TT/Vivado/RV8I/RV8I.srcs/sources_1/new/Procesador.vhd
Note: PCOut: 7PCPlus: 8
Time: 545 ns  Iteration: 1  Process: /Procesador_tb/DUT/line__70  File: /home/randomguy/Documents/School/TT/Vivado/RV8I/RV8I.srcs/sources_1/new/Procesador.vhd
Note: PCOut: 8PCPlus: 9
Time: 555 ns  Iteration: 1  Process: /Procesador_tb/DUT/line__70  File: /home/randomguy/Documents/School/TT/Vivado/RV8I/RV8I.srcs/sources_1/new/Procesador.vhd
Note: PCOut: 9PCPlus: 10
Time: 565 ns  Iteration: 1  Process: /Procesador_tb/DUT/line__70  File: /home/randomguy/Documents/School/TT/Vivado/RV8I/RV8I.srcs/sources_1/new/Procesador.vhd
Note: PCOut: 11PCPlus: 12
Time: 575 ns  Iteration: 1  Process: /Procesador_tb/DUT/line__70  File: /home/randomguy/Documents/School/TT/Vivado/RV8I/RV8I.srcs/sources_1/new/Procesador.vhd
Note: PCOut: 12PCPlus: 13
Time: 585 ns  Iteration: 1  Process: /Procesador_tb/DUT/line__70  File: /home/randomguy/Documents/School/TT/Vivado/RV8I/RV8I.srcs/sources_1/new/Procesador.vhd
Note: PCOut: 13PCPlus: 14
Time: 595 ns  Iteration: 1  Process: /Procesador_tb/DUT/line__70  File: /home/randomguy/Documents/School/TT/Vivado/RV8I/RV8I.srcs/sources_1/new/Procesador.vhd
Note: PCOut: 14PCPlus: 15
Time: 605 ns  Iteration: 1  Process: /Procesador_tb/DUT/line__70  File: /home/randomguy/Documents/School/TT/Vivado/RV8I/RV8I.srcs/sources_1/new/Procesador.vhd
Note: PCOut: 15PCPlus: 16
Time: 615 ns  Iteration: 1  Process: /Procesador_tb/DUT/line__70  File: /home/randomguy/Documents/School/TT/Vivado/RV8I/RV8I.srcs/sources_1/new/Procesador.vhd
Note: PCOut: 16PCPlus: 17
Time: 625 ns  Iteration: 1  Process: /Procesador_tb/DUT/line__70  File: /home/randomguy/Documents/School/TT/Vivado/RV8I/RV8I.srcs/sources_1/new/Procesador.vhd
Note: PCOut: 17PCPlus: 18
Time: 635 ns  Iteration: 1  Process: /Procesador_tb/DUT/line__70  File: /home/randomguy/Documents/School/TT/Vivado/RV8I/RV8I.srcs/sources_1/new/Procesador.vhd
Note: PCOut: 18PCPlus: 19
Time: 645 ns  Iteration: 1  Process: /Procesador_tb/DUT/line__70  File: /home/randomguy/Documents/School/TT/Vivado/RV8I/RV8I.srcs/sources_1/new/Procesador.vhd
Note: PCOut: 19PCPlus: 20
Time: 655 ns  Iteration: 1  Process: /Procesador_tb/DUT/line__70  File: /home/randomguy/Documents/School/TT/Vivado/RV8I/RV8I.srcs/sources_1/new/Procesador.vhd
Note: PCOut: 20PCPlus: 21
Time: 665 ns  Iteration: 1  Process: /Procesador_tb/DUT/line__70  File: /home/randomguy/Documents/School/TT/Vivado/RV8I/RV8I.srcs/sources_1/new/Procesador.vhd
Note: PCOut: 21PCPlus: 22
Time: 675 ns  Iteration: 1  Process: /Procesador_tb/DUT/line__70  File: /home/randomguy/Documents/School/TT/Vivado/RV8I/RV8I.srcs/sources_1/new/Procesador.vhd
Note: PCOut: 22PCPlus: 23
Time: 685 ns  Iteration: 1  Process: /Procesador_tb/DUT/line__70  File: /home/randomguy/Documents/School/TT/Vivado/RV8I/RV8I.srcs/sources_1/new/Procesador.vhd
Note: PCOut: 23PCPlus: 24
Time: 695 ns  Iteration: 1  Process: /Procesador_tb/DUT/line__70  File: /home/randomguy/Documents/School/TT/Vivado/RV8I/RV8I.srcs/sources_1/new/Procesador.vhd
Note: PCOut: 24PCPlus: 25
Time: 705 ns  Iteration: 1  Process: /Procesador_tb/DUT/line__70  File: /home/randomguy/Documents/School/TT/Vivado/RV8I/RV8I.srcs/sources_1/new/Procesador.vhd
Note: PCOut: 25PCPlus: 26
Time: 715 ns  Iteration: 1  Process: /Procesador_tb/DUT/line__70  File: /home/randomguy/Documents/School/TT/Vivado/RV8I/RV8I.srcs/sources_1/new/Procesador.vhd
Note: PCOut: 26PCPlus: 27
Time: 725 ns  Iteration: 1  Process: /Procesador_tb/DUT/line__70  File: /home/randomguy/Documents/School/TT/Vivado/RV8I/RV8I.srcs/sources_1/new/Procesador.vhd
Note: PCOut: 27PCPlus: 28
Time: 735 ns  Iteration: 1  Process: /Procesador_tb/DUT/line__70  File: /home/randomguy/Documents/School/TT/Vivado/RV8I/RV8I.srcs/sources_1/new/Procesador.vhd
Note: PCOut: 28PCPlus: 29
Time: 745 ns  Iteration: 1  Process: /Procesador_tb/DUT/line__70  File: /home/randomguy/Documents/School/TT/Vivado/RV8I/RV8I.srcs/sources_1/new/Procesador.vhd
Note: PCOut: 29PCPlus: 30
Time: 755 ns  Iteration: 1  Process: /Procesador_tb/DUT/line__70  File: /home/randomguy/Documents/School/TT/Vivado/RV8I/RV8I.srcs/sources_1/new/Procesador.vhd
Note: PCOut: 30PCPlus: 31
Time: 765 ns  Iteration: 1  Process: /Procesador_tb/DUT/line__70  File: /home/randomguy/Documents/School/TT/Vivado/RV8I/RV8I.srcs/sources_1/new/Procesador.vhd
Note: PCOut: 31PCPlus: 32
Time: 775 ns  Iteration: 1  Process: /Procesador_tb/DUT/line__70  File: /home/randomguy/Documents/School/TT/Vivado/RV8I/RV8I.srcs/sources_1/new/Procesador.vhd
Note: PCOut: 32PCPlus: 33
Time: 785 ns  Iteration: 1  Process: /Procesador_tb/DUT/line__70  File: /home/randomguy/Documents/School/TT/Vivado/RV8I/RV8I.srcs/sources_1/new/Procesador.vhd
Note: PCOut: 33PCPlus: 34
Time: 795 ns  Iteration: 1  Process: /Procesador_tb/DUT/line__70  File: /home/randomguy/Documents/School/TT/Vivado/RV8I/RV8I.srcs/sources_1/new/Procesador.vhd
Note: PCOut: 34PCPlus: 35
Time: 805 ns  Iteration: 1  Process: /Procesador_tb/DUT/line__70  File: /home/randomguy/Documents/School/TT/Vivado/RV8I/RV8I.srcs/sources_1/new/Procesador.vhd
Note: PCOut: 35PCPlus: 36
Time: 815 ns  Iteration: 1  Process: /Procesador_tb/DUT/line__70  File: /home/randomguy/Documents/School/TT/Vivado/RV8I/RV8I.srcs/sources_1/new/Procesador.vhd
Note: PCOut: 36PCPlus: 37
Time: 825 ns  Iteration: 1  Process: /Procesador_tb/DUT/line__70  File: /home/randomguy/Documents/School/TT/Vivado/RV8I/RV8I.srcs/sources_1/new/Procesador.vhd
Note: PCOut: 37PCPlus: 38
Time: 835 ns  Iteration: 1  Process: /Procesador_tb/DUT/line__70  File: /home/randomguy/Documents/School/TT/Vivado/RV8I/RV8I.srcs/sources_1/new/Procesador.vhd
Note: PCOut: 38PCPlus: 39
Time: 845 ns  Iteration: 1  Process: /Procesador_tb/DUT/line__70  File: /home/randomguy/Documents/School/TT/Vivado/RV8I/RV8I.srcs/sources_1/new/Procesador.vhd
Note: PCOut: 39PCPlus: 40
Time: 855 ns  Iteration: 1  Process: /Procesador_tb/DUT/line__70  File: /home/randomguy/Documents/School/TT/Vivado/RV8I/RV8I.srcs/sources_1/new/Procesador.vhd
Note: PCOut: 40PCPlus: 41
Time: 865 ns  Iteration: 1  Process: /Procesador_tb/DUT/line__70  File: /home/randomguy/Documents/School/TT/Vivado/RV8I/RV8I.srcs/sources_1/new/Procesador.vhd
Note: PCOut: 41PCPlus: 42
Time: 875 ns  Iteration: 1  Process: /Procesador_tb/DUT/line__70  File: /home/randomguy/Documents/School/TT/Vivado/RV8I/RV8I.srcs/sources_1/new/Procesador.vhd
Note: PCOut: 42PCPlus: 43
Time: 885 ns  Iteration: 1  Process: /Procesador_tb/DUT/line__70  File: /home/randomguy/Documents/School/TT/Vivado/RV8I/RV8I.srcs/sources_1/new/Procesador.vhd
Note: PCOut: 43PCPlus: 44
Time: 895 ns  Iteration: 1  Process: /Procesador_tb/DUT/line__70  File: /home/randomguy/Documents/School/TT/Vivado/RV8I/RV8I.srcs/sources_1/new/Procesador.vhd
Note: PCOut: 44PCPlus: 45
Time: 905 ns  Iteration: 1  Process: /Procesador_tb/DUT/line__70  File: /home/randomguy/Documents/School/TT/Vivado/RV8I/RV8I.srcs/sources_1/new/Procesador.vhd
Note: PCOut: 45PCPlus: 46
Time: 915 ns  Iteration: 1  Process: /Procesador_tb/DUT/line__70  File: /home/randomguy/Documents/School/TT/Vivado/RV8I/RV8I.srcs/sources_1/new/Procesador.vhd
Note: PCOut: 46PCPlus: 47
Time: 925 ns  Iteration: 1  Process: /Procesador_tb/DUT/line__70  File: /home/randomguy/Documents/School/TT/Vivado/RV8I/RV8I.srcs/sources_1/new/Procesador.vhd
Note: PCOut: 47PCPlus: 48
Time: 935 ns  Iteration: 1  Process: /Procesador_tb/DUT/line__70  File: /home/randomguy/Documents/School/TT/Vivado/RV8I/RV8I.srcs/sources_1/new/Procesador.vhd
Note: PCOut: 48PCPlus: 49
Time: 945 ns  Iteration: 1  Process: /Procesador_tb/DUT/line__70  File: /home/randomguy/Documents/School/TT/Vivado/RV8I/RV8I.srcs/sources_1/new/Procesador.vhd
Note: PCOut: 49PCPlus: 50
Time: 955 ns  Iteration: 1  Process: /Procesador_tb/DUT/line__70  File: /home/randomguy/Documents/School/TT/Vivado/RV8I/RV8I.srcs/sources_1/new/Procesador.vhd
Note: PCOut: 50PCPlus: 51
Time: 965 ns  Iteration: 1  Process: /Procesador_tb/DUT/line__70  File: /home/randomguy/Documents/School/TT/Vivado/RV8I/RV8I.srcs/sources_1/new/Procesador.vhd
Note: PCOut: 51PCPlus: 52
Time: 975 ns  Iteration: 1  Process: /Procesador_tb/DUT/line__70  File: /home/randomguy/Documents/School/TT/Vivado/RV8I/RV8I.srcs/sources_1/new/Procesador.vhd
Note: PCOut: 52PCPlus: 53
Time: 985 ns  Iteration: 1  Process: /Procesador_tb/DUT/line__70  File: /home/randomguy/Documents/School/TT/Vivado/RV8I/RV8I.srcs/sources_1/new/Procesador.vhd
Note: PCOut: 53PCPlus: 54
Time: 995 ns  Iteration: 1  Process: /Procesador_tb/DUT/line__70  File: /home/randomguy/Documents/School/TT/Vivado/RV8I/RV8I.srcs/sources_1/new/Procesador.vhd
INFO: xsimkernel Simulation Memory Usage: 299012 KB (Peak: 348344 KB), Simulation CPU Usage: 490 ms
