
*** Running vivado
    with args -log BCDConverter.vds -m64 -product Vivado -mode batch -messageDb vivado.pb -notrace -source BCDConverter.tcl


****** Vivado v2025.2 (64-bit)
  **** SW Build 6299465 on Fri Nov 14 12:34:56 MST 2025
  **** IP Build 6300035 on Fri Nov 14 10:48:45 MST 2025
  **** SharedData Build 6298862 on Thu Nov 13 04:50:51 MST 2025
  **** Start of session at: Thu May 14 14:46:27 2026
    ** Copyright 1986-2022 Xilinx, Inc. All Rights Reserved.
    ** Copyright 2022-2025 Advanced Micro Devices, Inc. All Rights Reserved.

source BCDConverter.tcl -notrace
Command: read_checkpoint -auto_incremental -incremental /home/randomguy/Documents/School/TT/Vivado/BCDConverter/BCDConverter.srcs/utils_1/imports/synth_1/BCDConverter.dcp
INFO: [Vivado 12-5825] Read reference checkpoint from /home/randomguy/Documents/School/TT/Vivado/BCDConverter/BCDConverter.srcs/utils_1/imports/synth_1/BCDConverter.dcp for incremental synthesis
INFO: [Vivado 12-7989] Please ensure there are no constraint changes
Command: synth_design -top BCDConverter -part xc7a100tcsg324-2
Starting synth_design
Attempting to get a license for feature 'Synthesis' and/or device 'xc7a100t'
INFO: [Common 17-349] Got license for feature 'Synthesis' and/or device 'xc7a100t'
INFO: [Device 21-403] Loading part xc7a100tcsg324-2
INFO: [Designutils 20-5440] No compile time benefit to using incremental synthesis; A full resynthesis will be run
INFO: [Designutils 20-4379] Flow is switching to default flow due to incremental criteria not met. If you would like to alter this behaviour and have the flow terminate instead, please set the following parameter config_implementation {autoIncr.Synth.RejectBehavior Terminate}
INFO: [Synth 8-7079] Multithreading enabled for synth_design using a maximum of 7 processes.
INFO: [Synth 8-7078] Launching helper process for spawning children vivado processes
INFO: [Synth 8-7075] Helper process launched with PID 5505
---------------------------------------------------------------------------------
Starting RTL Elaboration : Time (s): cpu = 00:00:02 ; elapsed = 00:00:02 . Memory (MB): peak = 2211.422 ; gain = 483.125 ; free physical = 15844 ; free virtual = 43002
---------------------------------------------------------------------------------
INFO: [Synth 8-638] synthesizing module 'BCDConverter' [/home/randomguy/Documents/School/TT/Vivado/BCDConverter/BCDConverter.srcs/sources_1/new/BCDConverter.vhd:33]
INFO: [Synth 8-256] done synthesizing module 'BCDConverter' (0#1) [/home/randomguy/Documents/School/TT/Vivado/BCDConverter/BCDConverter.srcs/sources_1/new/BCDConverter.vhd:33]
WARNING: [Synth 8-3848] Net correctedV1 in module/entity BCDConverter does not have driver. [/home/randomguy/Documents/School/TT/Vivado/BCDConverter/BCDConverter.srcs/sources_1/new/BCDConverter.vhd:43]
WARNING: [Synth 8-3848] Net correctedV2 in module/entity BCDConverter does not have driver. [/home/randomguy/Documents/School/TT/Vivado/BCDConverter/BCDConverter.srcs/sources_1/new/BCDConverter.vhd:44]
WARNING: [Synth 8-3917] design BCDConverter has port SIGN1 driven by constant 0
WARNING: [Synth 8-3917] design BCDConverter has port SIGN2 driven by constant 0
---------------------------------------------------------------------------------
Finished RTL Elaboration : Time (s): cpu = 00:00:03 ; elapsed = 00:00:03 . Memory (MB): peak = 2299.359 ; gain = 571.062 ; free physical = 15711 ; free virtual = 42880
---------------------------------------------------------------------------------
---------------------------------------------------------------------------------
Start Handling Custom Attributes
---------------------------------------------------------------------------------
---------------------------------------------------------------------------------
Finished Handling Custom Attributes : Time (s): cpu = 00:00:03 ; elapsed = 00:00:03 . Memory (MB): peak = 2311.234 ; gain = 582.938 ; free physical = 15706 ; free virtual = 42875
---------------------------------------------------------------------------------
---------------------------------------------------------------------------------
Finished RTL Optimization Phase 1 : Time (s): cpu = 00:00:03 ; elapsed = 00:00:03 . Memory (MB): peak = 2311.234 ; gain = 582.938 ; free physical = 15706 ; free virtual = 42875
---------------------------------------------------------------------------------
Netlist sorting complete. Time (s): cpu = 00:00:00 ; elapsed = 00:00:00 . Memory (MB): peak = 2311.234 ; gain = 0.000 ; free physical = 15706 ; free virtual = 42875
INFO: [Project 1-570] Preparing netlist for logic optimization

Processing XDC Constraints
Initializing timing engine
Parsing XDC File [/home/randomguy/Documents/School/TT/Vivado/BCDConverter/BCDConverter.srcs/constrs_1/new/BCDRestricciones.xdc]
Finished Parsing XDC File [/home/randomguy/Documents/School/TT/Vivado/BCDConverter/BCDConverter.srcs/constrs_1/new/BCDRestricciones.xdc]
INFO: [Project 1-236] Implementation specific constraints were found while reading constraint file [/home/randomguy/Documents/School/TT/Vivado/BCDConverter/BCDConverter.srcs/constrs_1/new/BCDRestricciones.xdc]. These constraints will be ignored for synthesis but will be used in implementation. Impacted constraints are listed in the file [.Xil/BCDConverter_propImpl.xdc].
Resolution: To avoid this warning, move constraints listed in [.Xil/BCDConverter_propImpl.xdc] to another XDC file and exclude this new file from synthesis with the used_in_synthesis property (File Properties dialog in GUI) and re-run elaboration/synthesis.
Completed Processing XDC Constraints

Netlist sorting complete. Time (s): cpu = 00:00:00 ; elapsed = 00:00:00 . Memory (MB): peak = 2420.973 ; gain = 0.000 ; free physical = 15649 ; free virtual = 42847
INFO: [Project 1-111] Unisim Transformation Summary:
No Unisim elements were transformed.

Constraint Validation Runtime : Time (s): cpu = 00:00:00 ; elapsed = 00:00:00 . Memory (MB): peak = 2421.008 ; gain = 0.000 ; free physical = 15647 ; free virtual = 42845
INFO: [Designutils 20-5440] No compile time benefit to using incremental synthesis; A full resynthesis will be run
INFO: [Designutils 20-4379] Flow is switching to default flow due to incremental criteria not met. If you would like to alter this behaviour and have the flow terminate instead, please set the following parameter config_implementation {autoIncr.Synth.RejectBehavior Terminate}
---------------------------------------------------------------------------------
Finished Constraint Validation : Time (s): cpu = 00:00:06 ; elapsed = 00:00:06 . Memory (MB): peak = 2421.008 ; gain = 692.711 ; free physical = 15684 ; free virtual = 42878
---------------------------------------------------------------------------------
---------------------------------------------------------------------------------
Start Loading Part and Timing Information
---------------------------------------------------------------------------------
Loading part: xc7a100tcsg324-2
---------------------------------------------------------------------------------
Finished Loading Part and Timing Information : Time (s): cpu = 00:00:06 ; elapsed = 00:00:06 . Memory (MB): peak = 2428.977 ; gain = 700.680 ; free physical = 15684 ; free virtual = 42878
---------------------------------------------------------------------------------
---------------------------------------------------------------------------------
Start Applying 'set_property' XDC Constraints
---------------------------------------------------------------------------------
---------------------------------------------------------------------------------
Finished applying 'set_property' XDC Constraints : Time (s): cpu = 00:00:06 ; elapsed = 00:00:06 . Memory (MB): peak = 2428.977 ; gain = 700.680 ; free physical = 15684 ; free virtual = 42878
---------------------------------------------------------------------------------
---------------------------------------------------------------------------------
Finished RTL Optimization Phase 2 : Time (s): cpu = 00:00:06 ; elapsed = 00:00:06 . Memory (MB): peak = 2428.977 ; gain = 700.680 ; free physical = 15680 ; free virtual = 42875
---------------------------------------------------------------------------------
---------------------------------------------------------------------------------
Start RTL Component Statistics 
---------------------------------------------------------------------------------
Detailed RTL Component Info : 
+---Adders : 
	   2 Input    6 Bit       Adders := 38    
+---Muxes : 
	   2 Input    4 Bit        Muxes := 48    
---------------------------------------------------------------------------------
Finished RTL Component Statistics 
---------------------------------------------------------------------------------
---------------------------------------------------------------------------------
Start Part Resource Summary
---------------------------------------------------------------------------------
Part Resources:
DSPs: 240 (col length:80)
BRAMs: 270 (col length: RAMB18 80 RAMB36 40)
---------------------------------------------------------------------------------
Finished Part Resource Summary
---------------------------------------------------------------------------------
---------------------------------------------------------------------------------
Start Cross Boundary and Area Optimization
---------------------------------------------------------------------------------
WARNING: [Synth 8-3917] design BCDConverter has port SIGN1 driven by constant 0
WARNING: [Synth 8-3917] design BCDConverter has port SIGN2 driven by constant 0
---------------------------------------------------------------------------------
Finished Cross Boundary and Area Optimization : Time (s): cpu = 00:00:07 ; elapsed = 00:00:07 . Memory (MB): peak = 2428.977 ; gain = 700.680 ; free physical = 15660 ; free virtual = 42863
---------------------------------------------------------------------------------
---------------------------------------------------------------------------------
Start Applying XDC Timing Constraints
---------------------------------------------------------------------------------
---------------------------------------------------------------------------------
Finished Applying XDC Timing Constraints : Time (s): cpu = 00:00:09 ; elapsed = 00:00:09 . Memory (MB): peak = 2481.977 ; gain = 753.680 ; free physical = 15562 ; free virtual = 42768
---------------------------------------------------------------------------------
---------------------------------------------------------------------------------
Start Timing Optimization
---------------------------------------------------------------------------------
---------------------------------------------------------------------------------
Finished Timing Optimization : Time (s): cpu = 00:00:09 ; elapsed = 00:00:09 . Memory (MB): peak = 2481.977 ; gain = 753.680 ; free physical = 15562 ; free virtual = 42768
---------------------------------------------------------------------------------
---------------------------------------------------------------------------------
Start Technology Mapping
---------------------------------------------------------------------------------
---------------------------------------------------------------------------------
Finished Technology Mapping : Time (s): cpu = 00:00:09 ; elapsed = 00:00:09 . Memory (MB): peak = 2491.992 ; gain = 763.695 ; free physical = 15562 ; free virtual = 42769
---------------------------------------------------------------------------------
---------------------------------------------------------------------------------
Start IO Insertion
---------------------------------------------------------------------------------
---------------------------------------------------------------------------------
Start Flattening Before IO Insertion
---------------------------------------------------------------------------------
---------------------------------------------------------------------------------
Finished Flattening Before IO Insertion
---------------------------------------------------------------------------------
---------------------------------------------------------------------------------
Start Final Netlist Cleanup
---------------------------------------------------------------------------------
---------------------------------------------------------------------------------
Finished Final Netlist Cleanup
---------------------------------------------------------------------------------
---------------------------------------------------------------------------------
Finished IO Insertion : Time (s): cpu = 00:00:10 ; elapsed = 00:00:10 . Memory (MB): peak = 2677.805 ; gain = 949.508 ; free physical = 15403 ; free virtual = 42611
---------------------------------------------------------------------------------
---------------------------------------------------------------------------------
Start Renaming Generated Instances
---------------------------------------------------------------------------------
---------------------------------------------------------------------------------
Finished Renaming Generated Instances : Time (s): cpu = 00:00:10 ; elapsed = 00:00:10 . Memory (MB): peak = 2677.805 ; gain = 949.508 ; free physical = 15403 ; free virtual = 42611
---------------------------------------------------------------------------------
---------------------------------------------------------------------------------
Start Rebuilding User Hierarchy
---------------------------------------------------------------------------------
---------------------------------------------------------------------------------
Finished Rebuilding User Hierarchy : Time (s): cpu = 00:00:10 ; elapsed = 00:00:10 . Memory (MB): peak = 2677.805 ; gain = 949.508 ; free physical = 15403 ; free virtual = 42611
---------------------------------------------------------------------------------
---------------------------------------------------------------------------------
Start Renaming Generated Ports
---------------------------------------------------------------------------------
---------------------------------------------------------------------------------
Finished Renaming Generated Ports : Time (s): cpu = 00:00:10 ; elapsed = 00:00:11 . Memory (MB): peak = 2677.805 ; gain = 949.508 ; free physical = 15403 ; free virtual = 42611
---------------------------------------------------------------------------------
---------------------------------------------------------------------------------
Start Handling Custom Attributes
---------------------------------------------------------------------------------
---------------------------------------------------------------------------------
Finished Handling Custom Attributes : Time (s): cpu = 00:00:10 ; elapsed = 00:00:11 . Memory (MB): peak = 2677.805 ; gain = 949.508 ; free physical = 15403 ; free virtual = 42611
---------------------------------------------------------------------------------
---------------------------------------------------------------------------------
Start Renaming Generated Nets
---------------------------------------------------------------------------------
---------------------------------------------------------------------------------
Finished Renaming Generated Nets : Time (s): cpu = 00:00:10 ; elapsed = 00:00:11 . Memory (MB): peak = 2677.805 ; gain = 949.508 ; free physical = 15403 ; free virtual = 42611
---------------------------------------------------------------------------------
---------------------------------------------------------------------------------
Start Writing Synthesis Report
---------------------------------------------------------------------------------

Report BlackBoxes: 
+-+--------------+----------+
| |BlackBox name |Instances |
+-+--------------+----------+
+-+--------------+----------+

Report Cell Usage: 
+------+-----+------+
|      |Cell |Count |
+------+-----+------+
|1     |LUT4 |     2|
|2     |LUT6 |     2|
|3     |IBUF |    18|
|4     |OBUF |    26|
+------+-----+------+
---------------------------------------------------------------------------------
Finished Writing Synthesis Report : Time (s): cpu = 00:00:10 ; elapsed = 00:00:11 . Memory (MB): peak = 2677.805 ; gain = 949.508 ; free physical = 15403 ; free virtual = 42611
---------------------------------------------------------------------------------
Synthesis finished with 0 errors, 0 critical warnings and 2 warnings.
Synthesis Optimization Runtime : Time (s): cpu = 00:00:10 ; elapsed = 00:00:10 . Memory (MB): peak = 2677.805 ; gain = 839.734 ; free physical = 15406 ; free virtual = 42613
Synthesis Optimization Complete : Time (s): cpu = 00:00:10 ; elapsed = 00:00:11 . Memory (MB): peak = 2677.812 ; gain = 949.508 ; free physical = 15406 ; free virtual = 42613
INFO: [Project 1-571] Translating synthesized netlist
Netlist sorting complete. Time (s): cpu = 00:00:00 ; elapsed = 00:00:00 . Memory (MB): peak = 2677.812 ; gain = 0.000 ; free physical = 15406 ; free virtual = 42615
INFO: [Project 1-570] Preparing netlist for logic optimization
INFO: [Opt 31-138] Pushed 0 inverter(s) to 0 load pin(s).
Netlist sorting complete. Time (s): cpu = 00:00:00 ; elapsed = 00:00:00 . Memory (MB): peak = 2677.812 ; gain = 0.000 ; free physical = 15561 ; free virtual = 42766
INFO: [Project 1-111] Unisim Transformation Summary:
No Unisim elements were transformed.

Synth Design complete | Checksum: e7b9e468
INFO: [Common 17-83] Releasing license: Synthesis
21 Infos, 6 Warnings, 0 Critical Warnings and 0 Errors encountered.
synth_design completed successfully
synth_design: Time (s): cpu = 00:00:14 ; elapsed = 00:00:13 . Memory (MB): peak = 2677.840 ; gain = 1045.879 ; free physical = 15623 ; free virtual = 42829
INFO: [Common 17-2834] synth_design peak Physical Memory [PSS] (MB): overall = 1974.305; main = 1800.812; forked = 280.255
INFO: [Common 17-2834] synth_design peak Virtual Memory [VSS] (MB): overall = 3634.094; main = 2677.809; forked = 1024.098
Write ShapeDB Complete: Time (s): cpu = 00:00:00 ; elapsed = 00:00:00 . Memory (MB): peak = 2701.816 ; gain = 0.000 ; free physical = 15623 ; free virtual = 42829
INFO: [Common 17-1381] The checkpoint '/home/randomguy/Documents/School/TT/Vivado/BCDConverter/BCDConverter.runs/synth_1/BCDConverter.dcp' has been generated.
INFO: [Vivado 12-24828] Executing command : report_utilization -file BCDConverter_utilization_synth.rpt -pb BCDConverter_utilization_synth.pb
INFO: [Common 17-206] Exiting Vivado at Thu May 14 14:46:41 2026...
