#-----------------------------------------------------------
# Vivado v2025.2 (64-bit)
# SW Build 6299465 on Fri Nov 14 12:34:56 MST 2025
# IP Build 6300035 on Fri Nov 14 10:48:45 MST 2025
# SharedData Build 6298862 on Thu Nov 13 04:50:51 MST 2025
# Start of session at: Thu May 14 14:46:27 2026
# Process ID         : 5481
# Current directory  : /home/randomguy/Documents/School/TT/Vivado/BCDConverter/BCDConverter.runs/synth_1
# Command line       : vivado -log BCDConverter.vds -product Vivado -mode batch -messageDb vivado.pb -notrace -source BCDConverter.tcl
# Log file           : /home/randomguy/Documents/School/TT/Vivado/BCDConverter/BCDConverter.runs/synth_1/BCDConverter.vds
# Journal file       : /home/randomguy/Documents/School/TT/Vivado/BCDConverter/BCDConverter.runs/synth_1/vivado.jou
# Running On         : pop-os
# Platform           : Pop
# Operating System   : Pop!_OS 22.04 LTS
# Processor Detail   : AMD Ryzen 5 9600X 6-Core Processor
# CPU Frequency      : 5423.606 MHz
# CPU Physical cores : 6
# CPU Logical cores  : 12
# Host memory        : 32679 MB
# Swap memory        : 21474 MB
# Total Virtual      : 54153 MB
# Available Virtual  : 46522 MB
#-----------------------------------------------------------
source BCDConverter.tcl -notrace
