
*** Running vivado
    with args -log MemDatos.vds -m64 -product Vivado -mode batch -messageDb vivado.pb -notrace -source MemDatos.tcl


****** Vivado v2025.2 (64-bit)
  **** SW Build 6299465 on Fri Nov 14 12:34:56 MST 2025
  **** IP Build 6300035 on Fri Nov 14 10:48:45 MST 2025
  **** SharedData Build 6298862 on Thu Nov 13 04:50:51 MST 2025
  **** Start of session at: Thu Apr  9 14:24:23 2026
    ** Copyright 1986-2022 Xilinx, Inc. All Rights Reserved.
    ** Copyright 2022-2025 Advanced Micro Devices, Inc. All Rights Reserved.

source MemDatos.tcl -notrace
Command: read_checkpoint -auto_incremental -incremental /home/randomguy/Documents/School/TT/Vivado/MemoriaDatos/MemoriaDatos.srcs/utils_1/imports/synth_1/MemDatos.dcp
INFO: [Vivado 12-5825] Read reference checkpoint from /home/randomguy/Documents/School/TT/Vivado/MemoriaDatos/MemoriaDatos.srcs/utils_1/imports/synth_1/MemDatos.dcp for incremental synthesis
INFO: [Vivado 12-7989] Please ensure there are no constraint changes
Command: synth_design -top MemDatos -part xc7a100tcsg324-2
Starting synth_design
Attempting to get a license for feature 'Synthesis' and/or device 'xc7a100t'
INFO: [Common 17-349] Got license for feature 'Synthesis' and/or device 'xc7a100t'
INFO: [Device 21-403] Loading part xc7a100tcsg324-2
INFO: [Designutils 20-5440] No compile time benefit to using incremental synthesis; A full resynthesis will be run
INFO: [Designutils 20-4379] Flow is switching to default flow due to incremental criteria not met. If you would like to alter this behaviour and have the flow terminate instead, please set the following parameter config_implementation {autoIncr.Synth.RejectBehavior Terminate}
INFO: [Synth 8-7079] Multithreading enabled for synth_design using a maximum of 7 processes.
INFO: [Synth 8-7078] Launching helper process for spawning children vivado processes
INFO: [Synth 8-7075] Helper process launched with PID 10625
---------------------------------------------------------------------------------
Starting RTL Elaboration : Time (s): cpu = 00:00:02 ; elapsed = 00:00:02 . Memory (MB): peak = 2211.875 ; gain = 482.188 ; free physical = 15441 ; free virtual = 42558
---------------------------------------------------------------------------------
INFO: [Synth 8-638] synthesizing module 'MemDatos' [/home/randomguy/Documents/School/TT/Vivado/MemoriaDatos/MemoriaDatos.srcs/sources_1/new/MemDatos.vhd:13]
INFO: [Synth 8-256] done synthesizing module 'MemDatos' (0#1) [/home/randomguy/Documents/School/TT/Vivado/MemoriaDatos/MemoriaDatos.srcs/sources_1/new/MemDatos.vhd:13]
---------------------------------------------------------------------------------
Finished RTL Elaboration : Time (s): cpu = 00:00:02 ; elapsed = 00:00:03 . Memory (MB): peak = 2296.844 ; gain = 567.156 ; free physical = 15338 ; free virtual = 42457
---------------------------------------------------------------------------------
---------------------------------------------------------------------------------
Start Handling Custom Attributes
---------------------------------------------------------------------------------
---------------------------------------------------------------------------------
Finished Handling Custom Attributes : Time (s): cpu = 00:00:02 ; elapsed = 00:00:03 . Memory (MB): peak = 2311.688 ; gain = 582.000 ; free physical = 15338 ; free virtual = 42457
---------------------------------------------------------------------------------
---------------------------------------------------------------------------------
Finished RTL Optimization Phase 1 : Time (s): cpu = 00:00:02 ; elapsed = 00:00:03 . Memory (MB): peak = 2311.688 ; gain = 582.000 ; free physical = 15338 ; free virtual = 42457
---------------------------------------------------------------------------------
Netlist sorting complete. Time (s): cpu = 00:00:00 ; elapsed = 00:00:00 . Memory (MB): peak = 2311.688 ; gain = 0.000 ; free physical = 15338 ; free virtual = 42457
INFO: [Project 1-570] Preparing netlist for logic optimization

Processing XDC Constraints
Initializing timing engine
Parsing XDC File [/home/randomguy/Documents/School/TT/Vivado/MemoriaDatos/MemoriaDatos.srcs/constrs_1/new/ArchRestricciones_MemDatos.xdc]
WARNING: [Vivado 12-584] No ports matched 'WD3[6]'. [/home/randomguy/Documents/School/TT/Vivado/MemoriaDatos/MemoriaDatos.srcs/constrs_1/new/ArchRestricciones_MemDatos.xdc:85]
CRITICAL WARNING: [Common 17-55] 'set_property' expects at least one object. [/home/randomguy/Documents/School/TT/Vivado/MemoriaDatos/MemoriaDatos.srcs/constrs_1/new/ArchRestricciones_MemDatos.xdc:85]
Resolution: If [get_<value>] was used to populate the object, check to make sure this command returns at least one valid object.
WARNING: [Vivado 12-584] No ports matched 'WD3[7]'. [/home/randomguy/Documents/School/TT/Vivado/MemoriaDatos/MemoriaDatos.srcs/constrs_1/new/ArchRestricciones_MemDatos.xdc:86]
CRITICAL WARNING: [Common 17-55] 'set_property' expects at least one object. [/home/randomguy/Documents/School/TT/Vivado/MemoriaDatos/MemoriaDatos.srcs/constrs_1/new/ArchRestricciones_MemDatos.xdc:86]
Resolution: If [get_<value>] was used to populate the object, check to make sure this command returns at least one valid object.
Finished Parsing XDC File [/home/randomguy/Documents/School/TT/Vivado/MemoriaDatos/MemoriaDatos.srcs/constrs_1/new/ArchRestricciones_MemDatos.xdc]
INFO: [Project 1-236] Implementation specific constraints were found while reading constraint file [/home/randomguy/Documents/School/TT/Vivado/MemoriaDatos/MemoriaDatos.srcs/constrs_1/new/ArchRestricciones_MemDatos.xdc]. These constraints will be ignored for synthesis but will be used in implementation. Impacted constraints are listed in the file [.Xil/MemDatos_propImpl.xdc].
Resolution: To avoid this warning, move constraints listed in [.Xil/MemDatos_propImpl.xdc] to another XDC file and exclude this new file from synthesis with the used_in_synthesis property (File Properties dialog in GUI) and re-run elaboration/synthesis.
Completed Processing XDC Constraints

Netlist sorting complete. Time (s): cpu = 00:00:00 ; elapsed = 00:00:00 . Memory (MB): peak = 2369.520 ; gain = 0.000 ; free physical = 15313 ; free virtual = 42447
INFO: [Project 1-111] Unisim Transformation Summary:
No Unisim elements were transformed.

Constraint Validation Runtime : Time (s): cpu = 00:00:00 ; elapsed = 00:00:00.01 . Memory (MB): peak = 2369.555 ; gain = 0.000 ; free physical = 15313 ; free virtual = 42447
INFO: [Designutils 20-5440] No compile time benefit to using incremental synthesis; A full resynthesis will be run
INFO: [Designutils 20-4379] Flow is switching to default flow due to incremental criteria not met. If you would like to alter this behaviour and have the flow terminate instead, please set the following parameter config_implementation {autoIncr.Synth.RejectBehavior Terminate}
---------------------------------------------------------------------------------
Finished Constraint Validation : Time (s): cpu = 00:00:05 ; elapsed = 00:00:06 . Memory (MB): peak = 2369.555 ; gain = 639.867 ; free physical = 15323 ; free virtual = 42458
---------------------------------------------------------------------------------
---------------------------------------------------------------------------------
Start Loading Part and Timing Information
---------------------------------------------------------------------------------
Loading part: xc7a100tcsg324-2
---------------------------------------------------------------------------------
Finished Loading Part and Timing Information : Time (s): cpu = 00:00:05 ; elapsed = 00:00:06 . Memory (MB): peak = 2377.523 ; gain = 647.836 ; free physical = 15323 ; free virtual = 42458
---------------------------------------------------------------------------------
---------------------------------------------------------------------------------
Start Applying 'set_property' XDC Constraints
---------------------------------------------------------------------------------
---------------------------------------------------------------------------------
Finished applying 'set_property' XDC Constraints : Time (s): cpu = 00:00:05 ; elapsed = 00:00:06 . Memory (MB): peak = 2377.523 ; gain = 647.836 ; free physical = 15323 ; free virtual = 42458
---------------------------------------------------------------------------------
---------------------------------------------------------------------------------
Finished RTL Optimization Phase 2 : Time (s): cpu = 00:00:05 ; elapsed = 00:00:06 . Memory (MB): peak = 2377.523 ; gain = 647.836 ; free physical = 15323 ; free virtual = 42459
---------------------------------------------------------------------------------
---------------------------------------------------------------------------------
Start RTL Component Statistics 
---------------------------------------------------------------------------------
Detailed RTL Component Info : 
+---Registers : 
	                8 Bit    Registers := 1     
+---RAMs : 
	               2K Bit	(256 X 8 bit)          RAMs := 1     
---------------------------------------------------------------------------------
Finished RTL Component Statistics 
---------------------------------------------------------------------------------
---------------------------------------------------------------------------------
Start Part Resource Summary
---------------------------------------------------------------------------------
Part Resources:
DSPs: 240 (col length:80)
BRAMs: 270 (col length: RAMB18 80 RAMB36 40)
---------------------------------------------------------------------------------
Finished Part Resource Summary
---------------------------------------------------------------------------------
---------------------------------------------------------------------------------
Start Cross Boundary and Area Optimization
---------------------------------------------------------------------------------
---------------------------------------------------------------------------------
Finished Cross Boundary and Area Optimization : Time (s): cpu = 00:00:06 ; elapsed = 00:00:06 . Memory (MB): peak = 2377.523 ; gain = 647.836 ; free physical = 15331 ; free virtual = 42471
---------------------------------------------------------------------------------
---------------------------------------------------------------------------------
Start ROM, RAM, DSP, Shift Register and Retiming Reporting
---------------------------------------------------------------------------------

Block RAM: Preliminary Mapping Report (see note below)
+------------+-------------+------------------------+---+---+------------------------+---+---+------------------+--------+--------+
|Module Name | RTL Object  | PORT A (Depth x Width) | W | R | PORT B (Depth x Width) | W | R | Ports driving FF | RAMB18 | RAMB36 | 
+------------+-------------+------------------------+---+---+------------------------+---+---+------------------+--------+--------+
|MemDatos    | MEMORIA_reg | 256 x 8(NO_CHANGE)     | W | R |                        |   |   | Port A           | 1      | 0      | 
+------------+-------------+------------------------+---+---+------------------------+---+---+------------------+--------+--------+

Note: The table above is a preliminary report that shows the Block RAMs at the current stage of the synthesis flow. Some Block RAMs may be reimplemented as non Block RAM primitives later in the synthesis flow. Multiple instantiated Block RAMs are reported only once. 
---------------------------------------------------------------------------------
Finished ROM, RAM, DSP, Shift Register and Retiming Reporting
---------------------------------------------------------------------------------
---------------------------------------------------------------------------------
Start Applying XDC Timing Constraints
---------------------------------------------------------------------------------
---------------------------------------------------------------------------------
Finished Applying XDC Timing Constraints : Time (s): cpu = 00:00:08 ; elapsed = 00:00:09 . Memory (MB): peak = 2482.523 ; gain = 752.836 ; free physical = 15332 ; free virtual = 42479
---------------------------------------------------------------------------------
---------------------------------------------------------------------------------
Start Timing Optimization
---------------------------------------------------------------------------------
---------------------------------------------------------------------------------
Finished Timing Optimization : Time (s): cpu = 00:00:08 ; elapsed = 00:00:09 . Memory (MB): peak = 2482.523 ; gain = 752.836 ; free physical = 15332 ; free virtual = 42479
---------------------------------------------------------------------------------
---------------------------------------------------------------------------------
Start ROM, RAM, DSP, Shift Register and Retiming Reporting
---------------------------------------------------------------------------------

Block RAM: Final Mapping Report
+------------+-------------+------------------------+---+---+------------------------+---+---+------------------+--------+--------+
|Module Name | RTL Object  | PORT A (Depth x Width) | W | R | PORT B (Depth x Width) | W | R | Ports driving FF | RAMB18 | RAMB36 | 
+------------+-------------+------------------------+---+---+------------------------+---+---+------------------+--------+--------+
|MemDatos    | MEMORIA_reg | 256 x 8(NO_CHANGE)     | W | R |                        |   |   | Port A           | 1      | 0      | 
+------------+-------------+------------------------+---+---+------------------------+---+---+------------------+--------+--------+

---------------------------------------------------------------------------------
Finished ROM, RAM, DSP, Shift Register and Retiming Reporting
---------------------------------------------------------------------------------
---------------------------------------------------------------------------------
Start Technology Mapping
---------------------------------------------------------------------------------
INFO: [Synth 8-7052] The timing for the instance MEMORIA_reg (implemented as a Block RAM) might be sub-optimal as no optional output register could be merged into the ram block. Providing additional output register may help in improving timing.
---------------------------------------------------------------------------------
Finished Technology Mapping : Time (s): cpu = 00:00:08 ; elapsed = 00:00:09 . Memory (MB): peak = 2492.539 ; gain = 762.852 ; free physical = 15324 ; free virtual = 42472
---------------------------------------------------------------------------------
---------------------------------------------------------------------------------
Start IO Insertion
---------------------------------------------------------------------------------
---------------------------------------------------------------------------------
Start Flattening Before IO Insertion
---------------------------------------------------------------------------------
---------------------------------------------------------------------------------
Finished Flattening Before IO Insertion
---------------------------------------------------------------------------------
---------------------------------------------------------------------------------
Start Final Netlist Cleanup
---------------------------------------------------------------------------------
---------------------------------------------------------------------------------
Finished Final Netlist Cleanup
---------------------------------------------------------------------------------
---------------------------------------------------------------------------------
Finished IO Insertion : Time (s): cpu = 00:00:10 ; elapsed = 00:00:10 . Memory (MB): peak = 2679.352 ; gain = 949.664 ; free physical = 15151 ; free virtual = 42298
---------------------------------------------------------------------------------
---------------------------------------------------------------------------------
Start Renaming Generated Instances
---------------------------------------------------------------------------------
---------------------------------------------------------------------------------
Finished Renaming Generated Instances : Time (s): cpu = 00:00:10 ; elapsed = 00:00:10 . Memory (MB): peak = 2679.352 ; gain = 949.664 ; free physical = 15151 ; free virtual = 42298
---------------------------------------------------------------------------------
---------------------------------------------------------------------------------
Start Rebuilding User Hierarchy
---------------------------------------------------------------------------------
---------------------------------------------------------------------------------
Finished Rebuilding User Hierarchy : Time (s): cpu = 00:00:10 ; elapsed = 00:00:10 . Memory (MB): peak = 2679.352 ; gain = 949.664 ; free physical = 15151 ; free virtual = 42298
---------------------------------------------------------------------------------
---------------------------------------------------------------------------------
Start Renaming Generated Ports
---------------------------------------------------------------------------------
---------------------------------------------------------------------------------
Finished Renaming Generated Ports : Time (s): cpu = 00:00:10 ; elapsed = 00:00:10 . Memory (MB): peak = 2679.352 ; gain = 949.664 ; free physical = 15151 ; free virtual = 42298
---------------------------------------------------------------------------------
---------------------------------------------------------------------------------
Start Handling Custom Attributes
---------------------------------------------------------------------------------
---------------------------------------------------------------------------------
Finished Handling Custom Attributes : Time (s): cpu = 00:00:10 ; elapsed = 00:00:10 . Memory (MB): peak = 2682.320 ; gain = 952.633 ; free physical = 15151 ; free virtual = 42298
---------------------------------------------------------------------------------
---------------------------------------------------------------------------------
Start Renaming Generated Nets
---------------------------------------------------------------------------------
---------------------------------------------------------------------------------
Finished Renaming Generated Nets : Time (s): cpu = 00:00:10 ; elapsed = 00:00:10 . Memory (MB): peak = 2682.320 ; gain = 952.633 ; free physical = 15151 ; free virtual = 42298
---------------------------------------------------------------------------------
---------------------------------------------------------------------------------
Start Writing Synthesis Report
---------------------------------------------------------------------------------

Report BlackBoxes: 
+-+--------------+----------+
| |BlackBox name |Instances |
+-+--------------+----------+
+-+--------------+----------+

Report Cell Usage: 
+------+---------+------+
|      |Cell     |Count |
+------+---------+------+
|1     |BUFG     |     1|
|2     |RAMB18E1 |     1|
|3     |IBUF     |    18|
|4     |OBUF     |     8|
+------+---------+------+
---------------------------------------------------------------------------------
Finished Writing Synthesis Report : Time (s): cpu = 00:00:10 ; elapsed = 00:00:10 . Memory (MB): peak = 2682.320 ; gain = 952.633 ; free physical = 15151 ; free virtual = 42298
---------------------------------------------------------------------------------
Synthesis finished with 0 errors, 0 critical warnings and 0 warnings.
Synthesis Optimization Runtime : Time (s): cpu = 00:00:09 ; elapsed = 00:00:09 . Memory (MB): peak = 2682.320 ; gain = 894.766 ; free physical = 15151 ; free virtual = 42298
Synthesis Optimization Complete : Time (s): cpu = 00:00:10 ; elapsed = 00:00:10 . Memory (MB): peak = 2682.328 ; gain = 952.633 ; free physical = 15151 ; free virtual = 42298
INFO: [Project 1-571] Translating synthesized netlist
Netlist sorting complete. Time (s): cpu = 00:00:00 ; elapsed = 00:00:00 . Memory (MB): peak = 2682.328 ; gain = 0.000 ; free physical = 15151 ; free virtual = 42300
INFO: [Netlist 29-17] Analyzing 1 Unisim elements for replacement
INFO: [Netlist 29-28] Unisim Transformation completed in 0 CPU seconds
INFO: [Project 1-570] Preparing netlist for logic optimization
INFO: [Opt 31-138] Pushed 0 inverter(s) to 0 load pin(s).
Netlist sorting complete. Time (s): cpu = 00:00:00 ; elapsed = 00:00:00 . Memory (MB): peak = 2682.328 ; gain = 0.000 ; free physical = 15316 ; free virtual = 42468
INFO: [Project 1-111] Unisim Transformation Summary:
No Unisim elements were transformed.

Synth Design complete | Checksum: ea41b1e7
INFO: [Common 17-83] Releasing license: Synthesis
24 Infos, 2 Warnings, 2 Critical Warnings and 0 Errors encountered.
synth_design completed successfully
synth_design: Time (s): cpu = 00:00:13 ; elapsed = 00:00:12 . Memory (MB): peak = 2682.355 ; gain = 1047.035 ; free physical = 15316 ; free virtual = 42468
INFO: [Common 17-2834] synth_design peak Physical Memory [PSS] (MB): overall = 2010.735; main = 1799.300; forked = 280.239
INFO: [Common 17-2834] synth_design peak Virtual Memory [VSS] (MB): overall = 3672.641; main = 2682.324; forked = 1024.098
INFO: [runtcl-6] Synthesis results are not added to the cache due to CRITICAL_WARNING
Write ShapeDB Complete: Time (s): cpu = 00:00:00 ; elapsed = 00:00:00 . Memory (MB): peak = 2706.332 ; gain = 0.000 ; free physical = 15316 ; free virtual = 42468
INFO: [Common 17-1381] The checkpoint '/home/randomguy/Documents/School/TT/Vivado/MemoriaDatos/MemoriaDatos.runs/synth_1/MemDatos.dcp' has been generated.
INFO: [Vivado 12-24828] Executing command : report_utilization -file MemDatos_utilization_synth.rpt -pb MemDatos_utilization_synth.pb
INFO: [Common 17-206] Exiting Vivado at Thu Apr  9 14:24:38 2026...
