Copyright 1986-2022 Xilinx, Inc. All Rights Reserved. Copyright 2022-2025 Advanced Micro Devices, Inc. All Rights Reserved.
---------------------------------------------------------------------------------------------------------------------------------------------------------------------------------------------------------------------------------
| Tool Version : Vivado v.2025.2 (lin64) Build 6299465 Fri Nov 14 12:34:56 MST 2025
| Date         : Sat May 23 20:11:23 2026
| Host         : pop-os running 64-bit Pop!_OS 22.04 LTS
| Command      : report_timing_summary -max_paths 10 -routable_nets -report_unconstrained -file Control_timing_summary_routed.rpt -pb Control_timing_summary_routed.pb -rpx Control_timing_summary_routed.rpx -warn_on_violation
| Design       : Control
| Device       : 7a100t-csg324
| Speed File   : -2  PRODUCTION 1.23 2018-06-13
| Design State : Routed
---------------------------------------------------------------------------------------------------------------------------------------------------------------------------------------------------------------------------------

Timing Summary Report

------------------------------------------------------------------------------------------------
| Timer Settings
| --------------
------------------------------------------------------------------------------------------------

  Enable Multi Corner Analysis               :  Yes
  Enable Pessimism Removal                   :  Yes
  Pessimism Removal Resolution               :  Nearest Common Node
  Enable Input Delay Default Clock           :  No
  Enable Preset / Clear Arcs                 :  No
  Disable Flight Delays                      :  No
  Ignore I/O Paths                           :  No
  Timing Early Launch at Borrowing Latches   :  No
  Borrow Time for Max Delay Exceptions       :  Yes
  Merge Timing Exceptions                    :  Yes
  Inter-SLR Compensation                     :  Conservative

  Corner  Analyze    Analyze    
  Name    Max Paths  Min Paths  
  ------  ---------  ---------  
  Slow    Yes        Yes        
  Fast    Yes        Yes        


------------------------------------------------------------------------------------------------
| Report Methodology
| ------------------
------------------------------------------------------------------------------------------------

No report available as report_methodology has not been run prior. Run report_methodology on the current design for the summary of methodology violations.



check_timing report

Table of Contents
-----------------
1. checking no_clock (0)
2. checking constant_clock (0)
3. checking pulse_width_clock (0)
4. checking unconstrained_internal_endpoints (0)
5. checking no_input_delay (0)
6. checking no_output_delay (0)
7. checking multiple_clock (0)
8. checking generated_clocks (0)
9. checking loops (0)
10. checking partial_input_delay (0)
11. checking partial_output_delay (0)
12. checking latch_loops (0)

1. checking no_clock (0)
------------------------
 There are 0 register/latch pins with no clock.


2. checking constant_clock (0)
------------------------------
 There are 0 register/latch pins with constant_clock.


3. checking pulse_width_clock (0)
---------------------------------
 There are 0 register/latch pins which need pulse_width check


4. checking unconstrained_internal_endpoints (0)
------------------------------------------------
 There are 0 pins that are not constrained for maximum delay.

 There are 0 pins that are not constrained for maximum delay due to constant clock.


5. checking no_input_delay (0)
------------------------------
 There are 0 input ports with no input delay specified.

 There are 0 input ports with no input delay but user has a false path constraint.


6. checking no_output_delay (0)
-------------------------------
 There are 0 ports with no output delay specified.

 There are 0 ports with no output delay but user has a false path constraint

 There are 0 ports with no output delay but with a timing clock defined on it or propagating through it


7. checking multiple_clock (0)
------------------------------
 There are 0 register/latch pins with multiple clocks.


8. checking generated_clocks (0)
--------------------------------
 There are 0 generated clocks that are not connected to a clock source.


9. checking loops (0)
---------------------
 There are 0 combinational loops in the design.


10. checking partial_input_delay (0)
------------------------------------
 There are 0 input ports with partial input delay specified.


11. checking partial_output_delay (0)
-------------------------------------
 There are 0 ports with partial output delay specified.


12. checking latch_loops (0)
----------------------------
 There are 0 combinational latch loops in the design through latch input



------------------------------------------------------------------------------------------------
| Design Timing Summary
| ---------------------
------------------------------------------------------------------------------------------------

    WNS(ns)      TNS(ns)  TNS Failing Endpoints  TNS Total Endpoints      WHS(ns)      THS(ns)  THS Failing Endpoints  THS Total Endpoints     WPWS(ns)     TPWS(ns)  TPWS Failing Endpoints  TPWS Total Endpoints  
    -------      -------  ---------------------  -------------------      -------      -------  ---------------------  -------------------     --------     --------  ----------------------  --------------------  
        inf        0.000                      0                   13          inf        0.000                      0                   13           NA           NA                      NA                    NA  


There are no user specified timing constraints.


------------------------------------------------------------------------------------------------
| Clock Summary
| -------------
------------------------------------------------------------------------------------------------


------------------------------------------------------------------------------------------------
| Intra Clock Table
| -----------------
------------------------------------------------------------------------------------------------

Clock             WNS(ns)      TNS(ns)  TNS Failing Endpoints  TNS Total Endpoints      WHS(ns)      THS(ns)  THS Failing Endpoints  THS Total Endpoints     WPWS(ns)     TPWS(ns)  TPWS Failing Endpoints  TPWS Total Endpoints  
-----             -------      -------  ---------------------  -------------------      -------      -------  ---------------------  -------------------     --------     --------  ----------------------  --------------------  


------------------------------------------------------------------------------------------------
| Inter Clock Table
| -----------------
------------------------------------------------------------------------------------------------

From Clock    To Clock          WNS(ns)      TNS(ns)  TNS Failing Endpoints  TNS Total Endpoints      WHS(ns)      THS(ns)  THS Failing Endpoints  THS Total Endpoints  
----------    --------          -------      -------  ---------------------  -------------------      -------      -------  ---------------------  -------------------  


------------------------------------------------------------------------------------------------
| Other Path Groups Table
| -----------------------
------------------------------------------------------------------------------------------------

Path Group    From Clock    To Clock          WNS(ns)      TNS(ns)  TNS Failing Endpoints  TNS Total Endpoints      WHS(ns)      THS(ns)  THS Failing Endpoints  THS Total Endpoints  
----------    ----------    --------          -------      -------  ---------------------  -------------------      -------      -------  ---------------------  -------------------  


------------------------------------------------------------------------------------------------
| User Ignored Path Table
| -----------------------
------------------------------------------------------------------------------------------------

Path Group    From Clock    To Clock    
----------    ----------    --------    


------------------------------------------------------------------------------------------------
| Unconstrained Path Table
| ------------------------
------------------------------------------------------------------------------------------------

Path Group    From Clock    To Clock    
----------    ----------    --------    
(none)                                    


------------------------------------------------------------------------------------------------
| Timing Details
| --------------
------------------------------------------------------------------------------------------------


--------------------------------------------------------------------------------------
Path Group:  (none)
From Clock:  
  To Clock:  

Max Delay            13 Endpoints
Min Delay            13 Endpoints
--------------------------------------------------------------------------------------


Max Delay Paths
--------------------------------------------------------------------------------------
Slack:                    inf
  Source:                 Funct2[1]
                            (input port)
  Destination:            ALUCtrl[2]
                            (output port)
  Path Group:             (none)
  Path Type:              Max at Slow Process Corner
  Data Path Delay:        10.755ns  (logic 4.925ns (45.791%)  route 5.830ns (54.209%))
  Logic Levels:           4  (IBUF=1 LUT3=1 LUT6=1 OBUF=1)

    Location             Delay type                Incr(ns)  Path(ns)    Netlist Resource(s)
  -------------------------------------------------------------------    -------------------
    D14                                               0.000     0.000 r  Funct2[1] (IN)
                         net (fo=0)                   0.000     0.000    Funct2[1]
    D14                  IBUF (Prop_ibuf_I_O)         1.414     1.414 r  Funct2_IBUF[1]_inst/O
                         net (fo=3, routed)           2.029     3.443    Funct2_IBUF[1]
    SLICE_X0Y111         LUT3 (Prop_lut3_I0_O)        0.105     3.548 f  ALUCtrl_OBUF[2]_inst_i_2/O
                         net (fo=1, routed)           1.297     4.845    ALUCtrl_OBUF[2]_inst_i_2_n_0
    SLICE_X0Y98          LUT6 (Prop_lut6_I0_O)        0.105     4.950 r  ALUCtrl_OBUF[2]_inst_i_1/O
                         net (fo=1, routed)           2.504     7.454    ALUCtrl_OBUF[2]
    U16                  OBUF (Prop_obuf_I_O)         3.301    10.755 r  ALUCtrl_OBUF[2]_inst/O
                         net (fo=0)                   0.000    10.755    ALUCtrl[2]
    U16                                                               r  ALUCtrl[2] (OUT)
  -------------------------------------------------------------------    -------------------

Slack:                    inf
  Source:                 Funct2[1]
                            (input port)
  Destination:            ALUCtrl[1]
                            (output port)
  Path Group:             (none)
  Path Type:              Max at Slow Process Corner
  Data Path Delay:        10.414ns  (logic 5.098ns (48.953%)  route 5.316ns (51.047%))
  Logic Levels:           4  (IBUF=1 LUT3=1 LUT6=1 OBUF=1)

    Location             Delay type                Incr(ns)  Path(ns)    Netlist Resource(s)
  -------------------------------------------------------------------    -------------------
    D14                                               0.000     0.000 f  Funct2[1] (IN)
                         net (fo=0)                   0.000     0.000    Funct2[1]
    D14                  IBUF (Prop_ibuf_I_O)         1.414     1.414 f  Funct2_IBUF[1]_inst/O
                         net (fo=3, routed)           2.029     3.443    Funct2_IBUF[1]
    SLICE_X0Y111         LUT3 (Prop_lut3_I1_O)        0.124     3.567 f  ALUCtrl_OBUF[1]_inst_i_2/O
                         net (fo=1, routed)           0.839     4.406    ALUCtrl_OBUF[1]_inst_i_2_n_0
    SLICE_X0Y104         LUT6 (Prop_lut6_I1_O)        0.267     4.673 r  ALUCtrl_OBUF[1]_inst_i_1/O
                         net (fo=1, routed)           2.448     7.121    ALUCtrl_OBUF[1]
    V16                  OBUF (Prop_obuf_I_O)         3.293    10.414 r  ALUCtrl_OBUF[1]_inst/O
                         net (fo=0)                   0.000    10.414    ALUCtrl[1]
    V16                                                               r  ALUCtrl[1] (OUT)
  -------------------------------------------------------------------    -------------------

Slack:                    inf
  Source:                 Opcode[3]
                            (input port)
  Destination:            PCSrc[1]
                            (output port)
  Path Group:             (none)
  Path Type:              Max at Slow Process Corner
  Data Path Delay:        10.307ns  (logic 4.991ns (48.420%)  route 5.316ns (51.580%))
  Logic Levels:           3  (IBUF=1 LUT5=1 OBUF=1)

    Location             Delay type                Incr(ns)  Path(ns)    Netlist Resource(s)
  -------------------------------------------------------------------    -------------------
    G13                                               0.000     0.000 r  Opcode[3] (IN)
                         net (fo=0)                   0.000     0.000    Opcode[3]
    G13                  IBUF (Prop_ibuf_I_O)         1.406     1.406 r  Opcode_IBUF[3]_inst/O
                         net (fo=12, routed)          3.033     4.438    Opcode_IBUF[3]
    SLICE_X0Y85          LUT5 (Prop_lut5_I2_O)        0.115     4.553 r  WriteSel_OBUF_inst_i_1/O
                         net (fo=2, routed)           2.284     6.837    PCSrc_OBUF[1]
    V14                  OBUF (Prop_obuf_I_O)         3.470    10.307 r  PCSrc_OBUF[1]_inst/O
                         net (fo=0)                   0.000    10.307    PCSrc[1]
    V14                                                               r  PCSrc[1] (OUT)
  -------------------------------------------------------------------    -------------------

Slack:                    inf
  Source:                 Funct2[1]
                            (input port)
  Destination:            ALUCtrl[0]
                            (output port)
  Path Group:             (none)
  Path Type:              Max at Slow Process Corner
  Data Path Delay:        10.051ns  (logic 4.924ns (48.989%)  route 5.127ns (51.011%))
  Logic Levels:           4  (IBUF=1 LUT2=1 LUT6=1 OBUF=1)

    Location             Delay type                Incr(ns)  Path(ns)    Netlist Resource(s)
  -------------------------------------------------------------------    -------------------
    D14                                               0.000     0.000 f  Funct2[1] (IN)
                         net (fo=0)                   0.000     0.000    Funct2[1]
    D14                  IBUF (Prop_ibuf_I_O)         1.414     1.414 f  Funct2_IBUF[1]_inst/O
                         net (fo=3, routed)           2.180     3.594    Funct2_IBUF[1]
    SLICE_X0Y111         LUT2 (Prop_lut2_I0_O)        0.105     3.699 f  RegWrite_OBUF_inst_i_2/O
                         net (fo=2, routed)           0.767     4.466    RegWrite_OBUF_inst_i_2_n_0
    SLICE_X0Y104         LUT6 (Prop_lut6_I0_O)        0.105     4.571 r  ALUCtrl_OBUF[0]_inst_i_1/O
                         net (fo=1, routed)           2.180     6.751    ALUCtrl_OBUF[0]
    T15                  OBUF (Prop_obuf_I_O)         3.300    10.051 r  ALUCtrl_OBUF[0]_inst/O
                         net (fo=0)                   0.000    10.051    ALUCtrl[0]
    T15                                                               r  ALUCtrl[0] (OUT)
  -------------------------------------------------------------------    -------------------

Slack:                    inf
  Source:                 Opcode[3]
                            (input port)
  Destination:            ImmSrc[2]
                            (output port)
  Path Group:             (none)
  Path Type:              Max at Slow Process Corner
  Data Path Delay:        9.961ns  (logic 4.809ns (48.275%)  route 5.153ns (51.725%))
  Logic Levels:           3  (IBUF=1 LUT5=1 OBUF=1)

    Location             Delay type                Incr(ns)  Path(ns)    Netlist Resource(s)
  -------------------------------------------------------------------    -------------------
    G13                                               0.000     0.000 r  Opcode[3] (IN)
                         net (fo=0)                   0.000     0.000    Opcode[3]
    G13                  IBUF (Prop_ibuf_I_O)         1.406     1.406 r  Opcode_IBUF[3]_inst/O
                         net (fo=12, routed)          3.033     4.438    Opcode_IBUF[3]
    SLICE_X0Y85          LUT5 (Prop_lut5_I4_O)        0.105     4.543 r  ImmSrc_OBUF[2]_inst_i_1/O
                         net (fo=1, routed)           2.120     6.663    ImmSrc_OBUF[2]
    U14                  OBUF (Prop_obuf_I_O)         3.298     9.961 r  ImmSrc_OBUF[2]_inst/O
                         net (fo=0)                   0.000     9.961    ImmSrc[2]
    U14                                                               r  ImmSrc[2] (OUT)
  -------------------------------------------------------------------    -------------------

Slack:                    inf
  Source:                 Opcode[3]
                            (input port)
  Destination:            ALUSrc
                            (output port)
  Path Group:             (none)
  Path Type:              Max at Slow Process Corner
  Data Path Delay:        9.940ns  (logic 4.983ns (50.134%)  route 4.957ns (49.866%))
  Logic Levels:           3  (IBUF=1 LUT5=1 OBUF=1)

    Location             Delay type                Incr(ns)  Path(ns)    Netlist Resource(s)
  -------------------------------------------------------------------    -------------------
    G13                                               0.000     0.000 r  Opcode[3] (IN)
                         net (fo=0)                   0.000     0.000    Opcode[3]
    G13                  IBUF (Prop_ibuf_I_O)         1.406     1.406 r  Opcode_IBUF[3]_inst/O
                         net (fo=12, routed)          3.026     4.432    Opcode_IBUF[3]
    SLICE_X0Y85          LUT5 (Prop_lut5_I2_O)        0.115     4.547 r  ALUSrc_OBUF_inst_i_1/O
                         net (fo=1, routed)           1.930     6.478    ALUSrc_OBUF
    U17                  OBUF (Prop_obuf_I_O)         3.463     9.940 r  ALUSrc_OBUF_inst/O
                         net (fo=0)                   0.000     9.940    ALUSrc
    U17                                                               r  ALUSrc (OUT)
  -------------------------------------------------------------------    -------------------

Slack:                    inf
  Source:                 Opcode[3]
                            (input port)
  Destination:            PCSrc[0]
                            (output port)
  Path Group:             (none)
  Path Type:              Max at Slow Process Corner
  Data Path Delay:        9.902ns  (logic 4.827ns (48.743%)  route 5.076ns (51.257%))
  Logic Levels:           3  (IBUF=1 LUT6=1 OBUF=1)

    Location             Delay type                Incr(ns)  Path(ns)    Netlist Resource(s)
  -------------------------------------------------------------------    -------------------
    G13                                               0.000     0.000 f  Opcode[3] (IN)
                         net (fo=0)                   0.000     0.000    Opcode[3]
    G13                  IBUF (Prop_ibuf_I_O)         1.406     1.406 f  Opcode_IBUF[3]_inst/O
                         net (fo=12, routed)          2.302     3.707    Opcode_IBUF[3]
    SLICE_X0Y104         LUT6 (Prop_lut6_I2_O)        0.105     3.812 r  PCSrc_OBUF[0]_inst_i_1/O
                         net (fo=1, routed)           2.774     6.586    PCSrc_OBUF[0]
    V12                  OBUF (Prop_obuf_I_O)         3.316     9.902 r  PCSrc_OBUF[0]_inst/O
                         net (fo=0)                   0.000     9.902    PCSrc[0]
    V12                                                               r  PCSrc[0] (OUT)
  -------------------------------------------------------------------    -------------------

Slack:                    inf
  Source:                 Opcode[3]
                            (input port)
  Destination:            WriteSel
                            (output port)
  Path Group:             (none)
  Path Type:              Max at Slow Process Corner
  Data Path Delay:        9.895ns  (logic 4.972ns (50.243%)  route 4.924ns (49.757%))
  Logic Levels:           3  (IBUF=1 LUT5=1 OBUF=1)

    Location             Delay type                Incr(ns)  Path(ns)    Netlist Resource(s)
  -------------------------------------------------------------------    -------------------
    G13                                               0.000     0.000 r  Opcode[3] (IN)
                         net (fo=0)                   0.000     0.000    Opcode[3]
    G13                  IBUF (Prop_ibuf_I_O)         1.406     1.406 r  Opcode_IBUF[3]_inst/O
                         net (fo=12, routed)          3.033     4.438    Opcode_IBUF[3]
    SLICE_X0Y85          LUT5 (Prop_lut5_I2_O)        0.115     4.553 r  WriteSel_OBUF_inst_i_1/O
                         net (fo=2, routed)           1.891     6.444    PCSrc_OBUF[1]
    K15                  OBUF (Prop_obuf_I_O)         3.451     9.895 r  WriteSel_OBUF_inst/O
                         net (fo=0)                   0.000     9.895    WriteSel
    K15                                                               r  WriteSel (OUT)
  -------------------------------------------------------------------    -------------------

Slack:                    inf
  Source:                 Opcode[3]
                            (input port)
  Destination:            MemWrite
                            (output port)
  Path Group:             (none)
  Path Type:              Max at Slow Process Corner
  Data Path Delay:        9.759ns  (logic 4.808ns (49.268%)  route 4.951ns (50.732%))
  Logic Levels:           3  (IBUF=1 LUT5=1 OBUF=1)

    Location             Delay type                Incr(ns)  Path(ns)    Netlist Resource(s)
  -------------------------------------------------------------------    -------------------
    G13                                               0.000     0.000 f  Opcode[3] (IN)
                         net (fo=0)                   0.000     0.000    Opcode[3]
    G13                  IBUF (Prop_ibuf_I_O)         1.406     1.406 f  Opcode_IBUF[3]_inst/O
                         net (fo=12, routed)          2.988     4.394    Opcode_IBUF[3]
    SLICE_X0Y85          LUT5 (Prop_lut5_I2_O)        0.105     4.499 r  MemWrite_OBUF_inst_i_1/O
                         net (fo=1, routed)           1.963     6.462    MemWrite_OBUF
    V17                  OBUF (Prop_obuf_I_O)         3.297     9.759 r  MemWrite_OBUF_inst/O
                         net (fo=0)                   0.000     9.759    MemWrite
    V17                                                               r  MemWrite (OUT)
  -------------------------------------------------------------------    -------------------

Slack:                    inf
  Source:                 Opcode[3]
                            (input port)
  Destination:            ImmSrc[1]
                            (output port)
  Path Group:             (none)
  Path Type:              Max at Slow Process Corner
  Data Path Delay:        9.717ns  (logic 4.788ns (49.272%)  route 4.929ns (50.728%))
  Logic Levels:           3  (IBUF=1 LUT5=1 OBUF=1)

    Location             Delay type                Incr(ns)  Path(ns)    Netlist Resource(s)
  -------------------------------------------------------------------    -------------------
    G13                                               0.000     0.000 f  Opcode[3] (IN)
                         net (fo=0)                   0.000     0.000    Opcode[3]
    G13                  IBUF (Prop_ibuf_I_O)         1.406     1.406 f  Opcode_IBUF[3]_inst/O
                         net (fo=12, routed)          3.026     4.432    Opcode_IBUF[3]
    SLICE_X0Y85          LUT5 (Prop_lut5_I0_O)        0.105     4.537 r  ImmSrc_OBUF[1]_inst_i_1/O
                         net (fo=1, routed)           1.903     6.440    ImmSrc_OBUF[1]
    T16                  OBUF (Prop_obuf_I_O)         3.277     9.717 r  ImmSrc_OBUF[1]_inst/O
                         net (fo=0)                   0.000     9.717    ImmSrc[1]
    T16                                                               r  ImmSrc[1] (OUT)
  -------------------------------------------------------------------    -------------------





Min Delay Paths
--------------------------------------------------------------------------------------
Slack:                    inf
  Source:                 Opcode[2]
                            (input port)
  Destination:            RegWrite
                            (output port)
  Path Group:             (none)
  Path Type:              Min at Fast Process Corner
  Data Path Delay:        2.389ns  (logic 1.494ns (62.560%)  route 0.894ns (37.440%))
  Logic Levels:           3  (IBUF=1 LUT6=1 OBUF=1)

    Location             Delay type                Incr(ns)  Path(ns)    Netlist Resource(s)
  -------------------------------------------------------------------    -------------------
    G16                                               0.000     0.000 r  Opcode[2] (IN)
                         net (fo=0)                   0.000     0.000    Opcode[2]
    G16                  IBUF (Prop_ibuf_I_O)         0.228     0.228 r  Opcode_IBUF[2]_inst/O
                         net (fo=12, routed)          0.512     0.740    Opcode_IBUF[2]
    SLICE_X0Y111         LUT6 (Prop_lut6_I2_O)        0.045     0.785 r  RegWrite_OBUF_inst_i_1/O
                         net (fo=1, routed)           0.382     1.167    RegWrite_OBUF
    H17                  OBUF (Prop_obuf_I_O)         1.221     2.389 r  RegWrite_OBUF_inst/O
                         net (fo=0)                   0.000     2.389    RegWrite
    H17                                                               r  RegWrite (OUT)
  -------------------------------------------------------------------    -------------------

Slack:                    inf
  Source:                 Funct1
                            (input port)
  Destination:            ALUCtrl[0]
                            (output port)
  Path Group:             (none)
  Path Type:              Min at Fast Process Corner
  Data Path Delay:        2.960ns  (logic 1.535ns (51.866%)  route 1.425ns (48.134%))
  Logic Levels:           3  (IBUF=1 LUT6=1 OBUF=1)

    Location             Delay type                Incr(ns)  Path(ns)    Netlist Resource(s)
  -------------------------------------------------------------------    -------------------
    F16                                               0.000     0.000 r  Funct1 (IN)
                         net (fo=0)                   0.000     0.000    Funct1
    F16                  IBUF (Prop_ibuf_I_O)         0.235     0.235 r  Funct1_IBUF_inst/O
                         net (fo=13, routed)          0.695     0.930    Funct1_IBUF
    SLICE_X0Y104         LUT6 (Prop_lut6_I1_O)        0.045     0.975 r  ALUCtrl_OBUF[0]_inst_i_1/O
                         net (fo=1, routed)           0.729     1.705    ALUCtrl_OBUF[0]
    T15                  OBUF (Prop_obuf_I_O)         1.255     2.960 r  ALUCtrl_OBUF[0]_inst/O
                         net (fo=0)                   0.000     2.960    ALUCtrl[0]
    T15                                                               r  ALUCtrl[0] (OUT)
  -------------------------------------------------------------------    -------------------

Slack:                    inf
  Source:                 Funct1
                            (input port)
  Destination:            ResultSrc
                            (output port)
  Path Group:             (none)
  Path Type:              Min at Fast Process Corner
  Data Path Delay:        2.982ns  (logic 1.597ns (53.545%)  route 1.385ns (46.455%))
  Logic Levels:           3  (IBUF=1 LUT5=1 OBUF=1)

    Location             Delay type                Incr(ns)  Path(ns)    Netlist Resource(s)
  -------------------------------------------------------------------    -------------------
    F16                                               0.000     0.000 r  Funct1 (IN)
                         net (fo=0)                   0.000     0.000    Funct1
    F16                  IBUF (Prop_ibuf_I_O)         0.235     0.235 r  Funct1_IBUF_inst/O
                         net (fo=13, routed)          1.070     1.305    Funct1_IBUF
    SLICE_X0Y85          LUT5 (Prop_lut5_I2_O)        0.044     1.349 r  ResultSrc_OBUF_inst_i_1/O
                         net (fo=1, routed)           0.315     1.664    ResultSrc_OBUF
    R18                  OBUF (Prop_obuf_I_O)         1.317     2.982 r  ResultSrc_OBUF_inst/O
                         net (fo=0)                   0.000     2.982    ResultSrc
    R18                                                               r  ResultSrc (OUT)
  -------------------------------------------------------------------    -------------------

Slack:                    inf
  Source:                 Funct1
                            (input port)
  Destination:            ALUCtrl[1]
                            (output port)
  Path Group:             (none)
  Path Type:              Min at Fast Process Corner
  Data Path Delay:        3.091ns  (logic 1.528ns (49.454%)  route 1.562ns (50.546%))
  Logic Levels:           3  (IBUF=1 LUT6=1 OBUF=1)

    Location             Delay type                Incr(ns)  Path(ns)    Netlist Resource(s)
  -------------------------------------------------------------------    -------------------
    F16                                               0.000     0.000 r  Funct1 (IN)
                         net (fo=0)                   0.000     0.000    Funct1
    F16                  IBUF (Prop_ibuf_I_O)         0.235     0.235 r  Funct1_IBUF_inst/O
                         net (fo=13, routed)          0.690     0.925    Funct1_IBUF
    SLICE_X0Y104         LUT6 (Prop_lut6_I0_O)        0.045     0.970 r  ALUCtrl_OBUF[1]_inst_i_1/O
                         net (fo=1, routed)           0.872     1.842    ALUCtrl_OBUF[1]
    V16                  OBUF (Prop_obuf_I_O)         1.248     3.091 r  ALUCtrl_OBUF[1]_inst/O
                         net (fo=0)                   0.000     3.091    ALUCtrl[1]
    V16                                                               r  ALUCtrl[1] (OUT)
  -------------------------------------------------------------------    -------------------

Slack:                    inf
  Source:                 Opcode[1]
                            (input port)
  Destination:            ImmSrc[0]
                            (output port)
  Path Group:             (none)
  Path Type:              Min at Fast Process Corner
  Data Path Delay:        3.103ns  (logic 1.536ns (49.512%)  route 1.567ns (50.488%))
  Logic Levels:           3  (IBUF=1 LUT4=1 OBUF=1)

    Location             Delay type                Incr(ns)  Path(ns)    Netlist Resource(s)
  -------------------------------------------------------------------    -------------------
    H16                                               0.000     0.000 r  Opcode[1] (IN)
                         net (fo=0)                   0.000     0.000    Opcode[1]
    H16                  IBUF (Prop_ibuf_I_O)         0.239     0.239 r  Opcode_IBUF[1]_inst/O
                         net (fo=12, routed)          0.962     1.201    Opcode_IBUF[1]
    SLICE_X0Y85          LUT4 (Prop_lut4_I0_O)        0.045     1.246 r  ImmSrc_OBUF[0]_inst_i_1/O
                         net (fo=1, routed)           0.605     1.851    ImmSrc_OBUF[0]
    V15                  OBUF (Prop_obuf_I_O)         1.252     3.103 r  ImmSrc_OBUF[0]_inst/O
                         net (fo=0)                   0.000     3.103    ImmSrc[0]
    V15                                                               r  ImmSrc[0] (OUT)
  -------------------------------------------------------------------    -------------------

Slack:                    inf
  Source:                 Funct1
                            (input port)
  Destination:            ImmSrc[1]
                            (output port)
  Path Group:             (none)
  Path Type:              Min at Fast Process Corner
  Data Path Delay:        3.113ns  (logic 1.512ns (48.586%)  route 1.600ns (51.414%))
  Logic Levels:           3  (IBUF=1 LUT5=1 OBUF=1)

    Location             Delay type                Incr(ns)  Path(ns)    Netlist Resource(s)
  -------------------------------------------------------------------    -------------------
    F16                                               0.000     0.000 r  Funct1 (IN)
                         net (fo=0)                   0.000     0.000    Funct1
    F16                  IBUF (Prop_ibuf_I_O)         0.235     0.235 r  Funct1_IBUF_inst/O
                         net (fo=13, routed)          1.007     1.242    Funct1_IBUF
    SLICE_X0Y85          LUT5 (Prop_lut5_I3_O)        0.045     1.287 r  ImmSrc_OBUF[1]_inst_i_1/O
                         net (fo=1, routed)           0.594     1.881    ImmSrc_OBUF[1]
    T16                  OBUF (Prop_obuf_I_O)         1.232     3.113 r  ImmSrc_OBUF[1]_inst/O
                         net (fo=0)                   0.000     3.113    ImmSrc[1]
    T16                                                               r  ImmSrc[1] (OUT)
  -------------------------------------------------------------------    -------------------

Slack:                    inf
  Source:                 Opcode[2]
                            (input port)
  Destination:            ALUCtrl[2]
                            (output port)
  Path Group:             (none)
  Path Type:              Min at Fast Process Corner
  Data Path Delay:        3.165ns  (logic 1.529ns (48.303%)  route 1.636ns (51.697%))
  Logic Levels:           3  (IBUF=1 LUT6=1 OBUF=1)

    Location             Delay type                Incr(ns)  Path(ns)    Netlist Resource(s)
  -------------------------------------------------------------------    -------------------
    G16                                               0.000     0.000 r  Opcode[2] (IN)
                         net (fo=0)                   0.000     0.000    Opcode[2]
    G16                  IBUF (Prop_ibuf_I_O)         0.228     0.228 r  Opcode_IBUF[2]_inst/O
                         net (fo=12, routed)          0.752     0.980    Opcode_IBUF[2]
    SLICE_X0Y98          LUT6 (Prop_lut6_I2_O)        0.045     1.025 r  ALUCtrl_OBUF[2]_inst_i_1/O
                         net (fo=1, routed)           0.885     1.909    ALUCtrl_OBUF[2]
    U16                  OBUF (Prop_obuf_I_O)         1.256     3.165 r  ALUCtrl_OBUF[2]_inst/O
                         net (fo=0)                   0.000     3.165    ALUCtrl[2]
    U16                                                               r  ALUCtrl[2] (OUT)
  -------------------------------------------------------------------    -------------------

Slack:                    inf
  Source:                 Funct1
                            (input port)
  Destination:            WriteSel
                            (output port)
  Path Group:             (none)
  Path Type:              Min at Fast Process Corner
  Data Path Delay:        3.177ns  (logic 1.581ns (49.779%)  route 1.595ns (50.221%))
  Logic Levels:           3  (IBUF=1 LUT5=1 OBUF=1)

    Location             Delay type                Incr(ns)  Path(ns)    Netlist Resource(s)
  -------------------------------------------------------------------    -------------------
    F16                                               0.000     0.000 r  Funct1 (IN)
                         net (fo=0)                   0.000     0.000    Funct1
    F16                  IBUF (Prop_ibuf_I_O)         0.235     0.235 r  Funct1_IBUF_inst/O
                         net (fo=13, routed)          1.001     1.236    Funct1_IBUF
    SLICE_X0Y85          LUT5 (Prop_lut5_I3_O)        0.043     1.279 r  WriteSel_OBUF_inst_i_1/O
                         net (fo=2, routed)           0.594     1.874    PCSrc_OBUF[1]
    K15                  OBUF (Prop_obuf_I_O)         1.303     3.177 r  WriteSel_OBUF_inst/O
                         net (fo=0)                   0.000     3.177    WriteSel
    K15                                                               r  WriteSel (OUT)
  -------------------------------------------------------------------    -------------------

Slack:                    inf
  Source:                 Funct1
                            (input port)
  Destination:            ALUSrc
                            (output port)
  Path Group:             (none)
  Path Type:              Min at Fast Process Corner
  Data Path Delay:        3.206ns  (logic 1.595ns (49.748%)  route 1.611ns (50.252%))
  Logic Levels:           3  (IBUF=1 LUT5=1 OBUF=1)

    Location             Delay type                Incr(ns)  Path(ns)    Netlist Resource(s)
  -------------------------------------------------------------------    -------------------
    F16                                               0.000     0.000 r  Funct1 (IN)
                         net (fo=0)                   0.000     0.000    Funct1
    F16                  IBUF (Prop_ibuf_I_O)         0.235     0.235 r  Funct1_IBUF_inst/O
                         net (fo=13, routed)          1.007     1.242    Funct1_IBUF
    SLICE_X0Y85          LUT5 (Prop_lut5_I0_O)        0.042     1.284 r  ALUSrc_OBUF_inst_i_1/O
                         net (fo=1, routed)           0.604     1.888    ALUSrc_OBUF
    U17                  OBUF (Prop_obuf_I_O)         1.318     3.206 r  ALUSrc_OBUF_inst/O
                         net (fo=0)                   0.000     3.206    ALUSrc
    U17                                                               r  ALUSrc (OUT)
  -------------------------------------------------------------------    -------------------

Slack:                    inf
  Source:                 Funct1
                            (input port)
  Destination:            MemWrite
                            (output port)
  Path Group:             (none)
  Path Type:              Min at Fast Process Corner
  Data Path Delay:        3.235ns  (logic 1.533ns (47.380%)  route 1.702ns (52.620%))
  Logic Levels:           3  (IBUF=1 LUT5=1 OBUF=1)

    Location             Delay type                Incr(ns)  Path(ns)    Netlist Resource(s)
  -------------------------------------------------------------------    -------------------
    F16                                               0.000     0.000 f  Funct1 (IN)
                         net (fo=0)                   0.000     0.000    Funct1
    F16                  IBUF (Prop_ibuf_I_O)         0.235     0.235 f  Funct1_IBUF_inst/O
                         net (fo=13, routed)          1.070     1.305    Funct1_IBUF
    SLICE_X0Y85          LUT5 (Prop_lut5_I0_O)        0.045     1.350 r  MemWrite_OBUF_inst_i_1/O
                         net (fo=1, routed)           0.632     1.982    MemWrite_OBUF
    V17                  OBUF (Prop_obuf_I_O)         1.252     3.235 r  MemWrite_OBUF_inst/O
                         net (fo=0)                   0.000     3.235    MemWrite
    V17                                                               r  MemWrite (OUT)
  -------------------------------------------------------------------    -------------------





