
*** Running vivado
    with args -log ArchReg.vdi -applog -m64 -product Vivado -messageDb vivado.pb -mode batch -source ArchReg.tcl -notrace


****** Vivado v2025.2 (64-bit)
  **** SW Build 6299465 on Fri Nov 14 12:34:56 MST 2025
  **** IP Build 6300035 on Fri Nov 14 10:48:45 MST 2025
  **** SharedData Build 6298862 on Thu Nov 13 04:50:51 MST 2025
  **** Start of session at: Sat May 23 19:17:09 2026
    ** Copyright 1986-2022 Xilinx, Inc. All Rights Reserved.
    ** Copyright 2022-2025 Advanced Micro Devices, Inc. All Rights Reserved.

source ArchReg.tcl -notrace
Command: link_design -top ArchReg -part xc7a100tcsg324-2
Design is defaulting to srcset: sources_1
Design is defaulting to constrset: constrs_1
INFO: [Device 21-403] Loading part xc7a100tcsg324-2
Netlist sorting complete. Time (s): cpu = 00:00:00 ; elapsed = 00:00:00.01 . Memory (MB): peak = 1751.043 ; gain = 0.000 ; free physical = 1629 ; free virtual = 27573
INFO: [Netlist 29-17] Analyzing 6 Unisim elements for replacement
INFO: [Netlist 29-28] Unisim Transformation completed in 0 CPU seconds
INFO: [Project 1-479] Netlist was created with Vivado 2025.2
INFO: [Project 1-570] Preparing netlist for logic optimization
Parsing XDC File [/home/randomguy/Desktop/Escuela/TT/Vivado/PW-8-Components/Archivo de Registros/Archivo de Registros.srcs/constrs_1/imports/Desktop/Nexys4DDR_LabRemoto_ArchReg.xdc]
Finished Parsing XDC File [/home/randomguy/Desktop/Escuela/TT/Vivado/PW-8-Components/Archivo de Registros/Archivo de Registros.srcs/constrs_1/imports/Desktop/Nexys4DDR_LabRemoto_ArchReg.xdc]
INFO: [Opt 31-138] Pushed 0 inverter(s) to 0 load pin(s).
Netlist sorting complete. Time (s): cpu = 00:00:00 ; elapsed = 00:00:00 . Memory (MB): peak = 1890.559 ; gain = 0.000 ; free physical = 1483 ; free virtual = 27433
INFO: [Project 1-111] Unisim Transformation Summary:
  A total of 6 instances were transformed.
  RAM32M => RAM32M (RAMD32(x6), RAMS32(x2)): 2 instances
  RAM32X1D => RAM32X1D (RAMD32(x2)): 4 instances

lscpu: bad usage
Try 'lscpu --help' for more information.
7 Infos, 0 Warnings, 0 Critical Warnings and 0 Errors encountered.
link_design completed successfully
link_design: Time (s): cpu = 00:00:06 ; elapsed = 00:00:06 . Memory (MB): peak = 1890.594 ; gain = 270.574 ; free physical = 1483 ; free virtual = 27433
Command: opt_design
Attempting to get a license for feature 'Implementation' and/or device 'xc7a100t'
INFO: [Common 17-349] Got license for feature 'Implementation' and/or device 'xc7a100t'
Running DRC as a precondition to command opt_design

Starting DRC Task
INFO: [DRC 23-27] Running DRC with 8 threads
INFO: [Project 1-461] DRC finished with 0 Errors
INFO: [Project 1-462] Please refer to the DRC report (report_drc) for more information.

Time (s): cpu = 00:00:00.76 ; elapsed = 00:00:00.72 . Memory (MB): peak = 1911.371 ; gain = 20.777 ; free physical = 1481 ; free virtual = 27430

Starting Cache Timing Information Task
INFO: [Timing 38-35] Done setting XDC timing constraints.
Ending Cache Timing Information Task | Checksum: 141e91a3d

Time (s): cpu = 00:00:09 ; elapsed = 00:00:10 . Memory (MB): peak = 2406.168 ; gain = 494.797 ; free physical = 1041 ; free virtual = 27000

Starting Logic Optimization Task

Phase 1 Initialization

Phase 1.1 Core Generation And Design Setup
Phase 1.1 Core Generation And Design Setup | Checksum: 141e91a3d

Time (s): cpu = 00:00:00.01 ; elapsed = 00:00:00 . Memory (MB): peak = 2790.887 ; gain = 0.000 ; free physical = 678 ; free virtual = 26637

Phase 1.2 Setup Constraints And Sort Netlist
Phase 1.2 Setup Constraints And Sort Netlist | Checksum: 141e91a3d

Time (s): cpu = 00:00:00.01 ; elapsed = 00:00:00 . Memory (MB): peak = 2790.887 ; gain = 0.000 ; free physical = 678 ; free virtual = 26637
Phase 1 Initialization | Checksum: 141e91a3d

Time (s): cpu = 00:00:00.01 ; elapsed = 00:00:00 . Memory (MB): peak = 2790.887 ; gain = 0.000 ; free physical = 678 ; free virtual = 26637

Phase 2 Timer Update And Timing Data Collection

Phase 2.1 Detect if minReqCache needed
Phase 2.1 Detect if minReqCache needed | Checksum: 141e91a3d

Time (s): cpu = 00:00:00.01 ; elapsed = 00:00:00.01 . Memory (MB): peak = 2790.887 ; gain = 0.000 ; free physical = 678 ; free virtual = 26637

Phase 2.2 Timer Update
Phase 2.2 Timer Update | Checksum: 141e91a3d

Time (s): cpu = 00:00:00.02 ; elapsed = 00:00:00.01 . Memory (MB): peak = 2790.887 ; gain = 0.000 ; free physical = 678 ; free virtual = 26637

Phase 2.3 Timing Data Collection
Phase 2.3 Timing Data Collection | Checksum: 141e91a3d

Time (s): cpu = 00:00:00.02 ; elapsed = 00:00:00.01 . Memory (MB): peak = 2790.887 ; gain = 0.000 ; free physical = 678 ; free virtual = 26637
Phase 2 Timer Update And Timing Data Collection | Checksum: 141e91a3d

Time (s): cpu = 00:00:00.03 ; elapsed = 00:00:00.01 . Memory (MB): peak = 2790.887 ; gain = 0.000 ; free physical = 678 ; free virtual = 26637

Phase 3 Retarget
INFO: [Opt 31-1851] Number of loadless carry chains removed were: 0
INFO: [Opt 31-1834] Total Chains To Be Transformed Were: 0 AND Number of Transformed insts Created are: 0
INFO: [Opt 31-138] Pushed 0 inverter(s) to 0 load pin(s).
INFO: [Opt 31-49] Retargeted 0 cell(s).
Phase 3 Retarget | Checksum: 141e91a3d

Time (s): cpu = 00:00:00.04 ; elapsed = 00:00:00.03 . Memory (MB): peak = 2790.887 ; gain = 0.000 ; free physical = 678 ; free virtual = 26637
Retarget | Checksum: 141e91a3d
INFO: [Opt 31-389] Phase Retarget created 0 cells and removed 0 cells

Phase 4 Constant propagation
INFO: [Opt 31-138] Pushed 0 inverter(s) to 0 load pin(s).
Phase 4 Constant propagation | Checksum: 141e91a3d

Time (s): cpu = 00:00:00.04 ; elapsed = 00:00:00.04 . Memory (MB): peak = 2790.887 ; gain = 0.000 ; free physical = 678 ; free virtual = 26637
Constant propagation | Checksum: 141e91a3d
INFO: [Opt 31-389] Phase Constant propagation created 0 cells and removed 0 cells

Phase 5 Sweep
INFO: [Constraints 18-11670] Building netlist checker database with flags, 0x8
Done building netlist checker database: Time (s): cpu = 00:00:00 ; elapsed = 00:00:00 . Memory (MB): peak = 2790.887 ; gain = 0.000 ; free physical = 678 ; free virtual = 26637
Phase 5 Sweep | Checksum: 141e91a3d

Time (s): cpu = 00:00:00.05 ; elapsed = 00:00:00.04 . Memory (MB): peak = 2790.887 ; gain = 0.000 ; free physical = 678 ; free virtual = 26637
Sweep | Checksum: 141e91a3d
INFO: [Opt 31-389] Phase Sweep created 0 cells and removed 0 cells

Phase 6 BUFG optimization
Phase 6 BUFG optimization | Checksum: 141e91a3d

Time (s): cpu = 00:00:00.06 ; elapsed = 00:00:00.05 . Memory (MB): peak = 2822.902 ; gain = 32.016 ; free physical = 677 ; free virtual = 26636
BUFG optimization | Checksum: 141e91a3d
INFO: [Opt 31-662] Phase BUFG optimization created 0 cells of which 0 are BUFGs and removed 0 cells.

Phase 7 Shift Register Optimization
INFO: [Opt 31-1064] SRL Remap converted 0 SRLs to 0 registers and converted 0 registers of register chains to 0 SRLs
Phase 7 Shift Register Optimization | Checksum: 141e91a3d

Time (s): cpu = 00:00:00.06 ; elapsed = 00:00:00.06 . Memory (MB): peak = 2822.902 ; gain = 32.016 ; free physical = 677 ; free virtual = 26636
Shift Register Optimization | Checksum: 141e91a3d
INFO: [Opt 31-389] Phase Shift Register Optimization created 0 cells and removed 0 cells

Phase 8 Post Processing Netlist
Phase 8 Post Processing Netlist | Checksum: 141e91a3d

Time (s): cpu = 00:00:00.06 ; elapsed = 00:00:00.06 . Memory (MB): peak = 2822.902 ; gain = 32.016 ; free physical = 677 ; free virtual = 26636
Post Processing Netlist | Checksum: 141e91a3d
INFO: [Opt 31-389] Phase Post Processing Netlist created 0 cells and removed 0 cells

Phase 9 Finalization

Phase 9.1 Finalizing Design Cores and Updating Shapes
Phase 9.1 Finalizing Design Cores and Updating Shapes | Checksum: 141e91a3d

Time (s): cpu = 00:00:00.07 ; elapsed = 00:00:00.06 . Memory (MB): peak = 2822.902 ; gain = 32.016 ; free physical = 677 ; free virtual = 26636

Phase 9.2 Verifying Netlist Connectivity

Starting Connectivity Check Task

Time (s): cpu = 00:00:00 ; elapsed = 00:00:00.01 . Memory (MB): peak = 2822.902 ; gain = 0.000 ; free physical = 677 ; free virtual = 26636
Phase 9.2 Verifying Netlist Connectivity | Checksum: 141e91a3d

Time (s): cpu = 00:00:00.08 ; elapsed = 00:00:00.07 . Memory (MB): peak = 2822.902 ; gain = 32.016 ; free physical = 677 ; free virtual = 26636
Phase 9 Finalization | Checksum: 141e91a3d

Time (s): cpu = 00:00:00.08 ; elapsed = 00:00:00.07 . Memory (MB): peak = 2822.902 ; gain = 32.016 ; free physical = 677 ; free virtual = 26636
Opt_design Change Summary
=========================


-------------------------------------------------------------------------------------------------------------------------
|  Phase                        |  #Cells created  |  #Cells Removed  |  #Constrained objects preventing optimizations  |
-------------------------------------------------------------------------------------------------------------------------
|  Retarget                     |               0  |               0  |                                              0  |
|  Constant propagation         |               0  |               0  |                                              0  |
|  Sweep                        |               0  |               0  |                                              0  |
|  BUFG optimization            |               0  |               0  |                                              0  |
|  Shift Register Optimization  |               0  |               0  |                                              0  |
|  Post Processing Netlist      |               0  |               0  |                                              0  |
-------------------------------------------------------------------------------------------------------------------------


Ending Logic Optimization Task | Checksum: 141e91a3d

Time (s): cpu = 00:00:00.08 ; elapsed = 00:00:00.07 . Memory (MB): peak = 2822.902 ; gain = 32.016 ; free physical = 677 ; free virtual = 26636

Starting Power Optimization Task
INFO: [Pwropt 34-132] Skipping clock gating for clocks with a period < 2.00 ns.
Ending Power Optimization Task | Checksum: 141e91a3d

Time (s): cpu = 00:00:00.01 ; elapsed = 00:00:00.01 . Memory (MB): peak = 2822.902 ; gain = 0.000 ; free physical = 677 ; free virtual = 26636

Starting Final Cleanup Task
Ending Final Cleanup Task | Checksum: 141e91a3d

Time (s): cpu = 00:00:00 ; elapsed = 00:00:00 . Memory (MB): peak = 2822.902 ; gain = 0.000 ; free physical = 677 ; free virtual = 26636
Netlist sorting complete. Time (s): cpu = 00:00:00 ; elapsed = 00:00:00 . Memory (MB): peak = 2822.902 ; gain = 0.000 ; free physical = 677 ; free virtual = 26636
INFO: [Common 17-83] Releasing license: Implementation
27 Infos, 0 Warnings, 0 Critical Warnings and 0 Errors encountered.
opt_design completed successfully
opt_design: Time (s): cpu = 00:00:14 ; elapsed = 00:00:15 . Memory (MB): peak = 2822.902 ; gain = 932.309 ; free physical = 677 ; free virtual = 26636
INFO: [Vivado 12-24828] Executing command : report_drc -file ArchReg_drc_opted.rpt -pb ArchReg_drc_opted.pb -rpx ArchReg_drc_opted.rpx
Command: report_drc -file ArchReg_drc_opted.rpt -pb ArchReg_drc_opted.pb -rpx ArchReg_drc_opted.rpx
INFO: [IP_Flow 19-234] Refreshing IP repositories
INFO: [IP_Flow 19-1704] No user IP repositories specified
INFO: [IP_Flow 19-2313] Loaded Vivado IP repository '/home/randomguy/Documents/Vivado/testing/data/ip'.
INFO: [DRC 23-27] Running DRC with 8 threads
INFO: [Vivado_Tcl 2-168] The results of DRC are in file /home/randomguy/Desktop/Escuela/TT/Vivado/PW-8-Components/Archivo de Registros/Archivo de Registros.runs/impl_1/ArchReg_drc_opted.rpt.
report_drc completed successfully
INFO: [Timing 38-480] Writing timing data to binary archive.
Wrote PlaceDB: Time (s): cpu = 00:00:00 ; elapsed = 00:00:00 . Memory (MB): peak = 2822.902 ; gain = 0.000 ; free physical = 655 ; free virtual = 26615
Wrote PulsedLatchDB: Time (s): cpu = 00:00:00 ; elapsed = 00:00:00 . Memory (MB): peak = 2822.902 ; gain = 0.000 ; free physical = 655 ; free virtual = 26615
Writing XDEF routing.
Write ShapeDB Complete: Time (s): cpu = 00:00:00 ; elapsed = 00:00:00.01 . Memory (MB): peak = 2822.902 ; gain = 0.000 ; free physical = 655 ; free virtual = 26615
Writing XDEF routing logical nets.
Writing XDEF routing special nets.
Wrote RouteStorage: Time (s): cpu = 00:00:00.05 ; elapsed = 00:00:00.02 . Memory (MB): peak = 2822.902 ; gain = 0.000 ; free physical = 655 ; free virtual = 26615
Wrote PlaceStorage: Time (s): cpu = 00:00:00.01 ; elapsed = 00:00:00 . Memory (MB): peak = 2822.902 ; gain = 0.000 ; free physical = 655 ; free virtual = 26615
Wrote Netlist Cache: Time (s): cpu = 00:00:00 ; elapsed = 00:00:00 . Memory (MB): peak = 2822.902 ; gain = 0.000 ; free physical = 655 ; free virtual = 26615
Wrote Device Cache: Time (s): cpu = 00:00:00.01 ; elapsed = 00:00:00.01 . Memory (MB): peak = 2822.902 ; gain = 0.000 ; free physical = 655 ; free virtual = 26615
Write Physdb Complete: Time (s): cpu = 00:00:00.07 ; elapsed = 00:00:00.03 . Memory (MB): peak = 2822.902 ; gain = 0.000 ; free physical = 655 ; free virtual = 26615
INFO: [Common 17-1381] The checkpoint '/home/randomguy/Desktop/Escuela/TT/Vivado/PW-8-Components/Archivo de Registros/Archivo de Registros.runs/impl_1/ArchReg_opt.dcp' has been generated.
Command: place_design
Attempting to get a license for feature 'Implementation' and/or device 'xc7a100t'
INFO: [Common 17-349] Got license for feature 'Implementation' and/or device 'xc7a100t'
INFO: [Common 17-83] Releasing license: Implementation
INFO: [DRC 23-27] Running DRC with 8 threads
INFO: [Vivado_Tcl 4-198] DRC finished with 0 Errors
INFO: [Vivado_Tcl 4-199] Please refer to the DRC report (report_drc) for more information.
INFO: [Timing 38-35] Done setting XDC timing constraints.
Running DRC as a precondition to command place_design
INFO: [DRC 23-27] Running DRC with 8 threads
INFO: [Vivado_Tcl 4-198] DRC finished with 0 Errors
INFO: [Vivado_Tcl 4-199] Please refer to the DRC report (report_drc) for more information.
INFO: [Place 30-611] Multithreading enabled for place_design using a maximum of 8 CPUs

Starting Placer Task

Phase 1 Placer Initialization

Phase 1.1 Placer Initialization Netlist Sorting
Netlist sorting complete. Time (s): cpu = 00:00:00 ; elapsed = 00:00:00 . Memory (MB): peak = 2822.902 ; gain = 0.000 ; free physical = 638 ; free virtual = 26599
Phase 1.1 Placer Initialization Netlist Sorting | Checksum: 119e32e90

Time (s): cpu = 00:00:00 ; elapsed = 00:00:00.01 . Memory (MB): peak = 2822.902 ; gain = 0.000 ; free physical = 638 ; free virtual = 26599
Netlist sorting complete. Time (s): cpu = 00:00:00 ; elapsed = 00:00:00 . Memory (MB): peak = 2822.902 ; gain = 0.000 ; free physical = 638 ; free virtual = 26599

Phase 1.2 IO Placement/ Clock Placement/ Build Placer Device
Phase 1.2 IO Placement/ Clock Placement/ Build Placer Device | Checksum: 1a4982e51

Time (s): cpu = 00:00:00.9 ; elapsed = 00:00:00.44 . Memory (MB): peak = 2878.930 ; gain = 56.027 ; free physical = 636 ; free virtual = 26600

Phase 1.3 Build Placer Netlist Model
WARNING: [Place 30-2953] Timing driven mode will be turned off because no critical terminals were found.
Phase 1.3 Build Placer Netlist Model | Checksum: 23172c6a1

Time (s): cpu = 00:00:01 ; elapsed = 00:00:00.57 . Memory (MB): peak = 2910.945 ; gain = 88.043 ; free physical = 635 ; free virtual = 26599

Phase 1.4 Constrain Clocks/Macros
Phase 1.4 Constrain Clocks/Macros | Checksum: 23172c6a1

Time (s): cpu = 00:00:01 ; elapsed = 00:00:00.59 . Memory (MB): peak = 2910.945 ; gain = 88.043 ; free physical = 634 ; free virtual = 26599
Phase 1 Placer Initialization | Checksum: 23172c6a1

Time (s): cpu = 00:00:01 ; elapsed = 00:00:00.6 . Memory (MB): peak = 2910.945 ; gain = 88.043 ; free physical = 634 ; free virtual = 26599

Phase 2 Global Placement

Phase 2.1 Floorplanning
Phase 2.1 Floorplanning | Checksum: 23172c6a1

Time (s): cpu = 00:00:01 ; elapsed = 00:00:00.62 . Memory (MB): peak = 2910.945 ; gain = 88.043 ; free physical = 633 ; free virtual = 26599

Phase 2.2 Update Timing before SLR Path Opt
Phase 2.2 Update Timing before SLR Path Opt | Checksum: 23172c6a1

Time (s): cpu = 00:00:01 ; elapsed = 00:00:00.62 . Memory (MB): peak = 2910.945 ; gain = 88.043 ; free physical = 633 ; free virtual = 26598

Phase 2.3 Post-Processing in Floorplanning
Phase 2.3 Post-Processing in Floorplanning | Checksum: 23172c6a1

Time (s): cpu = 00:00:01 ; elapsed = 00:00:00.62 . Memory (MB): peak = 2910.945 ; gain = 88.043 ; free physical = 633 ; free virtual = 26598

Phase 2.4 Global Place Phase1
Phase 2.4 Global Place Phase1 | Checksum: 272507847

Time (s): cpu = 00:00:05 ; elapsed = 00:00:01 . Memory (MB): peak = 2910.945 ; gain = 88.043 ; free physical = 630 ; free virtual = 26596

Phase 2.5 Global Place Phase2
WARNING: [Place 46-29] Timing had been disabled during Placer and, therefore, physical synthesis in Placer will be skipped.
Phase 2.5 Global Place Phase2 | Checksum: 1f79e7193

Time (s): cpu = 00:00:06 ; elapsed = 00:00:02 . Memory (MB): peak = 2910.945 ; gain = 88.043 ; free physical = 630 ; free virtual = 26596
Phase 2 Global Placement | Checksum: 1f79e7193

Time (s): cpu = 00:00:06 ; elapsed = 00:00:02 . Memory (MB): peak = 2910.945 ; gain = 88.043 ; free physical = 630 ; free virtual = 26596

Phase 3 Detail Placement

Phase 3.1 Commit Multi Column Macros
Phase 3.1 Commit Multi Column Macros | Checksum: 1f79e7193

Time (s): cpu = 00:00:06 ; elapsed = 00:00:02 . Memory (MB): peak = 2910.945 ; gain = 88.043 ; free physical = 630 ; free virtual = 26596

Phase 3.2 Commit Most Macros & LUTRAMs
Phase 3.2 Commit Most Macros & LUTRAMs | Checksum: 1a5924439

Time (s): cpu = 00:00:06 ; elapsed = 00:00:02 . Memory (MB): peak = 2910.945 ; gain = 88.043 ; free physical = 630 ; free virtual = 26596

Phase 3.3 Area Swap Optimization
Phase 3.3 Area Swap Optimization | Checksum: 27f8066f9

Time (s): cpu = 00:00:06 ; elapsed = 00:00:02 . Memory (MB): peak = 2910.945 ; gain = 88.043 ; free physical = 630 ; free virtual = 26596

Phase 3.4 Pipeline Register Optimization
Phase 3.4 Pipeline Register Optimization | Checksum: 27f8066f9

Time (s): cpu = 00:00:06 ; elapsed = 00:00:02 . Memory (MB): peak = 2910.945 ; gain = 88.043 ; free physical = 630 ; free virtual = 26596

Phase 3.5 Small Shape Detail Placement
Phase 3.5 Small Shape Detail Placement | Checksum: 1a169d7bf

Time (s): cpu = 00:00:07 ; elapsed = 00:00:02 . Memory (MB): peak = 2910.945 ; gain = 88.043 ; free physical = 629 ; free virtual = 26596

Phase 3.6 Re-assign LUT pins
Phase 3.6 Re-assign LUT pins | Checksum: 1a169d7bf

Time (s): cpu = 00:00:07 ; elapsed = 00:00:02 . Memory (MB): peak = 2910.945 ; gain = 88.043 ; free physical = 629 ; free virtual = 26596

Phase 3.7 Pipeline Register Optimization
Phase 3.7 Pipeline Register Optimization | Checksum: 1a169d7bf

Time (s): cpu = 00:00:07 ; elapsed = 00:00:02 . Memory (MB): peak = 2910.945 ; gain = 88.043 ; free physical = 629 ; free virtual = 26596
Phase 3 Detail Placement | Checksum: 1a169d7bf

Time (s): cpu = 00:00:07 ; elapsed = 00:00:02 . Memory (MB): peak = 2910.945 ; gain = 88.043 ; free physical = 629 ; free virtual = 26596

Phase 4 Post Placement Optimization and Clean-Up

Phase 4.1 Post Commit Optimization
Phase 4.1 Post Commit Optimization | Checksum: 1a169d7bf

Time (s): cpu = 00:00:07 ; elapsed = 00:00:02 . Memory (MB): peak = 2910.945 ; gain = 88.043 ; free physical = 629 ; free virtual = 26596

Phase 4.2 Post Placement Cleanup
Phase 4.2 Post Placement Cleanup | Checksum: 1a169d7bf

Time (s): cpu = 00:00:07 ; elapsed = 00:00:02 . Memory (MB): peak = 2910.945 ; gain = 88.043 ; free physical = 629 ; free virtual = 26596

Phase 4.3 Placer Reporting

Phase 4.3.1 Print Estimated Congestion
INFO: [Place 30-612] Post-Placement Estimated Congestion 
 ____________________________________________________
|           | Global Congestion | Short Congestion  |
| Direction | Region Size       | Region Size       |
|___________|___________________|___________________|
|      North|                1x1|                1x1|
|___________|___________________|___________________|
|      South|                1x1|                1x1|
|___________|___________________|___________________|
|       East|                1x1|                1x1|
|___________|___________________|___________________|
|       West|                1x1|                1x1|
|___________|___________________|___________________|

Phase 4.3.1 Print Estimated Congestion | Checksum: 1a169d7bf

Time (s): cpu = 00:00:07 ; elapsed = 00:00:02 . Memory (MB): peak = 2910.945 ; gain = 88.043 ; free physical = 629 ; free virtual = 26596
Phase 4.3 Placer Reporting | Checksum: 1a169d7bf

Time (s): cpu = 00:00:07 ; elapsed = 00:00:02 . Memory (MB): peak = 2910.945 ; gain = 88.043 ; free physical = 629 ; free virtual = 26596

Phase 4.4 Final Placement Cleanup
Netlist sorting complete. Time (s): cpu = 00:00:00 ; elapsed = 00:00:00 . Memory (MB): peak = 2910.945 ; gain = 0.000 ; free physical = 629 ; free virtual = 26596

Time (s): cpu = 00:00:07 ; elapsed = 00:00:02 . Memory (MB): peak = 2910.945 ; gain = 88.043 ; free physical = 629 ; free virtual = 26596
Phase 4 Post Placement Optimization and Clean-Up | Checksum: 1a169d7bf

Time (s): cpu = 00:00:07 ; elapsed = 00:00:02 . Memory (MB): peak = 2910.945 ; gain = 88.043 ; free physical = 629 ; free virtual = 26596
Ending Placer Task | Checksum: 153613a6a

Time (s): cpu = 00:00:07 ; elapsed = 00:00:02 . Memory (MB): peak = 2910.945 ; gain = 88.043 ; free physical = 629 ; free virtual = 26596
46 Infos, 2 Warnings, 0 Critical Warnings and 0 Errors encountered.
place_design completed successfully
INFO: [Vivado 12-24838] Running report commands "report_control_sets, report_io, report_utilization" in parallel.
Running report generation with 3 threads.
INFO: [Vivado 12-24828] Executing command : report_control_sets -verbose -file ArchReg_control_sets_placed.rpt
report_control_sets: Time (s): cpu = 00:00:00.18 ; elapsed = 00:00:00.18 . Memory (MB): peak = 2910.945 ; gain = 0.000 ; free physical = 597 ; free virtual = 26564
INFO: [Vivado 12-24828] Executing command : report_utilization -file ArchReg_utilization_placed.rpt -pb ArchReg_utilization_placed.pb
INFO: [Vivado 12-24828] Executing command : report_io -file ArchReg_io_placed.rpt
report_io: Time (s): cpu = 00:00:00.46 ; elapsed = 00:00:00.37 . Memory (MB): peak = 2910.945 ; gain = 0.000 ; free physical = 585 ; free virtual = 26552
INFO: [Timing 38-480] Writing timing data to binary archive.
Wrote PlaceDB: Time (s): cpu = 00:00:00 ; elapsed = 00:00:00 . Memory (MB): peak = 2910.945 ; gain = 0.000 ; free physical = 585 ; free virtual = 26552
Wrote PulsedLatchDB: Time (s): cpu = 00:00:00 ; elapsed = 00:00:00 . Memory (MB): peak = 2910.945 ; gain = 0.000 ; free physical = 585 ; free virtual = 26552
Writing XDEF routing.
Write ShapeDB Complete: Time (s): cpu = 00:00:00 ; elapsed = 00:00:00 . Memory (MB): peak = 2910.945 ; gain = 0.000 ; free physical = 585 ; free virtual = 26552
Writing XDEF routing logical nets.
Writing XDEF routing special nets.
Wrote RouteStorage: Time (s): cpu = 00:00:00.06 ; elapsed = 00:00:00.03 . Memory (MB): peak = 2910.945 ; gain = 0.000 ; free physical = 585 ; free virtual = 26552
Wrote PlaceStorage: Time (s): cpu = 00:00:00 ; elapsed = 00:00:00 . Memory (MB): peak = 2910.945 ; gain = 0.000 ; free physical = 585 ; free virtual = 26552
Wrote Netlist Cache: Time (s): cpu = 00:00:00 ; elapsed = 00:00:00 . Memory (MB): peak = 2910.945 ; gain = 0.000 ; free physical = 585 ; free virtual = 26552
Wrote Device Cache: Time (s): cpu = 00:00:00.01 ; elapsed = 00:00:00.01 . Memory (MB): peak = 2910.945 ; gain = 0.000 ; free physical = 585 ; free virtual = 26553
Write Physdb Complete: Time (s): cpu = 00:00:00.07 ; elapsed = 00:00:00.04 . Memory (MB): peak = 2910.945 ; gain = 0.000 ; free physical = 585 ; free virtual = 26553
INFO: [Common 17-1381] The checkpoint '/home/randomguy/Desktop/Escuela/TT/Vivado/PW-8-Components/Archivo de Registros/Archivo de Registros.runs/impl_1/ArchReg_placed.dcp' has been generated.
Command: phys_opt_design
Attempting to get a license for feature 'Implementation' and/or device 'xc7a100t'
INFO: [Common 17-349] Got license for feature 'Implementation' and/or device 'xc7a100t'

Starting Initial Update Timing Task
INFO: [Timing 38-35] Done setting XDC timing constraints.

Time (s): cpu = 00:00:00.06 ; elapsed = 00:00:00.04 . Memory (MB): peak = 2910.945 ; gain = 0.000 ; free physical = 577 ; free virtual = 26544
INFO: [Vivado_Tcl 4-2279] Estimated Timing Summary | WNS= 0.000 | TNS= 0.000 | 
INFO: [Vivado_Tcl 4-383] Design worst setup slack (WNS) is greater than or equal to 0.000 ns. All physical synthesis setup optimizations will be skipped.
INFO: [Vivado_Tcl 4-232] No setup violation found. The netlist was not modified.
INFO: [Common 17-83] Releasing license: Implementation
58 Infos, 2 Warnings, 0 Critical Warnings and 0 Errors encountered.
phys_opt_design completed successfully
INFO: [Timing 38-480] Writing timing data to binary archive.
Wrote PlaceDB: Time (s): cpu = 00:00:00 ; elapsed = 00:00:00 . Memory (MB): peak = 2910.945 ; gain = 0.000 ; free physical = 577 ; free virtual = 26544
Wrote PulsedLatchDB: Time (s): cpu = 00:00:00 ; elapsed = 00:00:00 . Memory (MB): peak = 2910.945 ; gain = 0.000 ; free physical = 577 ; free virtual = 26544
Writing XDEF routing.
Write ShapeDB Complete: Time (s): cpu = 00:00:00 ; elapsed = 00:00:00 . Memory (MB): peak = 2910.945 ; gain = 0.000 ; free physical = 577 ; free virtual = 26544
Writing XDEF routing logical nets.
Writing XDEF routing special nets.
Wrote RouteStorage: Time (s): cpu = 00:00:00.05 ; elapsed = 00:00:00.03 . Memory (MB): peak = 2910.945 ; gain = 0.000 ; free physical = 577 ; free virtual = 26544
Wrote PlaceStorage: Time (s): cpu = 00:00:00.01 ; elapsed = 00:00:00 . Memory (MB): peak = 2910.945 ; gain = 0.000 ; free physical = 577 ; free virtual = 26544
Wrote Netlist Cache: Time (s): cpu = 00:00:00 ; elapsed = 00:00:00 . Memory (MB): peak = 2910.945 ; gain = 0.000 ; free physical = 577 ; free virtual = 26544
Wrote Device Cache: Time (s): cpu = 00:00:00.02 ; elapsed = 00:00:00.01 . Memory (MB): peak = 2910.945 ; gain = 0.000 ; free physical = 577 ; free virtual = 26545
Write Physdb Complete: Time (s): cpu = 00:00:00.09 ; elapsed = 00:00:00.05 . Memory (MB): peak = 2910.945 ; gain = 0.000 ; free physical = 577 ; free virtual = 26545
INFO: [Common 17-1381] The checkpoint '/home/randomguy/Desktop/Escuela/TT/Vivado/PW-8-Components/Archivo de Registros/Archivo de Registros.runs/impl_1/ArchReg_physopt.dcp' has been generated.
Command: route_design
Attempting to get a license for feature 'Implementation' and/or device 'xc7a100t'
INFO: [Common 17-349] Got license for feature 'Implementation' and/or device 'xc7a100t'


Starting Routing Task
INFO: [Route 35-254] Multithreading enabled for route_design using a maximum of 8 CPUs

Phase 1 Build RT Design
Checksum: PlaceDB: 39a89fb5 ConstDB: 0 ShapeSum: 67e63b1f RouteDB: b1d25f96
Post Restoration Checksum: NetGraph: 68ca35ca | NumContArr: 65e92226 | Constraints: c2a8fa9d | Timing: c2a8fa9d
Phase 1 Build RT Design | Checksum: 254054d2a

Time (s): cpu = 00:00:46 ; elapsed = 00:00:42 . Memory (MB): peak = 2910.945 ; gain = 0.000 ; free physical = 622 ; free virtual = 26593

Phase 2 Router Initialization

Phase 2.1 Fix Topology Constraints
Phase 2.1 Fix Topology Constraints | Checksum: 254054d2a

Time (s): cpu = 00:00:46 ; elapsed = 00:00:42 . Memory (MB): peak = 2910.945 ; gain = 0.000 ; free physical = 622 ; free virtual = 26594

Phase 2.2 Pre Route Cleanup
Phase 2.2 Pre Route Cleanup | Checksum: 254054d2a

Time (s): cpu = 00:00:46 ; elapsed = 00:00:42 . Memory (MB): peak = 2910.945 ; gain = 0.000 ; free physical = 622 ; free virtual = 26594
 Number of Nodes with overlaps = 0

Phase 2.3 Update Timing
Phase 2.3 Update Timing | Checksum: 277d20c9b

Time (s): cpu = 00:00:47 ; elapsed = 00:00:42 . Memory (MB): peak = 2910.945 ; gain = 0.000 ; free physical = 620 ; free virtual = 26592

Phase 2.4 Soft Constraint Pins - Fast Budgeting
Phase 2.4 Soft Constraint Pins - Fast Budgeting | Checksum: 277d20c9b

Time (s): cpu = 00:00:47 ; elapsed = 00:00:42 . Memory (MB): peak = 2910.945 ; gain = 0.000 ; free physical = 619 ; free virtual = 26590

Router Utilization Summary
  Global Vertical Routing Utilization    = 0 %
  Global Horizontal Routing Utilization  = 0 %
  Routable Net Status*
  *Does not include unroutable nets such as driverless and loadless.
  Run report_route_status for detailed report.
  Number of Failed Nets               = 35
    (Failed Nets is the sum of unrouted and partially routed nets)
  Number of Unrouted Nets             = 35
  Number of Partially Routed Nets     = 0
  Number of Node Overlaps             = 0

Phase 2 Router Initialization | Checksum: 277d20c9b

Time (s): cpu = 00:00:48 ; elapsed = 00:00:42 . Memory (MB): peak = 2910.945 ; gain = 0.000 ; free physical = 619 ; free virtual = 26590

Phase 3 Global Routing
Phase 3 Global Routing | Checksum: 277d20c9b

Time (s): cpu = 00:00:48 ; elapsed = 00:00:42 . Memory (MB): peak = 2910.945 ; gain = 0.000 ; free physical = 619 ; free virtual = 26590

Phase 4 Initial Routing

Phase 4.1 Initial Net Routing Pass
Phase 4.1 Initial Net Routing Pass | Checksum: 33c64b9b1

Time (s): cpu = 00:00:48 ; elapsed = 00:00:42 . Memory (MB): peak = 2910.945 ; gain = 0.000 ; free physical = 616 ; free virtual = 26589
Phase 4 Initial Routing | Checksum: 33c64b9b1

Time (s): cpu = 00:00:48 ; elapsed = 00:00:42 . Memory (MB): peak = 2910.945 ; gain = 0.000 ; free physical = 616 ; free virtual = 26589

Phase 5 Rip-up And Reroute

Phase 5.1 Global Iteration 0
 Number of Nodes with overlaps = 0
Phase 5.1 Global Iteration 0 | Checksum: 25895da70

Time (s): cpu = 00:00:48 ; elapsed = 00:00:42 . Memory (MB): peak = 2910.945 ; gain = 0.000 ; free physical = 616 ; free virtual = 26589
Phase 5 Rip-up And Reroute | Checksum: 25895da70

Time (s): cpu = 00:00:48 ; elapsed = 00:00:42 . Memory (MB): peak = 2910.945 ; gain = 0.000 ; free physical = 616 ; free virtual = 26589

Phase 6 Delay and Skew Optimization

Phase 6.1 Delay CleanUp
Phase 6.1 Delay CleanUp | Checksum: 25895da70

Time (s): cpu = 00:00:48 ; elapsed = 00:00:42 . Memory (MB): peak = 2910.945 ; gain = 0.000 ; free physical = 616 ; free virtual = 26589

Phase 6.2 Clock Skew Optimization
Phase 6.2 Clock Skew Optimization | Checksum: 25895da70

Time (s): cpu = 00:00:48 ; elapsed = 00:00:42 . Memory (MB): peak = 2910.945 ; gain = 0.000 ; free physical = 616 ; free virtual = 26589
Phase 6 Delay and Skew Optimization | Checksum: 25895da70

Time (s): cpu = 00:00:48 ; elapsed = 00:00:42 . Memory (MB): peak = 2910.945 ; gain = 0.000 ; free physical = 616 ; free virtual = 26589

Phase 7 Post Hold Fix

Phase 7.1 Hold Fix Iter
Phase 7.1 Hold Fix Iter | Checksum: 25895da70

Time (s): cpu = 00:00:48 ; elapsed = 00:00:42 . Memory (MB): peak = 2910.945 ; gain = 0.000 ; free physical = 616 ; free virtual = 26589
Phase 7 Post Hold Fix | Checksum: 25895da70

Time (s): cpu = 00:00:48 ; elapsed = 00:00:42 . Memory (MB): peak = 2910.945 ; gain = 0.000 ; free physical = 616 ; free virtual = 26589

Phase 8 Route finalize

Router Utilization Summary
  Global Vertical Routing Utilization    = 0.04004 %
  Global Horizontal Routing Utilization  = 0.0107275 %
  Routable Net Status*
  *Does not include unroutable nets such as driverless and loadless.
  Run report_route_status for detailed report.
  Number of Failed Nets               = 0
    (Failed Nets is the sum of unrouted and partially routed nets)
  Number of Unrouted Nets             = 0
  Number of Partially Routed Nets     = 0
  Number of Node Overlaps             = 0

Phase 8 Route finalize | Checksum: 25895da70

Time (s): cpu = 00:00:49 ; elapsed = 00:00:43 . Memory (MB): peak = 2910.945 ; gain = 0.000 ; free physical = 616 ; free virtual = 26589

Phase 9 Verifying routed nets

 Verification completed successfully
Phase 9 Verifying routed nets | Checksum: 25895da70

Time (s): cpu = 00:00:49 ; elapsed = 00:00:43 . Memory (MB): peak = 2910.945 ; gain = 0.000 ; free physical = 616 ; free virtual = 26589

Phase 10 Depositing Routes
Phase 10 Depositing Routes | Checksum: 2b1039b49

Time (s): cpu = 00:00:49 ; elapsed = 00:00:43 . Memory (MB): peak = 2910.945 ; gain = 0.000 ; free physical = 616 ; free virtual = 26589

Phase 11 Post Process Routing
Phase 11 Post Process Routing | Checksum: 2b1039b49

Time (s): cpu = 00:00:49 ; elapsed = 00:00:43 . Memory (MB): peak = 2910.945 ; gain = 0.000 ; free physical = 616 ; free virtual = 26589

Phase 12 Post Router Timing
Phase 12 Post Router Timing | Checksum: 2b1039b49

Time (s): cpu = 00:00:49 ; elapsed = 00:00:43 . Memory (MB): peak = 2910.945 ; gain = 0.000 ; free physical = 616 ; free virtual = 26589
Total Elapsed time in route_design: 42.51 secs

Phase 13 Post-Route Event Processing
Phase 13 Post-Route Event Processing | Checksum: 170230521

Time (s): cpu = 00:00:49 ; elapsed = 00:00:43 . Memory (MB): peak = 2910.945 ; gain = 0.000 ; free physical = 616 ; free virtual = 26589
INFO: [Route 35-16] Router Completed Successfully
Ending Routing Task | Checksum: 170230521

Time (s): cpu = 00:00:49 ; elapsed = 00:00:43 . Memory (MB): peak = 2910.945 ; gain = 0.000 ; free physical = 616 ; free virtual = 26589

Routing Is Done.
INFO: [Common 17-83] Releasing license: Implementation
64 Infos, 2 Warnings, 0 Critical Warnings and 0 Errors encountered.
route_design completed successfully
route_design: Time (s): cpu = 00:00:49 ; elapsed = 00:00:43 . Memory (MB): peak = 2910.945 ; gain = 0.000 ; free physical = 616 ; free virtual = 26589
INFO: [Vivado 12-24828] Executing command : report_drc -file ArchReg_drc_routed.rpt -pb ArchReg_drc_routed.pb -rpx ArchReg_drc_routed.rpx
Command: report_drc -file ArchReg_drc_routed.rpt -pb ArchReg_drc_routed.pb -rpx ArchReg_drc_routed.rpx
INFO: [IP_Flow 19-1839] IP Catalog is up to date.
INFO: [DRC 23-27] Running DRC with 8 threads
INFO: [Vivado_Tcl 2-168] The results of DRC are in file /home/randomguy/Desktop/Escuela/TT/Vivado/PW-8-Components/Archivo de Registros/Archivo de Registros.runs/impl_1/ArchReg_drc_routed.rpt.
report_drc completed successfully
INFO: [Vivado 12-24828] Executing command : report_methodology -file ArchReg_methodology_drc_routed.rpt -pb ArchReg_methodology_drc_routed.pb -rpx ArchReg_methodology_drc_routed.rpx
Command: report_methodology -file ArchReg_methodology_drc_routed.rpt -pb ArchReg_methodology_drc_routed.pb -rpx ArchReg_methodology_drc_routed.rpx
INFO: [Timing 38-35] Done setting XDC timing constraints.
INFO: [DRC 23-133] Running Methodology with 8 threads
INFO: [Vivado_Tcl 2-1520] The results of Report Methodology are in file /home/randomguy/Desktop/Escuela/TT/Vivado/PW-8-Components/Archivo de Registros/Archivo de Registros.runs/impl_1/ArchReg_methodology_drc_routed.rpt.
report_methodology completed successfully
INFO: [Vivado 12-24828] Executing command : report_timing_summary -max_paths 10 -routable_nets -report_unconstrained -file ArchReg_timing_summary_routed.rpt -pb ArchReg_timing_summary_routed.pb -rpx ArchReg_timing_summary_routed.rpx -warn_on_violation 
INFO: [Timing 38-35] Done setting XDC timing constraints.
INFO: [Timing 38-91] UpdateTimingParams: Speed grade: -2, Delay Type: min_max.
INFO: [Timing 38-191] Multithreading enabled for timing update using a maximum of 8 CPUs
INFO: [Vivado 12-24838] Running report commands "report_bus_skew, report_incremental_reuse, report_route_status" in parallel.
Running report generation with 3 threads.
INFO: [Vivado 12-24828] Executing command : report_route_status -file ArchReg_route_status.rpt -pb ArchReg_route_status.pb
INFO: [Vivado 12-24828] Executing command : report_incremental_reuse -file ArchReg_incremental_reuse_routed.rpt
INFO: [Vivado_Tcl 4-1062] Incremental flow is disabled. No incremental reuse Info to report.
INFO: [Vivado 12-24828] Executing command : report_bus_skew -warn_on_violation -file ArchReg_bus_skew_routed.rpt -pb ArchReg_bus_skew_routed.pb -rpx ArchReg_bus_skew_routed.rpx
INFO: [Timing 38-91] UpdateTimingParams: Speed grade: -2, Delay Type: min_max.
INFO: [Timing 38-191] Multithreading enabled for timing update using a maximum of 8 CPUs
INFO: [Vivado 12-24828] Executing command : report_power -file ArchReg_power_routed.rpt -pb ArchReg_power_summary_routed.pb -rpx ArchReg_power_routed.rpx
Command: report_power -file ArchReg_power_routed.rpt -pb ArchReg_power_summary_routed.pb -rpx ArchReg_power_routed.rpx
Running Vector-less Activity Propagation...

Finished Running Vector-less Activity Propagation
84 Infos, 2 Warnings, 0 Critical Warnings and 0 Errors encountered.
report_power completed successfully
INFO: [Vivado 12-24828] Executing command : report_clock_utilization -file ArchReg_clock_utilization_routed.rpt
INFO: [Timing 38-480] Writing timing data to binary archive.
Wrote PlaceDB: Time (s): cpu = 00:00:00 ; elapsed = 00:00:00 . Memory (MB): peak = 2918.949 ; gain = 0.000 ; free physical = 552 ; free virtual = 26531
Write ShapeDB Complete: Time (s): cpu = 00:00:00 ; elapsed = 00:00:00 . Memory (MB): peak = 2918.949 ; gain = 0.000 ; free physical = 552 ; free virtual = 26531
Wrote PulsedLatchDB: Time (s): cpu = 00:00:00 ; elapsed = 00:00:00 . Memory (MB): peak = 2918.949 ; gain = 0.000 ; free physical = 552 ; free virtual = 26531
Writing XDEF routing.
Writing XDEF routing logical nets.
Writing XDEF routing special nets.
Wrote RouteStorage: Time (s): cpu = 00:00:00.06 ; elapsed = 00:00:00.02 . Memory (MB): peak = 2918.949 ; gain = 0.000 ; free physical = 552 ; free virtual = 26531
Wrote PlaceStorage: Time (s): cpu = 00:00:00.01 ; elapsed = 00:00:00.01 . Memory (MB): peak = 2918.949 ; gain = 0.000 ; free physical = 552 ; free virtual = 26531
Wrote Netlist Cache: Time (s): cpu = 00:00:00 ; elapsed = 00:00:00 . Memory (MB): peak = 2918.949 ; gain = 0.000 ; free physical = 552 ; free virtual = 26531
Wrote Device Cache: Time (s): cpu = 00:00:00.02 ; elapsed = 00:00:00.01 . Memory (MB): peak = 2918.949 ; gain = 0.000 ; free physical = 552 ; free virtual = 26531
Write Physdb Complete: Time (s): cpu = 00:00:00.09 ; elapsed = 00:00:00.04 . Memory (MB): peak = 2918.949 ; gain = 0.000 ; free physical = 552 ; free virtual = 26531
INFO: [Common 17-1381] The checkpoint '/home/randomguy/Desktop/Escuela/TT/Vivado/PW-8-Components/Archivo de Registros/Archivo de Registros.runs/impl_1/ArchReg_routed.dcp' has been generated.
Command: write_bitstream -force ArchReg.bit
Attempting to get a license for feature 'Implementation' and/or device 'xc7a100t'
INFO: [Common 17-349] Got license for feature 'Implementation' and/or device 'xc7a100t'
Running DRC as a precondition to command write_bitstream
INFO: [IP_Flow 19-1839] IP Catalog is up to date.
INFO: [DRC 23-27] Running DRC with 8 threads
INFO: [Vivado 12-3199] DRC finished with 0 Errors
INFO: [Vivado 12-3200] Please refer to the DRC report (report_drc) for more information.
Integrating Hard IP ELF/MEM with the PDI.
INFO: [Designutils 20-2272] Running write_bitstream with 8 threads.
Loading data files...
Loading site data...
Loading route data...
Processing options...
Creating bitmap...
Creating bitstream...
Writing bitstream ./ArchReg.bit...
INFO: [Vivado 12-1842] Bitgen Completed Successfully.
INFO: [Common 17-83] Releasing license: Implementation
95 Infos, 2 Warnings, 0 Critical Warnings and 0 Errors encountered.
write_bitstream completed successfully
write_bitstream: Time (s): cpu = 00:00:12 ; elapsed = 00:00:15 . Memory (MB): peak = 3103.629 ; gain = 184.680 ; free physical = 613 ; free virtual = 26387
INFO: [Common 17-206] Exiting Vivado at Sat May 23 19:18:43 2026...
